Archive member included to satisfy reference by file (symbol)

d:/ahl-gec-ide(4.11)/gcc/bin/../lib/gcc/arm-none-eabi/7.2.1/thumb/v6-m\libgcc.a(_udivsi3.o)
                              ./obj/timer.o (__aeabi_uidiv)
d:/ahl-gec-ide(4.11)/gcc/bin/../lib/gcc/arm-none-eabi/7.2.1/thumb/v6-m\libgcc.a(_divsi3.o)
                              ./obj/printf.o (__aeabi_idiv)
d:/ahl-gec-ide(4.11)/gcc/bin/../lib/gcc/arm-none-eabi/7.2.1/thumb/v6-m\libgcc.a(_dvmd_tls.o)
                              d:/ahl-gec-ide(4.11)/gcc/bin/../lib/gcc/arm-none-eabi/7.2.1/thumb/v6-m\libgcc.a(_udivsi3.o) (__aeabi_idiv0)
d:/ahl-gec-ide(4.11)/gcc/bin/../lib/gcc/arm-none-eabi/7.2.1/thumb/v6-m\libgcc.a(_arm_cmpdf2.o)
                              ./obj/printf.o (__aeabi_dcmplt)
d:/ahl-gec-ide(4.11)/gcc/bin/../lib/gcc/arm-none-eabi/7.2.1/thumb/v6-m\libgcc.a(_arm_cmpsf2.o)
                              ./obj/timer.o (__aeabi_fcmple)
d:/ahl-gec-ide(4.11)/gcc/bin/../lib/gcc/arm-none-eabi/7.2.1/thumb/v6-m\libgcc.a(_aeabi_uldivmod.o)
                              ./obj/printf.o (__aeabi_uldivmod)
d:/ahl-gec-ide(4.11)/gcc/bin/../lib/gcc/arm-none-eabi/7.2.1/thumb/v6-m\libgcc.a(_fixunssfsi.o)
                              ./obj/timer.o (__aeabi_f2uiz)
d:/ahl-gec-ide(4.11)/gcc/bin/../lib/gcc/arm-none-eabi/7.2.1/thumb/v6-m\libgcc.a(_fixunsdfsi.o)
                              ./obj/printf.o (__aeabi_d2uiz)
d:/ahl-gec-ide(4.11)/gcc/bin/../lib/gcc/arm-none-eabi/7.2.1/thumb/v6-m\libgcc.a(_fixunsdfdi.o)
                              ./obj/printf.o (__aeabi_d2ulz)
d:/ahl-gec-ide(4.11)/gcc/bin/../lib/gcc/arm-none-eabi/7.2.1/thumb/v6-m\libgcc.a(_udivmoddi4.o)
                              d:/ahl-gec-ide(4.11)/gcc/bin/../lib/gcc/arm-none-eabi/7.2.1/thumb/v6-m\libgcc.a(_aeabi_uldivmod.o) (__udivmoddi4)
d:/ahl-gec-ide(4.11)/gcc/bin/../lib/gcc/arm-none-eabi/7.2.1/thumb/v6-m\libgcc.a(divsf3.o)
                              ./obj/pwm.o (__aeabi_fdiv)
d:/ahl-gec-ide(4.11)/gcc/bin/../lib/gcc/arm-none-eabi/7.2.1/thumb/v6-m\libgcc.a(eqsf2.o)
                              d:/ahl-gec-ide(4.11)/gcc/bin/../lib/gcc/arm-none-eabi/7.2.1/thumb/v6-m\libgcc.a(_arm_cmpsf2.o) (__eqsf2)
d:/ahl-gec-ide(4.11)/gcc/bin/../lib/gcc/arm-none-eabi/7.2.1/thumb/v6-m\libgcc.a(gesf2.o)
                              d:/ahl-gec-ide(4.11)/gcc/bin/../lib/gcc/arm-none-eabi/7.2.1/thumb/v6-m\libgcc.a(_arm_cmpsf2.o) (__gesf2)
d:/ahl-gec-ide(4.11)/gcc/bin/../lib/gcc/arm-none-eabi/7.2.1/thumb/v6-m\libgcc.a(lesf2.o)
                              d:/ahl-gec-ide(4.11)/gcc/bin/../lib/gcc/arm-none-eabi/7.2.1/thumb/v6-m\libgcc.a(_arm_cmpsf2.o) (__lesf2)
d:/ahl-gec-ide(4.11)/gcc/bin/../lib/gcc/arm-none-eabi/7.2.1/thumb/v6-m\libgcc.a(mulsf3.o)
                              ./obj/timer.o (__aeabi_fmul)
d:/ahl-gec-ide(4.11)/gcc/bin/../lib/gcc/arm-none-eabi/7.2.1/thumb/v6-m\libgcc.a(subsf3.o)
                              ./obj/timer.o (__aeabi_fsub)
d:/ahl-gec-ide(4.11)/gcc/bin/../lib/gcc/arm-none-eabi/7.2.1/thumb/v6-m\libgcc.a(fixsfsi.o)
                              d:/ahl-gec-ide(4.11)/gcc/bin/../lib/gcc/arm-none-eabi/7.2.1/thumb/v6-m\libgcc.a(_fixunssfsi.o) (__aeabi_f2iz)
d:/ahl-gec-ide(4.11)/gcc/bin/../lib/gcc/arm-none-eabi/7.2.1/thumb/v6-m\libgcc.a(floatsisf.o)
                              ./obj/pwm.o (__aeabi_i2f)
d:/ahl-gec-ide(4.11)/gcc/bin/../lib/gcc/arm-none-eabi/7.2.1/thumb/v6-m\libgcc.a(floatunsisf.o)
                              ./obj/timer.o (__aeabi_ui2f)
d:/ahl-gec-ide(4.11)/gcc/bin/../lib/gcc/arm-none-eabi/7.2.1/thumb/v6-m\libgcc.a(eqdf2.o)
                              d:/ahl-gec-ide(4.11)/gcc/bin/../lib/gcc/arm-none-eabi/7.2.1/thumb/v6-m\libgcc.a(_arm_cmpdf2.o) (__eqdf2)
d:/ahl-gec-ide(4.11)/gcc/bin/../lib/gcc/arm-none-eabi/7.2.1/thumb/v6-m\libgcc.a(gedf2.o)
                              d:/ahl-gec-ide(4.11)/gcc/bin/../lib/gcc/arm-none-eabi/7.2.1/thumb/v6-m\libgcc.a(_arm_cmpdf2.o) (__gedf2)
d:/ahl-gec-ide(4.11)/gcc/bin/../lib/gcc/arm-none-eabi/7.2.1/thumb/v6-m\libgcc.a(ledf2.o)
                              d:/ahl-gec-ide(4.11)/gcc/bin/../lib/gcc/arm-none-eabi/7.2.1/thumb/v6-m\libgcc.a(_arm_cmpdf2.o) (__ledf2)
d:/ahl-gec-ide(4.11)/gcc/bin/../lib/gcc/arm-none-eabi/7.2.1/thumb/v6-m\libgcc.a(muldf3.o)
                              ./obj/printf.o (__aeabi_dmul)
d:/ahl-gec-ide(4.11)/gcc/bin/../lib/gcc/arm-none-eabi/7.2.1/thumb/v6-m\libgcc.a(subdf3.o)
                              ./obj/printf.o (__aeabi_dsub)
d:/ahl-gec-ide(4.11)/gcc/bin/../lib/gcc/arm-none-eabi/7.2.1/thumb/v6-m\libgcc.a(fixdfsi.o)
                              d:/ahl-gec-ide(4.11)/gcc/bin/../lib/gcc/arm-none-eabi/7.2.1/thumb/v6-m\libgcc.a(_fixunsdfsi.o) (__aeabi_d2iz)
d:/ahl-gec-ide(4.11)/gcc/bin/../lib/gcc/arm-none-eabi/7.2.1/thumb/v6-m\libgcc.a(floatunsidf.o)
                              ./obj/printf.o (__aeabi_ui2d)
d:/ahl-gec-ide(4.11)/gcc/bin/../lib/gcc/arm-none-eabi/7.2.1/thumb/v6-m\libgcc.a(_clzsi2.o)
[...]
Memory Configuration

Name             Origin             Length             Attributes
m_interrupts     0x00006800         0x00000400         xr
m_flash_config   0x00006c00         0x00000010         xr
m_text           0x00006c10         0x00008ff0         xr
m_data           0x20000400         0x00001400         rw
*default*        0x00000000         0xffffffff

Linker script and memory map

LOAD d:/ahl-gec-ide(4.11)/gcc/bin/../lib/gcc/arm-none-eabi/7.2.1/thumb/v6-m/crti.o
LOAD d:/ahl-gec-ide(4.11)/gcc/bin/../lib/gcc/arm-none-eabi/7.2.1/thumb/v6-m/crtbegin.o
LOAD d:/ahl-gec-ide(4.11)/gcc/bin/../lib/gcc/arm-none-eabi/7.2.1/../../../../arm-none-eabi/lib/thumb/v6-m/crt0.o
LOAD ./obj/timer.o
LOAD ./obj/system_MKL36Z4.o
LOAD ./obj/main.o
LOAD ./obj/flash.o
LOAD ./obj/gpio.o
LOAD ./obj/wdog.o
LOAD ./obj/pwm.o
LOAD ./obj/gec.o
LOAD ./obj/uart.o
LOAD ./obj/isr.o
LOAD ./obj/printf.o
LOAD ./obj/incapture.o
LOAD ./obj/startup_MKL36Z4.o
LOAD d:/ahl-gec-ide(4.11)/gcc/bin/../lib/gcc/arm-none-eabi/7.2.1/../../../../arm-none-eabi/lib/thumb/v6-m\libstdc++_nano.a
LOAD d:/ahl-gec-ide(4.11)/gcc/bin/../lib/gcc/arm-none-eabi/7.2.1/../../../../arm-none-eabi/lib/thumb/v6-m\libm.a
START GROUP
LOAD d:/ahl-gec-ide(4.11)/gcc/bin/../lib/gcc/arm-none-eabi/7.2.1/thumb/v6-m\libgcc.a
LOAD d:/ahl-gec-ide(4.11)/gcc/bin/../lib/gcc/arm-none-eabi/7.2.1/../../../../arm-none-eabi/lib/thumb/v6-m\libg_nano.a
LOAD d:/ahl-gec-ide(4.11)/gcc/bin/../lib/gcc/arm-none-eabi/7.2.1/../../../../arm-none-eabi/lib/thumb/v6-m\libc_nano.a
END GROUP
START GROUP
LOAD d:/ahl-gec-ide(4.11)/gcc/bin/../lib/gcc/arm-none-eabi/7.2.1/thumb/v6-m\libgcc.a
LOAD d:/ahl-gec-ide(4.11)/gcc/bin/../lib/gcc/arm-none-eabi/7.2.1/../../../../arm-none-eabi/lib/thumb/v6-m\libc_nano.a
LOAD d:/ahl-gec-ide(4.11)/gcc/bin/../lib/gcc/arm-none-eabi/7.2.1/../../../../arm-none-eabi/lib/thumb/v6-m\libnosys.a
END GROUP
START GROUP
LOAD d:/ahl-gec-ide(4.11)/gcc/bin/../lib/gcc/arm-none-eabi/7.2.1/thumb/v6-m\libgcc.a
LOAD d:/ahl-gec-ide(4.11)/gcc/bin/../lib/gcc/arm-none-eabi/7.2.1/../../../../arm-none-eabi/lib/thumb/v6-m\libc_nano.a
LOAD d:/ahl-gec-ide(4.11)/gcc/bin/../lib/gcc/arm-none-eabi/7.2.1/../../../../arm-none-eabi/lib/thumb/v6-m\libnosys.a
END GROUP
LOAD d:/ahl-gec-ide(4.11)/gcc/bin/../lib/gcc/arm-none-eabi/7.2.1/thumb/v6-m/crtend.o
LOAD d:/ahl-gec-ide(4.11)/gcc/bin/../lib/gcc/arm-none-eabi/7.2.1/thumb/v6-m/crtn.o
                0x00000200                HEAP_SIZE = DEFINED (__heap_size__)?__heap_size__:0x200
                0x00000100                STACK_SIZE = DEFINED (__stack_size__)?__stack_size__:0x100
                0x00000400                MCU_SECTORSIZE = 0x400
                0x00000000                MCU_FLASH_ADDR_START = 0x0
                0x0000001a                GEC_USER_SECTOR_START = 0x1a
                0x0000003e                GEC_USER_SECTOR_END = 0x3e
                0x20000400                GEC_USER_RAM_START = 0x20000400
                0x200017ff                GEC_USER_RAM_END = 0x200017ff

.interrupts     0x00006800       0xc0
                0x00006800                __VECTOR_TABLE = .
                0x00006800                . = ALIGN (0x4)
 *(.isr_vector)
 .isr_vector    0x00006800       0xc0 ./obj/startup_MKL36Z4.o
                0x00006800                __isr_vector
                0x000068c0                . = ALIGN (0x4)

.flash_config   0x00006c00       0x10
                0x00006c00                . = ALIGN (0x4)
 *(.FlashConfig)
 .FlashConfig   0x00006c00       0x10 ./obj/startup_MKL36Z4.o
                0x00006c10                . = ALIGN (0x4)

.text           0x00006c10     0x3ce8
                0x00006c10                . = ALIGN (0x4)
 *(.text)
 .text          0x00006c10       0x48 d:/ahl-gec-ide(4.11)/gcc/bin/../lib/gcc/arm-none-eabi/7.2.1/thumb/v6-m/crtbegin.o
 .text          0x00006c58       0x50 ./obj/startup_MKL36Z4.o
                0x00006c58                Reset_Handler
                0x00006ca0                HardFault_Handler
                0x00006ca0                SysTick_Handler
                0x00006ca0                PendSV_Handler
                0x00006ca0                NMI_Handler
                0x00006ca0                PORTC_PORTD_IRQHandler
                0x00006ca0                I2C1_IRQHandler
                0x00006ca0                UART1_IRQHandler
                0x00006ca0                DMA2_IRQHandler
                0x00006ca0                I2S0_IRQHandler
                0x00006ca0                LLWU_IRQHandler
                0x00006ca0                TSI0_IRQHandler
                0x00006ca0                ADC0_IRQHandler
                0x00006ca0                SPI1_IRQHandler
                0x00006ca0                DefaultISR
                0x00006ca0                TPM2_IRQHandler
                0x00006ca0                RTC_IRQHandler
                0x00006ca0                I2C0_IRQHandler
                0x00006ca0                LCD_IRQHandler
                0x00006ca0                RTC_Seconds_IRQHandler
                0x00006ca0                MCG_IRQHandler
                0x00006ca0                UART2_IRQHandler
                0x00006ca0                Reserved20_IRQHandler
                0x00006ca0                PIT_IRQHandler
                0x00006ca0                SVC_Handler
                0x00006ca0                DMA3_IRQHandler
                0x00006ca0                DMA0_IRQHandler
                0x00006ca0                DAC0_IRQHandler
                0x00006ca0                LVD_LVW_IRQHandler
                0x00006ca0                SPI0_IRQHandler
                0x00006ca0                PORTA_IRQHandler
                0x00006ca0                FTFA_IRQHandler
                0x00006ca0                Reserved40_IRQHandler
                0x00006ca0                LPTMR0_IRQHandler
                0x00006ca0                CMP0_IRQHandler
                0x00006ca0                DMA1_IRQHandler
 .text          0x00006ca8      0x114 d:/ahl-gec-ide(4.11)/gcc/bin/../lib/gcc/arm-none-eabi/7.2.1/thumb/v6-m\libgcc.a(_udivsi3.o)
                0x00006ca8                __aeabi_uidiv
                0x00006ca8                __udivsi3
                0x00006db4                __aeabi_uidivmod
 .text          0x00006dbc      0x1d4 d:/ahl-gec-ide(4.11)/gcc/bin/../lib/gcc/arm-none-eabi/7.2.1/thumb/v6-m\libgcc.a(_divsi3.o)
                0x00006dbc                __divsi3
                0x00006dbc                __aeabi_idiv
                0x00006f88                __aeabi_idivmod
 .text          0x00006f90        0x4 d:/ahl-gec-ide(4.11)/gcc/bin/../lib/gcc/arm-none-eabi/7.2.1/thumb/v6-m\libgcc.a(_dvmd_tls.o)
                0x00006f90                __aeabi_idiv0
                0x00006f90                __aeabi_ldiv0
 .text          0x00006f94       0x7c d:/ahl-gec-ide(4.11)/gcc/bin/../lib/gcc/arm-none-eabi/7.2.1/thumb/v6-m\libgcc.a(_arm_cmpdf2.o)
                0x00006f94                __aeabi_cdrcmple
                0x00006fa4                __aeabi_cdcmple
                0x00006fa4                __aeabi_cdcmpeq
                0x00006fb4                __aeabi_dcmpeq
                0x00006fc0                __aeabi_dcmplt
                0x00006fd4                __aeabi_dcmple
                0x00006fe8                __aeabi_dcmpgt
                0x00006ffc                __aeabi_dcmpge
 .text          0x00007010       0x74 d:/ahl-gec-ide(4.11)/gcc/bin/../lib/gcc/arm-none-eabi/7.2.1/thumb/v6-m\libgcc.a(_arm_cmpsf2.o)
                0x00007010                __aeabi_cfrcmple
                0x00007018                __aeabi_cfcmpeq
                0x00007018                __aeabi_cfcmple
                0x00007028                __aeabi_fcmpeq
                0x00007034                __aeabi_fcmplt
                0x00007048                __aeabi_fcmple
                0x0000705c                __aeabi_fcmpgt
                0x00007070                __aeabi_fcmpge
 .text          0x00007084       0x40 d:/ahl-gec-ide(4.11)/gcc/bin/../lib/gcc/arm-none-eabi/7.2.1/thumb/v6-m\libgcc.a(_aeabi_uldivmod.o)
                0x00007084                __aeabi_uldivmod
 .text          0x000070c4       0x30 d:/ahl-gec-ide(4.11)/gcc/bin/../lib/gcc/arm-none-eabi/7.2.1/thumb/v6-m\libgcc.a(_fixunssfsi.o)
                0x000070c4                __fixunssfsi
                0x000070c4                __aeabi_f2uiz
 .text          0x000070f4       0x3c d:/ahl-gec-ide(4.11)/gcc/bin/../lib/gcc/arm-none-eabi/7.2.1/thumb/v6-m\libgcc.a(_fixunsdfsi.o)
                0x000070f4                __aeabi_d2uiz
                0x000070f4                __fixunsdfsi
 .text          0x00007130       0x3c d:/ahl-gec-ide(4.11)/gcc/bin/../lib/gcc/arm-none-eabi/7.2.1/thumb/v6-m\libgcc.a(_fixunsdfdi.o)
                0x00007130                __fixunsdfdi
                0x00007130                __aeabi_d2ulz
 .text          0x0000716c      0x184 d:/ahl-gec-ide(4.11)/gcc/bin/../lib/gcc/arm-none-eabi/7.2.1/thumb/v6-m\libgcc.a(_udivmoddi4.o)
                0x0000716c                __udivmoddi4
 .text          0x000072f0      0x224 d:/ahl-gec-ide(4.11)/gcc/bin/../lib/gcc/arm-none-eabi/7.2.1/thumb/v6-m\libgcc.a(divsf3.o)
                0x000072f0                __aeabi_fdiv
 .text          0x00007514       0x50 d:/ahl-gec-ide(4.11)/gcc/bin/../lib/gcc/arm-none-eabi/7.2.1/thumb/v6-m\libgcc.a(eqsf2.o)
                0x00007514                __eqsf2
                0x00007514                __nesf2
 .text          0x00007564       0x9c d:/ahl-gec-ide(4.11)/gcc/bin/../lib/gcc/arm-none-eabi/7.2.1/thumb/v6-m\libgcc.a(gesf2.o)
                0x00007564                __gesf2
                0x00007564                __gtsf2
 .text          0x00007600       0xa0 d:/ahl-gec-ide(4.11)/gcc/bin/../lib/gcc/arm-none-eabi/7.2.1/thumb/v6-m\libgcc.a(lesf2.o)
                0x00007600                __ltsf2
                0x00007600                __lesf2
 .text          0x000076a0      0x264 d:/ahl-gec-ide(4.11)/gcc/bin/../lib/gcc/arm-none-eabi/7.2.1/thumb/v6-m\libgcc.a(mulsf3.o)
                0x000076a0                __aeabi_fmul
 .text          0x00007904      0x388 d:/ahl-gec-ide(4.11)/gcc/bin/../lib/gcc/arm-none-eabi/7.2.1/thumb/v6-m\libgcc.a(subsf3.o)
                0x00007904                __aeabi_fsub
 .text          0x00007c8c       0x40 d:/ahl-gec-ide(4.11)/gcc/bin/../lib/gcc/arm-none-eabi/7.2.1/thumb/v6-m\libgcc.a(fixsfsi.o)
                0x00007c8c                __aeabi_f2iz
 .text          0x00007ccc       0x94 d:/ahl-gec-ide(4.11)/gcc/bin/../lib/gcc/arm-none-eabi/7.2.1/thumb/v6-m\libgcc.a(floatsisf.o)
                0x00007ccc                __aeabi_i2f
 .text          0x00007d60       0x80 d:/ahl-gec-ide(4.11)/gcc/bin/../lib/gcc/arm-none-eabi/7.2.1/thumb/v6-m\libgcc.a(floatunsisf.o)
                0x00007d60                __aeabi_ui2f
 .text          0x00007de0       0x78 d:/ahl-gec-ide(4.11)/gcc/bin/../lib/gcc/arm-none-eabi/7.2.1/thumb/v6-m\libgcc.a(eqdf2.o)
                0x00007de0                __nedf2
                0x00007de0                __eqdf2
 .text          0x00007e58       0xc8 d:/ahl-gec-ide(4.11)/gcc/bin/../lib/gcc/arm-none-eabi/7.2.1/thumb/v6-m\libgcc.a(gedf2.o)
                0x00007e58                __gedf2
                0x00007e58                __gtdf2
 .text          0x00007f20       0xd0 d:/ahl-gec-ide(4.11)/gcc/bin/../lib/gcc/arm-none-eabi/7.2.1/thumb/v6-m\libgcc.a(ledf2.o)
                0x00007f20                __ledf2
                0x00007f20                __ltdf2
 .text          0x00007ff0      0x4e4 d:/ahl-gec-ide(4.11)/gcc/bin/../lib/gcc/arm-none-eabi/7.2.1/thumb/v6-m\libgcc.a(muldf3.o)
                0x00007ff0                __aeabi_dmul
 .text          0x000084d4      0x690 d:/ahl-gec-ide(4.11)/gcc/bin/../lib/gcc/arm-none-eabi/7.2.1/thumb/v6-m\libgcc.a(subdf3.o)
                0x000084d4                __aeabi_dsub
 .text          0x00008b64       0x6c d:/ahl-gec-ide(4.11)/gcc/bin/../lib/gcc/arm-none-eabi/7.2.1/thumb/v6-m\libgcc.a(fixdfsi.o)
                0x00008b64                __aeabi_d2iz
 .text          0x00008bd0       0x64 d:/ahl-gec-ide(4.11)/gcc/bin/../lib/gcc/arm-none-eabi/7.2.1/thumb/v6-m\libgcc.a(floatunsidf.o)
                0x00008bd0                __aeabi_ui2d
 .text          0x00008c34       0x3c d:/ahl-gec-ide(4.11)/gcc/bin/../lib/gcc/arm-none-eabi/7.2.1/thumb/v6-m\libgcc.a(_clzsi2.o)
                0x00008c34                __clzsi2
 .text          0x00008c70       0x18 d:/ahl-gec-ide(4.11)/gcc/bin/../lib/gcc/arm-none-eabi/7.2.1/thumb/v6-m\libgcc.a(_clzdi2.o)
                0x00008c70                __clzdi2
 .text          0x00008c88        0xe d:/ahl-gec-ide(4.11)/gcc/bin/../lib/gcc/arm-none-eabi/7.2.1/../../../../arm-none-eabi/lib/thumb/v6-m\libg_nano.a(lib_a-strlen.o)
                0x00008c88                strlen
 *(.text*)
 *fill*         0x00008c96        0x2 
 .text.lptmr_init
                0x00008c98       0x3c ./obj/timer.o
                0x00008c98                lptmr_init
 .text.lptmr_enable_int
                0x00008cd4       0x1c ./obj/timer.o
                0x00008cd4                lptmr_enable_int
 .text.tpm_timer_init
                0x00008cf0       0xcc ./obj/timer.o
                0x00008cf0                tpm_timer_init
 .text.timer_init
                0x00008dbc       0x30 ./obj/timer.o
                0x00008dbc                timer_init
 .text.tpm_enable_int
                0x00008dec       0x20 ./obj/timer.o
                0x00008dec                tpm_enable_int
 .text.timer_enable_int
                0x00008e0c       0x1c ./obj/timer.o
                0x00008e0c                timer_enable_int
 .text.tpm_get_int
                0x00008e28       0x18 ./obj/timer.o
                0x00008e28                tpm_get_int
 .text.timer_get_int
                0x00008e40       0x28 ./obj/timer.o
                0x00008e40                timer_get_int
 .text.tpm_clear_int
                0x00008e68       0x14 ./obj/timer.o
                0x00008e68                tpm_clear_int
 .text.timer_clear_int
                0x00008e7c       0x24 ./obj/timer.o
                0x00008e7c                timer_clear_int
 .text.SystemInit
                0x00008ea0       0xc4 ./obj/system_MKL36Z4.o
                0x00008ea0                SystemInit
 .text.main     0x00008f64       0xf4 ./obj/main.o
                0x00008f64                main
 .text.flash_read_physical
                0x00009058        0x8 ./obj/flash.o
                0x00009058                flash_read_physical
 .text.flash_isempty
                0x00009060       0x1e ./obj/flash.o
                0x00009060                flash_isempty
 *fill*         0x0000907e        0x2 
 .text.flash_cmd_launch
                0x00009080       0x44 ./obj/flash.o
                0x00009080                flash_cmd_launch
 .text.flash_erase
                0x000090c4       0x68 ./obj/flash.o
                0x000090c4                flash_erase
 .text.flash_write_physical
                0x0000912c       0x54 ./obj/flash.o
                0x0000912c                flash_write_physical
 .text.gpio_get_port_pin
                0x00009180        0x8 ./obj/gpio.o
                0x00009180                gpio_get_port_pin
 .text.gpio_set
                0x00009188       0x44 ./obj/gpio.o
                0x00009188                gpio_set
 .text.gpio_init
                0x000091cc       0x78 ./obj/gpio.o
                0x000091cc                gpio_init
 .text.wdog_stop
                0x00009244       0x14 ./obj/wdog.o
                0x00009244                wdog_stop
 .text.tpm_mux_val
                0x00009258       0xa0 ./obj/pwm.o
 .text.tpm_timer_init1
                0x000092f8       0x9c ./obj/pwm.o
 .text.pwm_init
                0x00009394      0x250 ./obj/pwm.o
                0x00009394                pwm_init
 .text.pwm_update
                0x000095e4       0x5c ./obj/pwm.o
                0x000095e4                pwm_update
 .text.Vectors_Init
                0x00009640       0x8c ./obj/gec.o
                0x00009640                Vectors_Init
 .text.uart_is_uartNo
                0x000096cc        0xc ./obj/uart.o
                0x000096cc                uart_is_uartNo
 .text.uart_init
                0x000096d8      0x148 ./obj/uart.o
                0x000096d8                uart_init
 .text.uart_send1
                0x00009820       0x5c ./obj/uart.o
                0x00009820                uart_send1
 .text.uart_send_string
                0x0000987c       0x2a ./obj/uart.o
                0x0000987c                uart_send_string
 *fill*         0x000098a6        0x2 
 .text.uart_re1
                0x000098a8       0x68 ./obj/uart.o
                0x000098a8                uart_re1
 .text.uart_enable_re_int
                0x00009910       0x50 ./obj/uart.o
                0x00009910                uart_enable_re_int
 .text.UART0_IRQHandler
                0x00009960       0x44 ./obj/isr.o
                0x00009960                UART0_IRQHandler
 .text.TPM0_IRQHandler
                0x000099a4       0x34 ./obj/isr.o
                0x000099a4                TPM0_IRQHandler
 .text.SecAdd1  0x000099d8       0x32 ./obj/isr.o
                0x000099d8                SecAdd1
 *fill*         0x00009a0a        0x2 
 .text.TPM1_IRQHandler
                0x00009a0c       0x3c ./obj/isr.o
                0x00009a0c                TPM1_IRQHandler
 .text.printk_putc
                0x00009a48       0x2a ./obj/printf.o
 .text.printk_mknumstr
                0x00009a72       0x84 ./obj/printf.o
 .text.printk_pad_zero
                0x00009af6       0x1e ./obj/printf.o
 .text.printk_pad_space
                0x00009b14       0x1e ./obj/printf.o
 .text.out_char
                0x00009b32        0xc ./obj/printf.o
                0x00009b32                out_char
 *fill*         0x00009b3e        0x2 
 .text.printk_mkfloatstr
                0x00009b40      0x188 ./obj/printf.o
                0x00009b40                printk_mkfloatstr
 .text.printk   0x00009cc8      0x560 ./obj/printf.o
                0x00009cc8                printk
 .text.myprintf
                0x0000a228       0x24 ./obj/printf.o
                0x0000a228                myprintf
 .text.tpm_mux_val
                0x0000a24c       0xa0 ./obj/incapture.o
 .text.tpm_timer_init2
                0x0000a2ec       0x7c ./obj/incapture.o
 .text.incapture_init
                0x0000a368       0xe4 ./obj/incapture.o
                0x0000a368                incapture_init
 .text.get_incapture_value
                0x0000a44c       0x30 ./obj/incapture.o
                0x0000a44c                get_incapture_value
 .text.cap_clear_flag
                0x0000a47c       0x34 ./obj/incapture.o
                0x0000a47c                cap_clear_flag
 .text.cap_get_flag
                0x0000a4b0       0x34 ./obj/incapture.o
                0x0000a4b0                cap_get_flag
 .text.cap_enable_int
                0x0000a4e4       0x30 ./obj/incapture.o
                0x0000a4e4                cap_enable_int
 .text.memcpy   0x0000a514       0x12 d:/ahl-gec-ide(4.11)/gcc/bin/../lib/gcc/arm-none-eabi/7.2.1/../../../../arm-none-eabi/lib/thumb/v6-m\libg_nano.a(lib_a-memcpy-stub.o)
                0x0000a514                memcpy
 .text.memset   0x0000a526       0x10 d:/ahl-gec-ide(4.11)/gcc/bin/../lib/gcc/arm-none-eabi/7.2.1/../../../../arm-none-eabi/lib/thumb/v6-m\libg_nano.a(lib_a-memset.o)
                0x0000a526                memset
 *(.rodata)
 *fill*         0x0000a536        0x2 
 .rodata        0x0000a538       0x80 d:/ahl-gec-ide(4.11)/gcc/bin/../lib/gcc/arm-none-eabi/7.2.1/thumb/v6-m\libgcc.a(divsf3.o)
 .rodata        0x0000a5b8       0x40 d:/ahl-gec-ide(4.11)/gcc/bin/../lib/gcc/arm-none-eabi/7.2.1/thumb/v6-m\libgcc.a(mulsf3.o)
 .rodata        0x0000a5f8       0x40 d:/ahl-gec-ide(4.11)/gcc/bin/../lib/gcc/arm-none-eabi/7.2.1/thumb/v6-m\libgcc.a(muldf3.o)
 *(.rodata*)
 .rodata.main.str1.4
                0x0000a638      0x113 ./obj/main.o
 *fill*         0x0000a74b        0x1 
 .rodata.GPIO_ARR
                0x0000a74c       0x14 ./obj/gpio.o
                0x0000a74c                GPIO_ARR
 .rodata.PORT_ARR
                0x0000a760       0x14 ./obj/gpio.o
                0x0000a760                PORT_ARR
 .rodata.PORT_ARR
                0x0000a774       0x14 ./obj/pwm.o
 .rodata.Vectors_Init.str1.4
                0x0000a788       0x48 ./obj/gec.o
 .rodata.UART_ARR
                0x0000a7d0        0x8 ./obj/uart.o
                0x0000a7d0                UART_ARR
 .rodata.TPM0_IRQHandler.str1.4
                0x0000a7d8        0xf ./obj/isr.o
 *fill*         0x0000a7e7        0x1 
 .rodata.UART0_IRQHandler.str1.4
                0x0000a7e8        0xc ./obj/isr.o
                                  0x9 (size before relaxing)
 .rodata.printk
                0x0000a7f4       0xc8 ./obj/printf.o
 .rodata.PORT_ARR
                0x0000a8bc       0x14 ./obj/incapture.o
 .rodata.TPM_ARR
                0x0000a8d0        0xc ./obj/incapture.o
 .rodata.TPM_IRQ
                0x0000a8dc        0x3 ./obj/incapture.o
 *(.glue_7)
 .glue_7        0x0000a8df        0x0 linker stubs
 *(.glue_7t)
 .glue_7t       0x0000a8df        0x0 linker stubs
 *(.eh_frame)
 *fill*         0x0000a8df        0x1 
 .eh_frame      0x0000a8e0        0x0 d:/ahl-gec-ide(4.11)/gcc/bin/../lib/gcc/arm-none-eabi/7.2.1/thumb/v6-m/crtbegin.o
 *(.init)
 .init          0x0000a8e0        0x4 d:/ahl-gec-ide(4.11)/gcc/bin/../lib/gcc/arm-none-eabi/7.2.1/thumb/v6-m/crti.o
                0x0000a8e0                _init
 .init          0x0000a8e4        0x8 d:/ahl-gec-ide(4.11)/gcc/bin/../lib/gcc/arm-none-eabi/7.2.1/thumb/v6-m/crtn.o
 *(.fini)
 .fini          0x0000a8ec        0x4 d:/ahl-gec-ide(4.11)/gcc/bin/../lib/gcc/arm-none-eabi/7.2.1/thumb/v6-m/crti.o
                0x0000a8ec                _fini
 .fini          0x0000a8f0        0x8 d:/ahl-gec-ide(4.11)/gcc/bin/../lib/gcc/arm-none-eabi/7.2.1/thumb/v6-m/crtn.o
                0x0000a8f8                . = ALIGN (0x4)

.vfp11_veneer   0x0000a8f8        0x0
 .vfp11_veneer  0x0000a8f8        0x0 linker stubs

.v4_bx          0x0000a8f8        0x0
 .v4_bx         0x0000a8f8        0x0 linker stubs

.iplt           0x0000a8f8        0x0
 .iplt          0x0000a8f8        0x0 d:/ahl-gec-ide(4.11)/gcc/bin/../lib/gcc/arm-none-eabi/7.2.1/thumb/v6-m/crtbegin.o

.ARM.extab
 *(.ARM.extab* .gnu.linkonce.armextab.*)

.ARM            0x0000a8f8        0x8
                0x0000a8f8                __exidx_start = .
 *(.ARM.exidx*)
 .ARM.exidx     0x0000a8f8        0x8 d:/ahl-gec-ide(4.11)/gcc/bin/../lib/gcc/arm-none-eabi/7.2.1/thumb/v6-m\libgcc.a(_udivmoddi4.o)
                0x0000a900                __exidx_end = .

.rel.dyn        0x0000a900        0x0
 .rel.iplt      0x0000a900        0x0 d:/ahl-gec-ide(4.11)/gcc/bin/../lib/gcc/arm-none-eabi/7.2.1/thumb/v6-m/crtbegin.o

.ctors          0x0000a900        0x0
                0x0000a900                __CTOR_LIST__ = .
 *crtbegin.o(.ctors)
 *crtbegin?.o(.ctors)
 *(EXCLUDE_FILE(*crtend.o *crtend?.o) .ctors)
 *(SORT_BY_NAME(.ctors.*))
 *(.ctors)
                0x0000a900                __CTOR_END__ = .

.dtors          0x0000a900        0x0
                0x0000a900                __DTOR_LIST__ = .
 *crtbegin.o(.dtors)
 *crtbegin?.o(.dtors)
 *(EXCLUDE_FILE(*crtend.o *crtend?.o) .dtors)
 *(SORT_BY_NAME(.dtors.*))
 *(.dtors)
                0x0000a900                __DTOR_END__ = .

.preinit_array  0x0000a900        0x0
                0x0000a900                PROVIDE (__preinit_array_start, .)
 *(.preinit_array*)
                0x0000a900                PROVIDE (__preinit_array_end, .)

.init_array     0x0000a900        0x4
                0x0000a900                PROVIDE (__init_array_start, .)
 *(SORT_BY_NAME(.init_array.*))
 *(.init_array*)
 .init_array    0x0000a900        0x4 d:/ahl-gec-ide(4.11)/gcc/bin/../lib/gcc/arm-none-eabi/7.2.1/thumb/v6-m/crtbegin.o
                0x0000a904                PROVIDE (__init_array_end, .)

.fini_array     0x0000a904        0x4
                [!provide]                PROVIDE (__fini_array_start, .)
 *(SORT_BY_NAME(.fini_array.*))
 *(.fini_array*)
 .fini_array    0x0000a904        0x4 d:/ahl-gec-ide(4.11)/gcc/bin/../lib/gcc/arm-none-eabi/7.2.1/thumb/v6-m/crtbegin.o
                [!provide]                PROVIDE (__fini_array_end, .)
                0x0000a908                __etext = .
                0x0000a908                __DATA_ROM = .

.mtb            0x20000400        0x0
                0x20000400                . = ALIGN (0x8)
                0x20000400                _mtb_start = .
 *(.mtb_buf)
                0x20000400                . = ALIGN (0x8)
                0x20000400                _mtb_end = .

.data           0x20000400       0x24 load address 0x0000a908
                0x20000400                . = ALIGN (0x4)
                0x20000400                __DATA_RAM = .
                0x20000400                __data_start__ = .
 *(.data)
 *(.data*)
 .data.TPM_ARR  0x20000400        0xc ./obj/timer.o
                0x20000400                TPM_ARR
 .data.TPM_IRQ  0x2000040c        0x3 ./obj/timer.o
                0x2000040c                TPM_IRQ
 *fill*         0x2000040f        0x1 
 .data.SystemCoreClock
                0x20000410        0x4 ./obj/system_MKL36Z4.o
                0x20000410                SystemCoreClock
 .data.PWM_ARR  0x20000414        0xc ./obj/pwm.o
                0x20000414                PWM_ARR
 .data.table_irq_uart
                0x20000420        0x3 ./obj/uart.o
                0x20000420                table_irq_uart
 *(.jcr*)
                0x20000424                . = ALIGN (0x4)
 *fill*         0x20000423        0x1 
                0x20000424                __data_end__ = .
                0x0000a92c                __DATA_END = (__DATA_ROM + (__data_end__ - __data_start__))

.igot.plt       0x20000424        0x0 load address 0x0000a92c
 .igot.plt      0x20000424        0x0 d:/ahl-gec-ide(4.11)/gcc/bin/../lib/gcc/arm-none-eabi/7.2.1/thumb/v6-m/crtbegin.o

.bss            0x20000424       0x28 load address 0x0000a92c
                0x20000424                . = ALIGN (0x4)
                0x20000424                __START_BSS = .
                0x20000424                __bss_start__ = .
 *(.bss)
 .bss           0x20000424       0x1c d:/ahl-gec-ide(4.11)/gcc/bin/../lib/gcc/arm-none-eabi/7.2.1/thumb/v6-m/crtbegin.o
 *(.bss*)
 .bss.TimerCount.5126
                0x20000440        0x1 ./obj/isr.o
 *(COMMON)
 *fill*         0x20000441        0x3 
 COMMON         0x20000444        0x8 ./obj/main.o
                0x20000444                gTime
                0x20000447                level
                0x20000448                component_fun
                0x2000044c                . = ALIGN (0x4)
                0x2000044c                __bss_end__ = .
                0x2000044c                __END_BSS = .

.heap           0x2000044c      0x204 load address 0x0000a954
                0x20000450                . = ALIGN (0x8)
 *fill*         0x2000044c        0x4 
                0x20000450                __end__ = .
                [!provide]                PROVIDE (end, .)
                0x20000450                __HeapBase = .
                0x20000650                . = (. + HEAP_SIZE)
 *fill*         0x20000450      0x200 
                0x20000650                __HeapLimit = .

.stack          0x20000650      0x100 load address 0x0000ab58
                0x20000650                . = ALIGN (0x8)
                0x20000750                . = (. + STACK_SIZE)
 *fill*         0x20000650      0x100 
                0x20001800                __StackTop = (ORIGIN (m_data) + LENGTH (m_data))
                0x20001700                __StackLimit = (__StackTop - STACK_SIZE)
                0x20001800                PROVIDE (__stack, __StackTop)

.ARM.attributes
                0x00000000       0x28
 *(.ARM.attributes)
 .ARM.attributes
                0x00000000       0x1e d:/ahl-gec-ide(4.11)/gcc/bin/../lib/gcc/arm-none-eabi/7.2.1/thumb/v6-m/crti.o
 .ARM.attributes
                0x0000001e       0x2c d:/ahl-gec-ide(4.11)/gcc/bin/../lib/gcc/arm-none-eabi/7.2.1/thumb/v6-m/crtbegin.o
 .ARM.attributes
                0x0000004a       0x32 ./obj/timer.o
 .ARM.attributes
                0x0000007c       0x32 ./obj/system_MKL36Z4.o
 .ARM.attributes
                0x000000ae       0x32 ./obj/main.o
 .ARM.attributes
                0x000000e0       0x32 ./obj/flash.o
 .ARM.attributes
                0x00000112       0x32 ./obj/gpio.o
 .ARM.attributes
                0x00000144       0x32 ./obj/wdog.o
 .ARM.attributes
                0x00000176       0x32 ./obj/pwm.o
 .ARM.attributes
                0x000001a8       0x32 ./obj/gec.o
 .ARM.attributes
                0x000001da       0x32 ./obj/uart.o
 .ARM.attributes
                0x0000020c       0x32 ./obj/isr.o
 .ARM.attributes
                0x0000023e       0x32 ./obj/printf.o
 .ARM.attributes
                0x00000270       0x32 ./obj/incapture.o
 .ARM.attributes
                0x000002a2       0x1b ./obj/startup_MKL36Z4.o
 .ARM.attributes
                0x000002bd       0x1e d:/ahl-gec-ide(4.11)/gcc/bin/../lib/gcc/arm-none-eabi/7.2.1/thumb/v6-m\libgcc.a(_udivsi3.o)
 .ARM.attributes
                0x000002db       0x1e d:/ahl-gec-ide(4.11)/gcc/bin/../lib/gcc/arm-none-eabi/7.2.1/thumb/v6-m\libgcc.a(_divsi3.o)
 .ARM.attributes
                0x000002f9       0x1e d:/ahl-gec-ide(4.11)/gcc/bin/../lib/gcc/arm-none-eabi/7.2.1/thumb/v6-m\libgcc.a(_dvmd_tls.o)
 .ARM.attributes
                0x00000317       0x1e d:/ahl-gec-ide(4.11)/gcc/bin/../lib/gcc/arm-none-eabi/7.2.1/thumb/v6-m\libgcc.a(_arm_cmpdf2.o)
 .ARM.attributes
                0x00000335       0x1e d:/ahl-gec-ide(4.11)/gcc/bin/../lib/gcc/arm-none-eabi/7.2.1/thumb/v6-m\libgcc.a(_arm_cmpsf2.o)
 .ARM.attributes
                0x00000353       0x1e d:/ahl-gec-ide(4.11)/gcc/bin/../lib/gcc/arm-none-eabi/7.2.1/thumb/v6-m\libgcc.a(_aeabi_uldivmod.o)
 .ARM.attributes
                0x00000371       0x2c d:/ahl-gec-ide(4.11)/gcc/bin/../lib/gcc/arm-none-eabi/7.2.1/thumb/v6-m\libgcc.a(_fixunssfsi.o)
 .ARM.attributes
                0x0000039d       0x2c d:/ahl-gec-ide(4.11)/gcc/bin/../lib/gcc/arm-none-eabi/7.2.1/thumb/v6-m\libgcc.a(_fixunsdfsi.o)
 .ARM.attributes
                0x000003c9       0x2c d:/ahl-gec-ide(4.11)/gcc/bin/../lib/gcc/arm-none-eabi/7.2.1/thumb/v6-m\libgcc.a(_fixunsdfdi.o)
 .ARM.attributes
                0x000003f5       0x2c d:/ahl-gec-ide(4.11)/gcc/bin/../lib/gcc/arm-none-eabi/7.2.1/thumb/v6-m\libgcc.a(_udivmoddi4.o)
 .ARM.attributes
                0x00000421       0x2c d:/ahl-gec-ide(4.11)/gcc/bin/../lib/gcc/arm-none-eabi/7.2.1/thumb/v6-m\libgcc.a(divsf3.o)
 .ARM.attributes
                0x0000044d       0x2c d:/ahl-gec-ide(4.11)/gcc/bin/../lib/gcc/arm-none-eabi/7.2.1/thumb/v6-m\libgcc.a(eqsf2.o)
 .ARM.attributes
                0x00000479       0x2c d:/ahl-gec-ide(4.11)/gcc/bin/../lib/gcc/arm-none-eabi/7.2.1/thumb/v6-m\libgcc.a(gesf2.o)
 .ARM.attributes
                0x000004a5       0x2c d:/ahl-gec-ide(4.11)/gcc/bin/../lib/gcc/arm-none-eabi/7.2.1/thumb/v6-m\libgcc.a(lesf2.o)
 .ARM.attributes
                0x000004d1       0x2c d:/ahl-gec-ide(4.11)/gcc/bin/../lib/gcc/arm-none-eabi/7.2.1/thumb/v6-m\libgcc.a(mulsf3.o)
 .ARM.attributes
                0x000004fd       0x2c d:/ahl-gec-ide(4.11)/gcc/bin/../lib/gcc/arm-none-eabi/7.2.1/thumb/v6-m\libgcc.a(subsf3.o)
 .ARM.attributes
                0x00000529       0x2c d:/ahl-gec-ide(4.11)/gcc/bin/../lib/gcc/arm-none-eabi/7.2.1/thumb/v6-m\libgcc.a(fixsfsi.o)
 .ARM.attributes
                0x00000555       0x2c d:/ahl-gec-ide(4.11)/gcc/bin/../lib/gcc/arm-none-eabi/7.2.1/thumb/v6-m\libgcc.a(floatsisf.o)
 .ARM.attributes
                0x00000581       0x2c d:/ahl-gec-ide(4.11)/gcc/bin/../lib/gcc/arm-none-eabi/7.2.1/thumb/v6-m\libgcc.a(floatunsisf.o)
 .ARM.attributes
                0x000005ad       0x2c d:/ahl-gec-ide(4.11)/gcc/bin/../lib/gcc/arm-none-eabi/7.2.1/thumb/v6-m\libgcc.a(eqdf2.o)
 .ARM.attributes
                0x000005d9       0x2c d:/ahl-gec-ide(4.11)/gcc/bin/../lib/gcc/arm-none-eabi/7.2.1/thumb/v6-m\libgcc.a(gedf2.o)
 .ARM.attributes
                0x00000605       0x2c d:/ahl-gec-ide(4.11)/gcc/bin/../lib/gcc/arm-none-eabi/7.2.1/thumb/v6-m\libgcc.a(ledf2.o)
 .ARM.attributes
                0x00000631       0x2c d:/ahl-gec-ide(4.11)/gcc/bin/../lib/gcc/arm-none-eabi/7.2.1/thumb/v6-m\libgcc.a(muldf3.o)
 .ARM.attributes
                0x0000065d       0x2c d:/ahl-gec-ide(4.11)/gcc/bin/../lib/gcc/arm-none-eabi/7.2.1/thumb/v6-m\libgcc.a(subdf3.o)
 .ARM.attributes
                0x00000689       0x2c d:/ahl-gec-ide(4.11)/gcc/bin/../lib/gcc/arm-none-eabi/7.2.1/thumb/v6-m\libgcc.a(fixdfsi.o)
 .ARM.attributes
                0x000006b5       0x2c d:/ahl-gec-ide(4.11)/gcc/bin/../lib/gcc/arm-none-eabi/7.2.1/thumb/v6-m\libgcc.a(floatunsidf.o)
 .ARM.attributes
                0x000006e1       0x1e d:/ahl-gec-ide(4.11)/gcc/bin/../lib/gcc/arm-none-eabi/7.2.1/thumb/v6-m\libgcc.a(_clzsi2.o)
 .ARM.attributes
                0x000006ff       0x1e d:/ahl-gec-ide(4.11)/gcc/bin/../lib/gcc/arm-none-eabi/7.2.1/thumb/v6-m\libgcc.a(_clzdi2.o)
 .ARM.attributes
                0x0000071d       0x2c d:/ahl-gec-ide(4.11)/gcc/bin/../lib/gcc/arm-none-eabi/7.2.1/../../../../arm-none-eabi/lib/thumb/v6-m\libg_nano.a(lib_a-memcpy-stub.o)
 .ARM.attributes
                0x00000749       0x2c d:/ahl-gec-ide(4.11)/gcc/bin/../lib/gcc/arm-none-eabi/7.2.1/../../../../arm-none-eabi/lib/thumb/v6-m\libg_nano.a(lib_a-memset.o)
 .ARM.attributes
                0x00000775       0x1c d:/ahl-gec-ide(4.11)/gcc/bin/../lib/gcc/arm-none-eabi/7.2.1/../../../../arm-none-eabi/lib/thumb/v6-m\libg_nano.a(lib_a-strlen.o)
 .ARM.attributes
                0x00000791       0x1e d:/ahl-gec-ide(4.11)/gcc/bin/../lib/gcc/arm-none-eabi/7.2.1/thumb/v6-m/crtn.o
                0x00000001                ASSERT ((__StackLimit >= __HeapLimit), region m_data overflowed with stack and heap)
OUTPUT(Pwm_Incapture_KL36_20201014.elf elf32-littlearm)

.debug_info     0x00000000     0x9570
 .debug_info    0x00000000      0xa11 ./obj/timer.o
 .debug_info    0x00000a11      0x402 ./obj/system_MKL36Z4.o
 .debug_info    0x00000e13      0xb75 ./obj/main.o
 .debug_info    0x00001988      0xf4b ./obj/flash.o
 .debug_info    0x000028d3     0x11e6 ./obj/gpio.o
 .debug_info    0x00003ab9      0xaf5 ./obj/wdog.o
 .debug_info    0x000045ae      0x6d4 ./obj/pwm.o
 .debug_info    0x00004c82      0xad3 ./obj/gec.o
 .debug_info    0x00005755     0x13ea ./obj/uart.o
 .debug_info    0x00006b3f      0xafa ./obj/isr.o
 .debug_info    0x00007639     0x14a0 ./obj/printf.o
 .debug_info    0x00008ad9      0xa71 ./obj/incapture.o
 .debug_info    0x0000954a       0x26 ./obj/startup_MKL36Z4.o

.debug_abbrev   0x00000000     0x1da5
 .debug_abbrev  0x00000000      0x291 ./obj/timer.o
 .debug_abbrev  0x00000291       0xed ./obj/system_MKL36Z4.o
 .debug_abbrev  0x0000037e      0x21d ./obj/main.o
 .debug_abbrev  0x0000059b      0x363 ./obj/flash.o
 .debug_abbrev  0x000008fe      0x35a ./obj/gpio.o
 .debug_abbrev  0x00000c58      0x204 ./obj/wdog.o
 .debug_abbrev  0x00000e5c      0x1e2 ./obj/pwm.o
 .debug_abbrev  0x0000103e      0x224 ./obj/gec.o
 .debug_abbrev  0x00001262      0x399 ./obj/uart.o
 .debug_abbrev  0x000015fb      0x22a ./obj/isr.o
 .debug_abbrev  0x00001825      0x31c ./obj/printf.o
 .debug_abbrev  0x00001b41      0x250 ./obj/incapture.o
 .debug_abbrev  0x00001d91       0x14 ./obj/startup_MKL36Z4.o

.debug_loc      0x00000000     0x2c80
 .debug_loc     0x00000000      0x3d6 ./obj/timer.o
 .debug_loc     0x000003d6       0x2b ./obj/main.o
 .debug_loc     0x00000401      0x63b ./obj/flash.o
 .debug_loc     0x00000a3c      0x336 ./obj/gpio.o
 .debug_loc     0x00000d72       0x53 ./obj/wdog.o
 .debug_loc     0x00000dc5      0x365 ./obj/pwm.o
 .debug_loc     0x0000112a       0x14 ./obj/gec.o
 .debug_loc     0x0000113e      0x58a ./obj/uart.o
 .debug_loc     0x000016c8       0x3d ./obj/isr.o
 .debug_loc     0x00001705     0x122a ./obj/printf.o
 .debug_loc     0x0000292f      0x351 ./obj/incapture.o

.debug_aranges  0x00000000      0x3b0
 .debug_aranges
                0x00000000       0x88 ./obj/timer.o
 .debug_aranges
                0x00000088       0x20 ./obj/system_MKL36Z4.o
 .debug_aranges
                0x000000a8       0x20 ./obj/main.o
 .debug_aranges
                0x000000c8       0x70 ./obj/flash.o
 .debug_aranges
                0x00000138       0x78 ./obj/gpio.o
 .debug_aranges
                0x000001b0       0x30 ./obj/wdog.o
 .debug_aranges
                0x000001e0       0x38 ./obj/pwm.o
 .debug_aranges
                0x00000218       0x20 ./obj/gec.o
 .debug_aranges
                0x00000238       0x70 ./obj/uart.o
 .debug_aranges
                0x000002a8       0x38 ./obj/isr.o
 .debug_aranges
                0x000002e0       0x58 ./obj/printf.o
 .debug_aranges
                0x00000338       0x58 ./obj/incapture.o
 .debug_aranges
                0x00000390       0x20 ./obj/startup_MKL36Z4.o

.debug_ranges   0x00000000      0x2d0
 .debug_ranges  0x00000000       0x78 ./obj/timer.o
 .debug_ranges  0x00000078       0x10 ./obj/system_MKL36Z4.o
 .debug_ranges  0x00000088       0x10 ./obj/main.o
 .debug_ranges  0x00000098       0x60 ./obj/flash.o
 .debug_ranges  0x000000f8       0x68 ./obj/gpio.o
 .debug_ranges  0x00000160       0x20 ./obj/wdog.o
 .debug_ranges  0x00000180       0x28 ./obj/pwm.o
 .debug_ranges  0x000001a8       0x10 ./obj/gec.o
 .debug_ranges  0x000001b8       0x60 ./obj/uart.o
 .debug_ranges  0x00000218       0x28 ./obj/isr.o
 .debug_ranges  0x00000240       0x48 ./obj/printf.o
 .debug_ranges  0x00000288       0x48 ./obj/incapture.o

.debug_macro    0x00000000     0xf518
 .debug_macro   0x00000000       0xe6 ./obj/timer.o
 .debug_macro   0x000000e6      0xafc ./obj/timer.o
 .debug_macro   0x00000be2       0x16 ./obj/timer.o
 .debug_macro   0x00000bf8       0x22 ./obj/timer.o
 .debug_macro   0x00000c1a       0x4f ./obj/timer.o
 .debug_macro   0x00000c69       0x51 ./obj/timer.o
 .debug_macro   0x00000cba       0xef ./obj/timer.o
 .debug_macro   0x00000da9       0x6a ./obj/timer.o
 .debug_macro   0x00000e13      0x1df ./obj/timer.o
 .debug_macro   0x00000ff2       0x39 ./obj/timer.o
 .debug_macro   0x0000102b       0x3a ./obj/timer.o
 .debug_macro   0x00001065       0x26 ./obj/timer.o
 .debug_macro   0x0000108b      0x306 ./obj/timer.o
 .debug_macro   0x00001391     0xc3a9 ./obj/timer.o
 .debug_macro   0x0000d73a       0x34 ./obj/timer.o
 .debug_macro   0x0000d76e       0x46 ./obj/timer.o
 .debug_macro   0x0000d7b4       0x3a ./obj/timer.o
 .debug_macro   0x0000d7ee       0xa0 ./obj/system_MKL36Z4.o
 .debug_macro   0x0000d88e       0x4b ./obj/system_MKL36Z4.o
 .debug_macro   0x0000d8d9      0x214 ./obj/main.o
 .debug_macro   0x0000daed       0x58 ./obj/main.o
 .debug_macro   0x0000db45       0x17 ./obj/main.o
 .debug_macro   0x0000db5c       0x35 ./obj/main.o
 .debug_macro   0x0000db91       0x9c ./obj/main.o
 .debug_macro   0x0000dc2d      0x16d ./obj/main.o
 .debug_macro   0x0000dd9a       0x58 ./obj/main.o
 .debug_macro   0x0000ddf2       0x1f ./obj/main.o
 .debug_macro   0x0000de11       0x43 ./obj/main.o
 .debug_macro   0x0000de54       0x20 ./obj/main.o
 .debug_macro   0x0000de74      0x18e ./obj/main.o
 .debug_macro   0x0000e002      0x353 ./obj/main.o
 .debug_macro   0x0000e355       0x10 ./obj/main.o
 .debug_macro   0x0000e365       0x35 ./obj/main.o
 .debug_macro   0x0000e39a       0x28 ./obj/main.o
 .debug_macro   0x0000e3c2       0x9a ./obj/main.o
 .debug_macro   0x0000e45c       0x6a ./obj/main.o
 .debug_macro   0x0000e4c6       0x22 ./obj/main.o
 .debug_macro   0x0000e4e8       0x58 ./obj/main.o
 .debug_macro   0x0000e540       0x40 ./obj/main.o
 .debug_macro   0x0000e580       0x1c ./obj/main.o
 .debug_macro   0x0000e59c       0x22 ./obj/main.o
 .debug_macro   0x0000e5be       0x22 ./obj/main.o
 .debug_macro   0x0000e5e0       0x5e ./obj/main.o
 .debug_macro   0x0000e63e      0x193 ./obj/flash.o
 .debug_macro   0x0000e7d1       0x64 ./obj/flash.o
 .debug_macro   0x0000e835      0x193 ./obj/gpio.o
 .debug_macro   0x0000e9c8       0x52 ./obj/gpio.o
 .debug_macro   0x0000ea1a      0x193 ./obj/wdog.o
 .debug_macro   0x0000ebad       0x1c ./obj/wdog.o
 .debug_macro   0x0000ebc9       0xe6 ./obj/pwm.o
 .debug_macro   0x0000ecaf       0x1c ./obj/pwm.o
 .debug_macro   0x0000eccb      0x20e ./obj/gec.o
 .debug_macro   0x0000eed9      0x193 ./obj/uart.o
 .debug_macro   0x0000f06c      0x20e ./obj/isr.o
 .debug_macro   0x0000f27a      0x1a2 ./obj/printf.o
 .debug_macro   0x0000f41c       0xe6 ./obj/incapture.o
 .debug_macro   0x0000f502       0x16 ./obj/incapture.o

.debug_line     0x00000000     0x3d79
 .debug_line    0x00000000      0x4c9 ./obj/timer.o
 .debug_line    0x000004c9      0x2c4 ./obj/system_MKL36Z4.o
 .debug_line    0x0000078d      0x5bb ./obj/main.o
 .debug_line    0x00000d48      0x598 ./obj/flash.o
 .debug_line    0x000012e0      0x53e ./obj/gpio.o
 .debug_line    0x0000181e      0x439 ./obj/wdog.o
 .debug_line    0x00001c57      0x416 ./obj/pwm.o
 .debug_line    0x0000206d      0x5aa ./obj/gec.o
 .debug_line    0x00002617      0x5b7 ./obj/uart.o
 .debug_line    0x00002bce      0x5f5 ./obj/isr.o
 .debug_line    0x000031c3      0x6e4 ./obj/printf.o
 .debug_line    0x000038a7      0x464 ./obj/incapture.o
 .debug_line    0x00003d0b       0x6e ./obj/startup_MKL36Z4.o

.debug_str      0x00000000    0x4ef89
 .debug_str     0x00000000    0x4b0a6 ./obj/timer.o
                              0x4b4f3 (size before relaxing)
 .debug_str     0x0004b0a6       0x5c ./obj/system_MKL36Z4.o
                              0x4ae08 (size before relaxing)
 .debug_str     0x0004b102     0x3796 ./obj/main.o
                              0x4e8be (size before relaxing)
 .debug_str     0x0004e898      0x1e6 ./obj/flash.o
                              0x4e2f6 (size before relaxing)
 .debug_str     0x0004ea7e      0x126 ./obj/gpio.o
                              0x4e47e (size before relaxing)
 .debug_str     0x0004eba4       0x29 ./obj/wdog.o
                              0x4e130 (size before relaxing)
 .debug_str     0x0004ebcd       0x55 ./obj/pwm.o
                              0x4b199 (size before relaxing)
 .debug_str     0x0004ec22       0x65 ./obj/gec.o
                              0x4e8a9 (size before relaxing)
 .debug_str     0x0004ec87       0xf9 ./obj/uart.o
                              0x4e4a4 (size before relaxing)
 .debug_str     0x0004ed80       0x4e ./obj/isr.o
                              0x4e8f0 (size before relaxing)
 .debug_str     0x0004edce      0x156 ./obj/printf.o
                              0x4e471 (size before relaxing)
 .debug_str     0x0004ef24       0x3f ./obj/incapture.o
                              0x4b416 (size before relaxing)
 .debug_str     0x0004ef63       0x26 ./obj/startup_MKL36Z4.o
                                 0x84 (size before relaxing)

.comment        0x00000000       0x7e
 .comment       0x00000000       0x7e ./obj/timer.o
                                 0x7f (size before relaxing)
 .comment       0x0000007e       0x7f ./obj/system_MKL36Z4.o
 .comment       0x0000007e       0x7f ./obj/main.o
 .comment       0x0000007e       0x7f ./obj/flash.o
 .comment       0x0000007e       0x7f ./obj/gpio.o
 .comment       0x0000007e       0x7f ./obj/wdog.o
 .comment       0x0000007e       0x7f ./obj/pwm.o
 .comment       0x0000007e       0x7f ./obj/gec.o
 .comment       0x0000007e       0x7f ./obj/uart.o
 .comment       0x0000007e       0x7f ./obj/isr.o
 .comment       0x0000007e       0x7f ./obj/printf.o
 .comment       0x0000007e       0x7f ./obj/incapture.o

.debug_frame    0x00000000      0xcc4
 .debug_frame   0x00000000      0x130 ./obj/timer.o
 .debug_frame   0x00000130       0x20 ./obj/system_MKL36Z4.o
 .debug_frame   0x00000150       0x2c ./obj/main.o
 .debug_frame   0x0000017c       0xf8 ./obj/flash.o
 .debug_frame   0x00000274      0x154 ./obj/gpio.o
 .debug_frame   0x000003c8       0x40 ./obj/wdog.o
 .debug_frame   0x00000408       0x88 ./obj/pwm.o
 .debug_frame   0x00000490       0x2c ./obj/gec.o
 .debug_frame   0x000004bc      0x134 ./obj/uart.o
 .debug_frame   0x000005f0       0x6c ./obj/isr.o
 .debug_frame   0x0000065c      0x110 ./obj/printf.o
 .debug_frame   0x0000076c       0xf4 ./obj/incapture.o
 .debug_frame   0x00000860       0x20 d:/ahl-gec-ide(4.11)/gcc/bin/../lib/gcc/arm-none-eabi/7.2.1/thumb/v6-m\libgcc.a(_udivsi3.o)
 .debug_frame   0x00000880       0x20 d:/ahl-gec-ide(4.11)/gcc/bin/../lib/gcc/arm-none-eabi/7.2.1/thumb/v6-m\libgcc.a(_divsi3.o)
 .debug_frame   0x000008a0       0x28 d:/ahl-gec-ide(4.11)/gcc/bin/../lib/gcc/arm-none-eabi/7.2.1/thumb/v6-m\libgcc.a(_fixunssfsi.o)
 .debug_frame   0x000008c8       0x2c d:/ahl-gec-ide(4.11)/gcc/bin/../lib/gcc/arm-none-eabi/7.2.1/thumb/v6-m\libgcc.a(_fixunsdfsi.o)
 .debug_frame   0x000008f4       0x2c d:/ahl-gec-ide(4.11)/gcc/bin/../lib/gcc/arm-none-eabi/7.2.1/thumb/v6-m\libgcc.a(_fixunsdfdi.o)
 .debug_frame   0x00000920       0x3c d:/ahl-gec-ide(4.11)/gcc/bin/../lib/gcc/arm-none-eabi/7.2.1/thumb/v6-m\libgcc.a(_udivmoddi4.o)
 .debug_frame   0x0000095c       0x3c d:/ahl-gec-ide(4.11)/gcc/bin/../lib/gcc/arm-none-eabi/7.2.1/thumb/v6-m\libgcc.a(divsf3.o)
 .debug_frame   0x00000998       0x2c d:/ahl-gec-ide(4.11)/gcc/bin/../lib/gcc/arm-none-eabi/7.2.1/thumb/v6-m\libgcc.a(eqsf2.o)
 .debug_frame   0x000009c4       0x2c d:/ahl-gec-ide(4.11)/gcc/bin/../lib/gcc/arm-none-eabi/7.2.1/thumb/v6-m\libgcc.a(gesf2.o)
 .debug_frame   0x000009f0       0x2c d:/ahl-gec-ide(4.11)/gcc/bin/../lib/gcc/arm-none-eabi/7.2.1/thumb/v6-m\libgcc.a(lesf2.o)
 .debug_frame   0x00000a1c       0x3c d:/ahl-gec-ide(4.11)/gcc/bin/../lib/gcc/arm-none-eabi/7.2.1/thumb/v6-m\libgcc.a(mulsf3.o)
 .debug_frame   0x00000a58       0x38 d:/ahl-gec-ide(4.11)/gcc/bin/../lib/gcc/arm-none-eabi/7.2.1/thumb/v6-m\libgcc.a(subsf3.o)
 .debug_frame   0x00000a90       0x20 d:/ahl-gec-ide(4.11)/gcc/bin/../lib/gcc/arm-none-eabi/7.2.1/thumb/v6-m\libgcc.a(fixsfsi.o)
 .debug_frame   0x00000ab0       0x2c d:/ahl-gec-ide(4.11)/gcc/bin/../lib/gcc/arm-none-eabi/7.2.1/thumb/v6-m\libgcc.a(floatsisf.o)
 .debug_frame   0x00000adc       0x2c d:/ahl-gec-ide(4.11)/gcc/bin/../lib/gcc/arm-none-eabi/7.2.1/thumb/v6-m\libgcc.a(floatunsisf.o)
 .debug_frame   0x00000b08       0x38 d:/ahl-gec-ide(4.11)/gcc/bin/../lib/gcc/arm-none-eabi/7.2.1/thumb/v6-m\libgcc.a(eqdf2.o)
 .debug_frame   0x00000b40       0x38 d:/ahl-gec-ide(4.11)/gcc/bin/../lib/gcc/arm-none-eabi/7.2.1/thumb/v6-m\libgcc.a(gedf2.o)
 .debug_frame   0x00000b78       0x38 d:/ahl-gec-ide(4.11)/gcc/bin/../lib/gcc/arm-none-eabi/7.2.1/thumb/v6-m\libgcc.a(ledf2.o)
 .debug_frame   0x00000bb0       0x3c d:/ahl-gec-ide(4.11)/gcc/bin/../lib/gcc/arm-none-eabi/7.2.1/thumb/v6-m\libgcc.a(muldf3.o)
 .debug_frame   0x00000bec       0x3c d:/ahl-gec-ide(4.11)/gcc/bin/../lib/gcc/arm-none-eabi/7.2.1/thumb/v6-m\libgcc.a(subdf3.o)
 .debug_frame   0x00000c28       0x2c d:/ahl-gec-ide(4.11)/gcc/bin/../lib/gcc/arm-none-eabi/7.2.1/thumb/v6-m\libgcc.a(fixdfsi.o)
 .debug_frame   0x00000c54       0x28 d:/ahl-gec-ide(4.11)/gcc/bin/../lib/gcc/arm-none-eabi/7.2.1/thumb/v6-m\libgcc.a(floatunsidf.o)
 .debug_frame   0x00000c7c       0x28 d:/ahl-gec-ide(4.11)/gcc/bin/../lib/gcc/arm-none-eabi/7.2.1/../../../../arm-none-eabi/lib/thumb/v6-m\libg_nano.a(lib_a-memcpy-stub.o)
 .debug_frame   0x00000ca4       0x20 d:/ahl-gec-ide(4.11)/gcc/bin/../lib/gcc/arm-none-eabi/7.2.1/../../../../arm-none-eabi/lib/thumb/v6-m\libg_nano.a(lib_a-memset.o)
