Archive member included to satisfy reference by file (symbol)

d:/ahl-gec-ide(4.11)/gcc/bin/../lib/gcc/arm-none-eabi/7.2.1/../../../../arm-none-eabi/lib/thumb/v6-m\libm.a(lib_a-w_log.o)
                              ./obj/main.o (log)
d:/ahl-gec-ide(4.11)/gcc/bin/../lib/gcc/arm-none-eabi/7.2.1/../../../../arm-none-eabi/lib/thumb/v6-m\libm.a(lib_a-e_log.o)
                              d:/ahl-gec-ide(4.11)/gcc/bin/../lib/gcc/arm-none-eabi/7.2.1/../../../../arm-none-eabi/lib/thumb/v6-m\libm.a(lib_a-w_log.o) (__ieee754_log)
d:/ahl-gec-ide(4.11)/gcc/bin/../lib/gcc/arm-none-eabi/7.2.1/../../../../arm-none-eabi/lib/thumb/v6-m\libm.a(lib_a-s_lib_ver.o)
                              d:/ahl-gec-ide(4.11)/gcc/bin/../lib/gcc/arm-none-eabi/7.2.1/../../../../arm-none-eabi/lib/thumb/v6-m\libm.a(lib_a-w_log.o) (__fdlib_version)
d:/ahl-gec-ide(4.11)/gcc/bin/../lib/gcc/arm-none-eabi/7.2.1/../../../../arm-none-eabi/lib/thumb/v6-m\libm.a(lib_a-s_matherr.o)
                              d:/ahl-gec-ide(4.11)/gcc/bin/../lib/gcc/arm-none-eabi/7.2.1/../../../../arm-none-eabi/lib/thumb/v6-m\libm.a(lib_a-w_log.o) (matherr)
d:/ahl-gec-ide(4.11)/gcc/bin/../lib/gcc/arm-none-eabi/7.2.1/../../../../arm-none-eabi/lib/thumb/v6-m\libm.a(lib_a-s_nan.o)
                              d:/ahl-gec-ide(4.11)/gcc/bin/../lib/gcc/arm-none-eabi/7.2.1/../../../../arm-none-eabi/lib/thumb/v6-m\libm.a(lib_a-w_log.o) (nan)
d:/ahl-gec-ide(4.11)/gcc/bin/../lib/gcc/arm-none-eabi/7.2.1/thumb/v6-m\libgcc.a(_udivsi3.o)
                              ./obj/timer.o (__aeabi_uidiv)
d:/ahl-gec-ide(4.11)/gcc/bin/../lib/gcc/arm-none-eabi/7.2.1/thumb/v6-m\libgcc.a(_divsi3.o)
                              ./obj/spi.o (__aeabi_idiv)
d:/ahl-gec-ide(4.11)/gcc/bin/../lib/gcc/arm-none-eabi/7.2.1/thumb/v6-m\libgcc.a(_dvmd_tls.o)
                              d:/ahl-gec-ide(4.11)/gcc/bin/../lib/gcc/arm-none-eabi/7.2.1/thumb/v6-m\libgcc.a(_udivsi3.o) (__aeabi_idiv0)
d:/ahl-gec-ide(4.11)/gcc/bin/../lib/gcc/arm-none-eabi/7.2.1/thumb/v6-m\libgcc.a(_arm_cmpdf2.o)
                              d:/ahl-gec-ide(4.11)/gcc/bin/../lib/gcc/arm-none-eabi/7.2.1/../../../../arm-none-eabi/lib/thumb/v6-m\libm.a(lib_a-w_log.o) (__aeabi_dcmpeq)
d:/ahl-gec-ide(4.11)/gcc/bin/../lib/gcc/arm-none-eabi/7.2.1/thumb/v6-m\libgcc.a(_arm_cmpsf2.o)
                              ./obj/NumToStr.o (__aeabi_fcmplt)
d:/ahl-gec-ide(4.11)/gcc/bin/../lib/gcc/arm-none-eabi/7.2.1/thumb/v6-m\libgcc.a(_aeabi_uldivmod.o)
                              ./obj/printf.o (__aeabi_uldivmod)
d:/ahl-gec-ide(4.11)/gcc/bin/../lib/gcc/arm-none-eabi/7.2.1/thumb/v6-m\libgcc.a(_fixunsdfsi.o)
                              ./obj/printf.o (__aeabi_d2uiz)
d:/ahl-gec-ide(4.11)/gcc/bin/../lib/gcc/arm-none-eabi/7.2.1/thumb/v6-m\libgcc.a(_fixunsdfdi.o)
                              ./obj/printf.o (__aeabi_d2ulz)
d:/ahl-gec-ide(4.11)/gcc/bin/../lib/gcc/arm-none-eabi/7.2.1/thumb/v6-m\libgcc.a(_udivmoddi4.o)
                              d:/ahl-gec-ide(4.11)/gcc/bin/../lib/gcc/arm-none-eabi/7.2.1/thumb/v6-m\libgcc.a(_aeabi_uldivmod.o) (__udivmoddi4)
d:/ahl-gec-ide(4.11)/gcc/bin/../lib/gcc/arm-none-eabi/7.2.1/thumb/v6-m\libgcc.a(divsf3.o)
                              ./obj/main.o (__aeabi_fdiv)
d:/ahl-gec-ide(4.11)/gcc/bin/../lib/gcc/arm-none-eabi/7.2.1/thumb/v6-m\libgcc.a(eqsf2.o)
                              d:/ahl-gec-ide(4.11)/gcc/bin/../lib/gcc/arm-none-eabi/7.2.1/thumb/v6-m\libgcc.a(_arm_cmpsf2.o) (__eqsf2)
d:/ahl-gec-ide(4.11)/gcc/bin/../lib/gcc/arm-none-eabi/7.2.1/thumb/v6-m\libgcc.a(gesf2.o)
                              d:/ahl-gec-ide(4.11)/gcc/bin/../lib/gcc/arm-none-eabi/7.2.1/thumb/v6-m\libgcc.a(_arm_cmpsf2.o) (__gesf2)
d:/ahl-gec-ide(4.11)/gcc/bin/../lib/gcc/arm-none-eabi/7.2.1/thumb/v6-m\libgcc.a(lesf2.o)
                              d:/ahl-gec-ide(4.11)/gcc/bin/../lib/gcc/arm-none-eabi/7.2.1/thumb/v6-m\libgcc.a(_arm_cmpsf2.o) (__lesf2)
d:/ahl-gec-ide(4.11)/gcc/bin/../lib/gcc/arm-none-eabi/7.2.1/thumb/v6-m\libgcc.a(mulsf3.o)
                              ./obj/main.o (__aeabi_fmul)
d:/ahl-gec-ide(4.11)/gcc/bin/../lib/gcc/arm-none-eabi/7.2.1/thumb/v6-m\libgcc.a(subsf3.o)
                              ./obj/main.o (__aeabi_fsub)
d:/ahl-gec-ide(4.11)/gcc/bin/../lib/gcc/arm-none-eabi/7.2.1/thumb/v6-m\libgcc.a(fixsfsi.o)
                              ./obj/NumToStr.o (__aeabi_f2iz)
d:/ahl-gec-ide(4.11)/gcc/bin/../lib/gcc/arm-none-eabi/7.2.1/thumb/v6-m\libgcc.a(floatsisf.o)
                              ./obj/NumToStr.o (__aeabi_i2f)
d:/ahl-gec-ide(4.11)/gcc/bin/../lib/gcc/arm-none-eabi/7.2.1/thumb/v6-m\libgcc.a(floatunsisf.o)
                              ./obj/main.o (__aeabi_ui2f)
d:/ahl-gec-ide(4.11)/gcc/bin/../lib/gcc/arm-none-eabi/7.2.1/thumb/v6-m\libgcc.a(adddf3.o)
                              ./obj/main.o (__aeabi_dadd)
d:/ahl-gec-ide(4.11)/gcc/bin/../lib/gcc/arm-none-eabi/7.2.1/thumb/v6-m\libgcc.a(divdf3.o)
                              ./obj/main.o (__aeabi_ddiv)
[...]
Memory Configuration

Name             Origin             Length             Attributes
m_interrupts     0x00006800         0x00000400         xr
m_flash_config   0x00006c00         0x00000010         xr
m_text           0x00006c10         0x00008ff0         xr
m_data           0x20000400         0x00001400         rw
*default*        0x00000000         0xffffffff

Linker script and memory map

LOAD d:/ahl-gec-ide(4.11)/gcc/bin/../lib/gcc/arm-none-eabi/7.2.1/thumb/v6-m/crti.o
LOAD d:/ahl-gec-ide(4.11)/gcc/bin/../lib/gcc/arm-none-eabi/7.2.1/thumb/v6-m/crtbegin.o
LOAD d:/ahl-gec-ide(4.11)/gcc/bin/../lib/gcc/arm-none-eabi/7.2.1/../../../../arm-none-eabi/lib/thumb/v6-m/crt0.o
LOAD ./obj/adc.o
LOAD ./obj/i2c.o
LOAD ./obj/system_MKL36Z4.o
LOAD ./obj/timer.o
LOAD ./obj/tm1637.o
LOAD ./obj/main.o
LOAD ./obj/flash.o
LOAD ./obj/gpio.o
LOAD ./obj/wdog.o
LOAD ./obj/spi.o
LOAD ./obj/ws2812.o
LOAD ./obj/adlx345.o
LOAD ./obj/NumToStr.o
LOAD ./obj/gec.o
LOAD ./obj/uart.o
LOAD ./obj/lcd.o
LOAD ./obj/isr.o
LOAD ./obj/printf.o
LOAD ./obj/startup_MKL36Z4.o
LOAD d:/ahl-gec-ide(4.11)/gcc/bin/../lib/gcc/arm-none-eabi/7.2.1/../../../../arm-none-eabi/lib/thumb/v6-m\libstdc++_nano.a
LOAD d:/ahl-gec-ide(4.11)/gcc/bin/../lib/gcc/arm-none-eabi/7.2.1/../../../../arm-none-eabi/lib/thumb/v6-m\libm.a
START GROUP
LOAD d:/ahl-gec-ide(4.11)/gcc/bin/../lib/gcc/arm-none-eabi/7.2.1/thumb/v6-m\libgcc.a
LOAD d:/ahl-gec-ide(4.11)/gcc/bin/../lib/gcc/arm-none-eabi/7.2.1/../../../../arm-none-eabi/lib/thumb/v6-m\libg_nano.a
LOAD d:/ahl-gec-ide(4.11)/gcc/bin/../lib/gcc/arm-none-eabi/7.2.1/../../../../arm-none-eabi/lib/thumb/v6-m\libc_nano.a
END GROUP
START GROUP
LOAD d:/ahl-gec-ide(4.11)/gcc/bin/../lib/gcc/arm-none-eabi/7.2.1/thumb/v6-m\libgcc.a
LOAD d:/ahl-gec-ide(4.11)/gcc/bin/../lib/gcc/arm-none-eabi/7.2.1/../../../../arm-none-eabi/lib/thumb/v6-m\libc_nano.a
LOAD d:/ahl-gec-ide(4.11)/gcc/bin/../lib/gcc/arm-none-eabi/7.2.1/../../../../arm-none-eabi/lib/thumb/v6-m\libnosys.a
END GROUP
START GROUP
LOAD d:/ahl-gec-ide(4.11)/gcc/bin/../lib/gcc/arm-none-eabi/7.2.1/thumb/v6-m\libgcc.a
LOAD d:/ahl-gec-ide(4.11)/gcc/bin/../lib/gcc/arm-none-eabi/7.2.1/../../../../arm-none-eabi/lib/thumb/v6-m\libc_nano.a
LOAD d:/ahl-gec-ide(4.11)/gcc/bin/../lib/gcc/arm-none-eabi/7.2.1/../../../../arm-none-eabi/lib/thumb/v6-m\libnosys.a
END GROUP
LOAD d:/ahl-gec-ide(4.11)/gcc/bin/../lib/gcc/arm-none-eabi/7.2.1/thumb/v6-m/crtend.o
LOAD d:/ahl-gec-ide(4.11)/gcc/bin/../lib/gcc/arm-none-eabi/7.2.1/thumb/v6-m/crtn.o
                0x00000200                HEAP_SIZE = DEFINED (__heap_size__)?__heap_size__:0x200
                0x00000100                STACK_SIZE = DEFINED (__stack_size__)?__stack_size__:0x100
                0x00000400                MCU_SECTORSIZE = 0x400
                0x00000000                MCU_FLASH_ADDR_START = 0x0
                0x0000001a                GEC_USER_SECTOR_START = 0x1a
                0x0000003e                GEC_USER_SECTOR_END = 0x3e
                0x20000400                GEC_USER_RAM_START = 0x20000400
                0x200017ff                GEC_USER_RAM_END = 0x200017ff

.interrupts     0x00006800       0xc0
                0x00006800                __VECTOR_TABLE = .
                0x00006800                . = ALIGN (0x4)
 *(.isr_vector)
 .isr_vector    0x00006800       0xc0 ./obj/startup_MKL36Z4.o
                0x00006800                __isr_vector
                0x000068c0                . = ALIGN (0x4)

.flash_config   0x00006c00       0x10
                0x00006c00                . = ALIGN (0x4)
 *(.FlashConfig)
 .FlashConfig   0x00006c00       0x10 ./obj/startup_MKL36Z4.o
                0x00006c10                . = ALIGN (0x4)

.text           0x00006c10     0x5d34
                0x00006c10                . = ALIGN (0x4)
 *(.text)
 .text          0x00006c10       0x48 d:/ahl-gec-ide(4.11)/gcc/bin/../lib/gcc/arm-none-eabi/7.2.1/thumb/v6-m/crtbegin.o
 .text          0x00006c58       0x50 ./obj/startup_MKL36Z4.o
                0x00006c58                Reset_Handler
                0x00006ca0                HardFault_Handler
                0x00006ca0                SysTick_Handler
                0x00006ca0                PendSV_Handler
                0x00006ca0                NMI_Handler
                0x00006ca0                PORTC_PORTD_IRQHandler
                0x00006ca0                I2C1_IRQHandler
                0x00006ca0                UART1_IRQHandler
                0x00006ca0                DMA2_IRQHandler
                0x00006ca0                TPM0_IRQHandler
                0x00006ca0                I2S0_IRQHandler
                0x00006ca0                LLWU_IRQHandler
                0x00006ca0                TSI0_IRQHandler
                0x00006ca0                ADC0_IRQHandler
                0x00006ca0                SPI1_IRQHandler
                0x00006ca0                DefaultISR
                0x00006ca0                TPM2_IRQHandler
                0x00006ca0                RTC_IRQHandler
                0x00006ca0                I2C0_IRQHandler
                0x00006ca0                LCD_IRQHandler
                0x00006ca0                RTC_Seconds_IRQHandler
                0x00006ca0                MCG_IRQHandler
                0x00006ca0                UART2_IRQHandler
                0x00006ca0                Reserved20_IRQHandler
                0x00006ca0                PIT_IRQHandler
                0x00006ca0                SVC_Handler
                0x00006ca0                DMA3_IRQHandler
                0x00006ca0                DMA0_IRQHandler
                0x00006ca0                DAC0_IRQHandler
                0x00006ca0                LVD_LVW_IRQHandler
                0x00006ca0                SPI0_IRQHandler
                0x00006ca0                PORTA_IRQHandler
                0x00006ca0                FTFA_IRQHandler
                0x00006ca0                Reserved40_IRQHandler
                0x00006ca0                LPTMR0_IRQHandler
                0x00006ca0                CMP0_IRQHandler
                0x00006ca0                DMA1_IRQHandler
 .text          0x00006ca8      0x114 d:/ahl-gec-ide(4.11)/gcc/bin/../lib/gcc/arm-none-eabi/7.2.1/thumb/v6-m\libgcc.a(_udivsi3.o)
                0x00006ca8                __aeabi_uidiv
                0x00006ca8                __udivsi3
                0x00006db4                __aeabi_uidivmod
 .text          0x00006dbc      0x1d4 d:/ahl-gec-ide(4.11)/gcc/bin/../lib/gcc/arm-none-eabi/7.2.1/thumb/v6-m\libgcc.a(_divsi3.o)
                0x00006dbc                __divsi3
                0x00006dbc                __aeabi_idiv
                0x00006f88                __aeabi_idivmod
 .text          0x00006f90        0x4 d:/ahl-gec-ide(4.11)/gcc/bin/../lib/gcc/arm-none-eabi/7.2.1/thumb/v6-m\libgcc.a(_dvmd_tls.o)
                0x00006f90                __aeabi_idiv0
                0x00006f90                __aeabi_ldiv0
 .text          0x00006f94       0x7c d:/ahl-gec-ide(4.11)/gcc/bin/../lib/gcc/arm-none-eabi/7.2.1/thumb/v6-m\libgcc.a(_arm_cmpdf2.o)
                0x00006f94                __aeabi_cdrcmple
                0x00006fa4                __aeabi_cdcmple
                0x00006fa4                __aeabi_cdcmpeq
                0x00006fb4                __aeabi_dcmpeq
                0x00006fc0                __aeabi_dcmplt
                0x00006fd4                __aeabi_dcmple
                0x00006fe8                __aeabi_dcmpgt
                0x00006ffc                __aeabi_dcmpge
 .text          0x00007010       0x74 d:/ahl-gec-ide(4.11)/gcc/bin/../lib/gcc/arm-none-eabi/7.2.1/thumb/v6-m\libgcc.a(_arm_cmpsf2.o)
                0x00007010                __aeabi_cfrcmple
                0x00007018                __aeabi_cfcmpeq
                0x00007018                __aeabi_cfcmple
                0x00007028                __aeabi_fcmpeq
                0x00007034                __aeabi_fcmplt
                0x00007048                __aeabi_fcmple
                0x0000705c                __aeabi_fcmpgt
                0x00007070                __aeabi_fcmpge
 .text          0x00007084       0x40 d:/ahl-gec-ide(4.11)/gcc/bin/../lib/gcc/arm-none-eabi/7.2.1/thumb/v6-m\libgcc.a(_aeabi_uldivmod.o)
                0x00007084                __aeabi_uldivmod
 .text          0x000070c4       0x3c d:/ahl-gec-ide(4.11)/gcc/bin/../lib/gcc/arm-none-eabi/7.2.1/thumb/v6-m\libgcc.a(_fixunsdfsi.o)
                0x000070c4                __aeabi_d2uiz
                0x000070c4                __fixunsdfsi
 .text          0x00007100       0x3c d:/ahl-gec-ide(4.11)/gcc/bin/../lib/gcc/arm-none-eabi/7.2.1/thumb/v6-m\libgcc.a(_fixunsdfdi.o)
                0x00007100                __fixunsdfdi
                0x00007100                __aeabi_d2ulz
 .text          0x0000713c      0x184 d:/ahl-gec-ide(4.11)/gcc/bin/../lib/gcc/arm-none-eabi/7.2.1/thumb/v6-m\libgcc.a(_udivmoddi4.o)
                0x0000713c                __udivmoddi4
 .text          0x000072c0      0x224 d:/ahl-gec-ide(4.11)/gcc/bin/../lib/gcc/arm-none-eabi/7.2.1/thumb/v6-m\libgcc.a(divsf3.o)
                0x000072c0                __aeabi_fdiv
 .text          0x000074e4       0x50 d:/ahl-gec-ide(4.11)/gcc/bin/../lib/gcc/arm-none-eabi/7.2.1/thumb/v6-m\libgcc.a(eqsf2.o)
                0x000074e4                __eqsf2
                0x000074e4                __nesf2
 .text          0x00007534       0x9c d:/ahl-gec-ide(4.11)/gcc/bin/../lib/gcc/arm-none-eabi/7.2.1/thumb/v6-m\libgcc.a(gesf2.o)
                0x00007534                __gesf2
                0x00007534                __gtsf2
 .text          0x000075d0       0xa0 d:/ahl-gec-ide(4.11)/gcc/bin/../lib/gcc/arm-none-eabi/7.2.1/thumb/v6-m\libgcc.a(lesf2.o)
                0x000075d0                __ltsf2
                0x000075d0                __lesf2
 .text          0x00007670      0x264 d:/ahl-gec-ide(4.11)/gcc/bin/../lib/gcc/arm-none-eabi/7.2.1/thumb/v6-m\libgcc.a(mulsf3.o)
                0x00007670                __aeabi_fmul
 .text          0x000078d4      0x388 d:/ahl-gec-ide(4.11)/gcc/bin/../lib/gcc/arm-none-eabi/7.2.1/thumb/v6-m\libgcc.a(subsf3.o)
                0x000078d4                __aeabi_fsub
 .text          0x00007c5c       0x40 d:/ahl-gec-ide(4.11)/gcc/bin/../lib/gcc/arm-none-eabi/7.2.1/thumb/v6-m\libgcc.a(fixsfsi.o)
                0x00007c5c                __aeabi_f2iz
 .text          0x00007c9c       0x94 d:/ahl-gec-ide(4.11)/gcc/bin/../lib/gcc/arm-none-eabi/7.2.1/thumb/v6-m\libgcc.a(floatsisf.o)
                0x00007c9c                __aeabi_i2f
 .text          0x00007d30       0x80 d:/ahl-gec-ide(4.11)/gcc/bin/../lib/gcc/arm-none-eabi/7.2.1/thumb/v6-m\libgcc.a(floatunsisf.o)
                0x00007d30                __aeabi_ui2f
 .text          0x00007db0      0x638 d:/ahl-gec-ide(4.11)/gcc/bin/../lib/gcc/arm-none-eabi/7.2.1/thumb/v6-m\libgcc.a(adddf3.o)
                0x00007db0                __aeabi_dadd
 .text          0x000083e8      0x604 d:/ahl-gec-ide(4.11)/gcc/bin/../lib/gcc/arm-none-eabi/7.2.1/thumb/v6-m\libgcc.a(divdf3.o)
                0x000083e8                __aeabi_ddiv
 .text          0x000089ec       0x78 d:/ahl-gec-ide(4.11)/gcc/bin/../lib/gcc/arm-none-eabi/7.2.1/thumb/v6-m\libgcc.a(eqdf2.o)
                0x000089ec                __nedf2
                0x000089ec                __eqdf2
 .text          0x00008a64       0xc8 d:/ahl-gec-ide(4.11)/gcc/bin/../lib/gcc/arm-none-eabi/7.2.1/thumb/v6-m\libgcc.a(gedf2.o)
                0x00008a64                __gedf2
                0x00008a64                __gtdf2
 .text          0x00008b2c       0xd0 d:/ahl-gec-ide(4.11)/gcc/bin/../lib/gcc/arm-none-eabi/7.2.1/thumb/v6-m\libgcc.a(ledf2.o)
                0x00008b2c                __ledf2
                0x00008b2c                __ltdf2
 .text          0x00008bfc      0x4e4 d:/ahl-gec-ide(4.11)/gcc/bin/../lib/gcc/arm-none-eabi/7.2.1/thumb/v6-m\libgcc.a(muldf3.o)
                0x00008bfc                __aeabi_dmul
 .text          0x000090e0      0x690 d:/ahl-gec-ide(4.11)/gcc/bin/../lib/gcc/arm-none-eabi/7.2.1/thumb/v6-m\libgcc.a(subdf3.o)
                0x000090e0                __aeabi_dsub
 .text          0x00009770       0x38 d:/ahl-gec-ide(4.11)/gcc/bin/../lib/gcc/arm-none-eabi/7.2.1/thumb/v6-m\libgcc.a(unorddf2.o)
                0x00009770                __aeabi_dcmpun
 .text          0x000097a8       0x6c d:/ahl-gec-ide(4.11)/gcc/bin/../lib/gcc/arm-none-eabi/7.2.1/thumb/v6-m\libgcc.a(fixdfsi.o)
                0x000097a8                __aeabi_d2iz
 .text          0x00009814       0x74 d:/ahl-gec-ide(4.11)/gcc/bin/../lib/gcc/arm-none-eabi/7.2.1/thumb/v6-m\libgcc.a(floatsidf.o)
                0x00009814                __aeabi_i2d
 .text          0x00009888       0x64 d:/ahl-gec-ide(4.11)/gcc/bin/../lib/gcc/arm-none-eabi/7.2.1/thumb/v6-m\libgcc.a(floatunsidf.o)
                0x00009888                __aeabi_ui2d
 .text          0x000098ec       0xa4 d:/ahl-gec-ide(4.11)/gcc/bin/../lib/gcc/arm-none-eabi/7.2.1/thumb/v6-m\libgcc.a(extendsfdf2.o)
                0x000098ec                __aeabi_f2d
 .text          0x00009990      0x108 d:/ahl-gec-ide(4.11)/gcc/bin/../lib/gcc/arm-none-eabi/7.2.1/thumb/v6-m\libgcc.a(truncdfsf2.o)
                0x00009990                __aeabi_d2f
 .text          0x00009a98       0x3c d:/ahl-gec-ide(4.11)/gcc/bin/../lib/gcc/arm-none-eabi/7.2.1/thumb/v6-m\libgcc.a(_clzsi2.o)
                0x00009a98                __clzsi2
 .text          0x00009ad4       0x18 d:/ahl-gec-ide(4.11)/gcc/bin/../lib/gcc/arm-none-eabi/7.2.1/thumb/v6-m\libgcc.a(_clzdi2.o)
                0x00009ad4                __clzdi2
 .text          0x00009aec        0xe d:/ahl-gec-ide(4.11)/gcc/bin/../lib/gcc/arm-none-eabi/7.2.1/../../../../arm-none-eabi/lib/thumb/v6-m\libg_nano.a(lib_a-strlen.o)
                0x00009aec                strlen
 *(.text*)
 *fill*         0x00009afa        0x2 
 .text.adc_read_inner
                0x00009afc       0x24 ./obj/adc.o
                0x00009afc                adc_read_inner
 .text.adc_read
                0x00009b20        0xa ./obj/adc.o
                0x00009b20                adc_read
 *fill*         0x00009b2a        0x2 
 .text.adc_cal  0x00009b2c       0x90 ./obj/adc.o
                0x00009b2c                adc_cal
 .text.adc_init_inner
                0x00009bbc       0xa4 ./obj/adc.o
                0x00009bbc                adc_init_inner
 .text.adc_init
                0x00009c60        0xe ./obj/adc.o
                0x00009c60                adc_init
 *fill*         0x00009c6e        0x2 
 .text.SystemInit
                0x00009c70       0xc4 ./obj/system_MKL36Z4.o
                0x00009c70                SystemInit
 .text.tpm_clear_int
                0x00009d34       0x14 ./obj/timer.o
                0x00009d34                tpm_clear_int
 .text.timer_clear_int
                0x00009d48       0x24 ./obj/timer.o
                0x00009d48                timer_clear_int
 .text.TempRegression
                0x00009d6c       0x84 ./obj/main.o
                0x00009d6c                TempRegression
 .text.main     0x00009df0      0x434 ./obj/main.o
                0x00009df0                main
 .text.flash_read_physical
                0x0000a224        0x8 ./obj/flash.o
                0x0000a224                flash_read_physical
 .text.flash_isempty
                0x0000a22c       0x1e ./obj/flash.o
                0x0000a22c                flash_isempty
 *fill*         0x0000a24a        0x2 
 .text.flash_cmd_launch
                0x0000a24c       0x44 ./obj/flash.o
                0x0000a24c                flash_cmd_launch
 .text.flash_erase
                0x0000a290       0x68 ./obj/flash.o
                0x0000a290                flash_erase
 .text.flash_write_physical
                0x0000a2f8       0x54 ./obj/flash.o
                0x0000a2f8                flash_write_physical
 .text.gpio_get_port_pin
                0x0000a34c        0x8 ./obj/gpio.o
                0x0000a34c                gpio_get_port_pin
 .text.gpio_set
                0x0000a354       0x44 ./obj/gpio.o
                0x0000a354                gpio_set
 .text.gpio_init
                0x0000a398       0x78 ./obj/gpio.o
                0x0000a398                gpio_init
 .text.gpio_get
                0x0000a410       0x30 ./obj/gpio.o
                0x0000a410                gpio_get
 .text.gpio_pull
                0x0000a440       0x64 ./obj/gpio.o
                0x0000a440                gpio_pull
 .text.wdog_start
                0x0000a4a4       0x3c ./obj/wdog.o
                0x0000a4a4                wdog_start
 .text.wdog_feed
                0x0000a4e0       0x18 ./obj/wdog.o
                0x0000a4e0                wdog_feed
 .text.spi_init
                0x0000a4f8      0x214 ./obj/spi.o
                0x0000a4f8                spi_init
 .text.spi_send1
                0x0000a70c       0x34 ./obj/spi.o
                0x0000a70c                spi_send1
 .text.NumToStr_float
                0x0000a740      0x114 ./obj/NumToStr.o
                0x0000a740                NumToStr_float
 .text.Vectors_Init
                0x0000a854       0x8c ./obj/gec.o
                0x0000a854                Vectors_Init
 .text.uart_is_uartNo
                0x0000a8e0        0xc ./obj/uart.o
                0x0000a8e0                uart_is_uartNo
 .text.uart_init
                0x0000a8ec      0x148 ./obj/uart.o
                0x0000a8ec                uart_init
 .text.uart_send1
                0x0000aa34       0x5c ./obj/uart.o
                0x0000aa34                uart_send1
 .text.uart_re1
                0x0000aa90       0x68 ./obj/uart.o
                0x0000aa90                uart_re1
 .text.uart_enable_re_int
                0x0000aaf8       0x50 ./obj/uart.o
                0x0000aaf8                uart_enable_re_int
 .text.LCD_WR_DATA8
                0x0000ab48       0x34 ./obj/lcd.o
                0x0000ab48                LCD_WR_DATA8
 .text.LCD_WR_DATA
                0x0000ab7c       0x3c ./obj/lcd.o
                0x0000ab7c                LCD_WR_DATA
 .text.LCD_WR_REG
                0x0000abb8       0x34 ./obj/lcd.o
                0x0000abb8                LCD_WR_REG
 .text.LCD_WR_REG_DATA
                0x0000abec       0x10 ./obj/lcd.o
                0x0000abec                LCD_WR_REG_DATA
 .text.Address_set
                0x0000abfc       0x4e ./obj/lcd.o
                0x0000abfc                Address_set
 .text.LCD_Clear
                0x0000ac4a       0x36 ./obj/lcd.o
                0x0000ac4a                LCD_Clear
 .text.LCD_DrawPoint
                0x0000ac80       0x14 ./obj/lcd.o
                0x0000ac80                LCD_DrawPoint
 .text.LCD_DrawCircle
                0x0000ac94       0xfc ./obj/lcd.o
                0x0000ac94                LCD_DrawCircle
 .text.LCD_DrawLine
                0x0000ad90       0xae ./obj/lcd.o
                0x0000ad90                LCD_DrawLine
 .text.LCD_ShowCharactor
                0x0000ae3e       0x50 ./obj/lcd.o
                0x0000ae3e                LCD_ShowCharactor
 *fill*         0x0000ae8e        0x2 
 .text.LCD_ShowString
                0x0000ae90      0x108 ./obj/lcd.o
                0x0000ae90                LCD_ShowString
 .text.LCD_DrawSurface
                0x0000af98       0x3e ./obj/lcd.o
                0x0000af98                LCD_DrawSurface
 *fill*         0x0000afd6        0x2 
 .text.LCD_aotu
                0x0000afd8      0x108 ./obj/lcd.o
                0x0000afd8                LCD_aotu
 .text.LCD_Dly_ms
                0x0000b0e0       0x18 ./obj/lcd.o
                0x0000b0e0                LCD_Dly_ms
 .text.LCD_Init
                0x0000b0f8       0xb0 ./obj/lcd.o
                0x0000b0f8                LCD_Init
 .text.UART0_IRQHandler
                0x0000b1a8       0x28 ./obj/isr.o
                0x0000b1a8                UART0_IRQHandler
 .text.TPM1_IRQHandler
                0x0000b1d0        0xe ./obj/isr.o
                0x0000b1d0                TPM1_IRQHandler
 .text.printk_putc
                0x0000b1de       0x2a ./obj/printf.o
 .text.printk_mknumstr
                0x0000b208       0x84 ./obj/printf.o
 .text.printk_pad_zero
                0x0000b28c       0x1e ./obj/printf.o
 .text.printk_pad_space
                0x0000b2aa       0x1e ./obj/printf.o
 .text.out_char
                0x0000b2c8        0xc ./obj/printf.o
                0x0000b2c8                out_char
 .text.printk_mkfloatstr
                0x0000b2d4      0x188 ./obj/printf.o
                0x0000b2d4                printk_mkfloatstr
 .text.printk   0x0000b45c      0x560 ./obj/printf.o
                0x0000b45c                printk
 .text.myprintf
                0x0000b9bc       0x24 ./obj/printf.o
                0x0000b9bc                myprintf
 .text.log      0x0000b9e0      0x110 d:/ahl-gec-ide(4.11)/gcc/bin/../lib/gcc/arm-none-eabi/7.2.1/../../../../arm-none-eabi/lib/thumb/v6-m\libm.a(lib_a-w_log.o)
                0x0000b9e0                log
 .text.__ieee754_log
                0x0000baf0      0x3ac d:/ahl-gec-ide(4.11)/gcc/bin/../lib/gcc/arm-none-eabi/7.2.1/../../../../arm-none-eabi/lib/thumb/v6-m\libm.a(lib_a-e_log.o)
                0x0000baf0                __ieee754_log
 .text.matherr  0x0000be9c        0x4 d:/ahl-gec-ide(4.11)/gcc/bin/../lib/gcc/arm-none-eabi/7.2.1/../../../../arm-none-eabi/lib/thumb/v6-m\libm.a(lib_a-s_matherr.o)
                0x0000be9c                matherr
 .text.nan      0x0000bea0        0xc d:/ahl-gec-ide(4.11)/gcc/bin/../lib/gcc/arm-none-eabi/7.2.1/../../../../arm-none-eabi/lib/thumb/v6-m\libm.a(lib_a-s_nan.o)
                0x0000bea0                nan
 .text.__errno  0x0000beac        0xc d:/ahl-gec-ide(4.11)/gcc/bin/../lib/gcc/arm-none-eabi/7.2.1/../../../../arm-none-eabi/lib/thumb/v6-m\libg_nano.a(lib_a-errno.o)
                0x0000beac                __errno
 .text.memcpy   0x0000beb8       0x12 d:/ahl-gec-ide(4.11)/gcc/bin/../lib/gcc/arm-none-eabi/7.2.1/../../../../arm-none-eabi/lib/thumb/v6-m\libg_nano.a(lib_a-memcpy-stub.o)
                0x0000beb8                memcpy
 .text.memset   0x0000beca       0x10 d:/ahl-gec-ide(4.11)/gcc/bin/../lib/gcc/arm-none-eabi/7.2.1/../../../../arm-none-eabi/lib/thumb/v6-m\libg_nano.a(lib_a-memset.o)
                0x0000beca                memset
 *(.rodata)
 *fill*         0x0000beda        0x2 
 .rodata        0x0000bedc       0x80 d:/ahl-gec-ide(4.11)/gcc/bin/../lib/gcc/arm-none-eabi/7.2.1/thumb/v6-m\libgcc.a(divsf3.o)
 .rodata        0x0000bf5c       0x40 d:/ahl-gec-ide(4.11)/gcc/bin/../lib/gcc/arm-none-eabi/7.2.1/thumb/v6-m\libgcc.a(mulsf3.o)
 .rodata        0x0000bf9c       0x40 d:/ahl-gec-ide(4.11)/gcc/bin/../lib/gcc/arm-none-eabi/7.2.1/thumb/v6-m\libgcc.a(divdf3.o)
 .rodata        0x0000bfdc       0x40 d:/ahl-gec-ide(4.11)/gcc/bin/../lib/gcc/arm-none-eabi/7.2.1/thumb/v6-m\libgcc.a(muldf3.o)
 *(.rodata*)
 .rodata.adc_init_inner
                0x0000c01c       0x18 ./obj/adc.o
 .rodata.main.str1.4
                0x0000c034      0x14a ./obj/main.o
                                0x152 (size before relaxing)
 *fill*         0x0000c17e        0x2 
 .rodata.GPIO_ARR
                0x0000c180       0x14 ./obj/gpio.o
                0x0000c180                GPIO_ARR
 .rodata.PORT_ARR
                0x0000c194       0x14 ./obj/gpio.o
                0x0000c194                PORT_ARR
 .rodata.Vectors_Init.str1.4
                0x0000c1a8       0x48 ./obj/gec.o
 .rodata.UART_ARR
                0x0000c1f0        0x8 ./obj/uart.o
                0x0000c1f0                UART_ARR
 .rodata.GB_16  0x0000c1f8       0x66 ./obj/lcd.o
 *fill*         0x0000c25e        0x2 
 .rodata.nAsciiDot
                0x0000c260      0x600 ./obj/lcd.o
 .rodata.printk
                0x0000c860       0xc8 ./obj/printf.o
 .rodata.log.str1.4
                0x0000c928        0x4 d:/ahl-gec-ide(4.11)/gcc/bin/../lib/gcc/arm-none-eabi/7.2.1/../../../../arm-none-eabi/lib/thumb/v6-m\libm.a(lib_a-w_log.o)
                                  0x5 (size before relaxing)
 *(.glue_7)
 .glue_7        0x0000c92c        0x0 linker stubs
 *(.glue_7t)
 .glue_7t       0x0000c92c        0x0 linker stubs
 *(.eh_frame)
 .eh_frame      0x0000c92c        0x0 d:/ahl-gec-ide(4.11)/gcc/bin/../lib/gcc/arm-none-eabi/7.2.1/thumb/v6-m/crtbegin.o
 *(.init)
 .init          0x0000c92c        0x4 d:/ahl-gec-ide(4.11)/gcc/bin/../lib/gcc/arm-none-eabi/7.2.1/thumb/v6-m/crti.o
                0x0000c92c                _init
 .init          0x0000c930        0x8 d:/ahl-gec-ide(4.11)/gcc/bin/../lib/gcc/arm-none-eabi/7.2.1/thumb/v6-m/crtn.o
 *(.fini)
 .fini          0x0000c938        0x4 d:/ahl-gec-ide(4.11)/gcc/bin/../lib/gcc/arm-none-eabi/7.2.1/thumb/v6-m/crti.o
                0x0000c938                _fini
 .fini          0x0000c93c        0x8 d:/ahl-gec-ide(4.11)/gcc/bin/../lib/gcc/arm-none-eabi/7.2.1/thumb/v6-m/crtn.o
                0x0000c944                . = ALIGN (0x4)

.vfp11_veneer   0x0000c944        0x0
 .vfp11_veneer  0x0000c944        0x0 linker stubs

.v4_bx          0x0000c944        0x0
 .v4_bx         0x0000c944        0x0 linker stubs

.iplt           0x0000c944        0x0
 .iplt          0x0000c944        0x0 d:/ahl-gec-ide(4.11)/gcc/bin/../lib/gcc/arm-none-eabi/7.2.1/thumb/v6-m/crtbegin.o

.ARM.extab
 *(.ARM.extab* .gnu.linkonce.armextab.*)

.ARM            0x0000c944        0x8
                0x0000c944                __exidx_start = .
 *(.ARM.exidx*)
 .ARM.exidx     0x0000c944        0x8 d:/ahl-gec-ide(4.11)/gcc/bin/../lib/gcc/arm-none-eabi/7.2.1/thumb/v6-m\libgcc.a(_udivmoddi4.o)
                0x0000c94c                __exidx_end = .

.rel.dyn        0x0000c94c        0x0
 .rel.iplt      0x0000c94c        0x0 d:/ahl-gec-ide(4.11)/gcc/bin/../lib/gcc/arm-none-eabi/7.2.1/thumb/v6-m/crtbegin.o

.ctors          0x0000c94c        0x0
                0x0000c94c                __CTOR_LIST__ = .
 *crtbegin.o(.ctors)
 *crtbegin?.o(.ctors)
 *(EXCLUDE_FILE(*crtend.o *crtend?.o) .ctors)
 *(SORT_BY_NAME(.ctors.*))
 *(.ctors)
                0x0000c94c                __CTOR_END__ = .

.dtors          0x0000c94c        0x0
                0x0000c94c                __DTOR_LIST__ = .
 *crtbegin.o(.dtors)
 *crtbegin?.o(.dtors)
 *(EXCLUDE_FILE(*crtend.o *crtend?.o) .dtors)
 *(SORT_BY_NAME(.dtors.*))
 *(.dtors)
                0x0000c94c                __DTOR_END__ = .

.preinit_array  0x0000c94c        0x0
                0x0000c94c                PROVIDE (__preinit_array_start, .)
 *(.preinit_array*)
                0x0000c94c                PROVIDE (__preinit_array_end, .)

.init_array     0x0000c94c        0x4
                0x0000c94c                PROVIDE (__init_array_start, .)
 *(SORT_BY_NAME(.init_array.*))
 *(.init_array*)
 .init_array    0x0000c94c        0x4 d:/ahl-gec-ide(4.11)/gcc/bin/../lib/gcc/arm-none-eabi/7.2.1/thumb/v6-m/crtbegin.o
                0x0000c950                PROVIDE (__init_array_end, .)

.fini_array     0x0000c950        0x4
                [!provide]                PROVIDE (__fini_array_start, .)
 *(SORT_BY_NAME(.fini_array.*))
 *(.fini_array*)
 .fini_array    0x0000c950        0x4 d:/ahl-gec-ide(4.11)/gcc/bin/../lib/gcc/arm-none-eabi/7.2.1/thumb/v6-m/crtbegin.o
                [!provide]                PROVIDE (__fini_array_end, .)
                0x0000c954                __etext = .
                0x0000c954                __DATA_ROM = .

.mtb            0x20000400        0x0
                0x20000400                . = ALIGN (0x8)
                0x20000400                _mtb_start = .
 *(.mtb_buf)
                0x20000400                . = ALIGN (0x8)
                0x20000400                _mtb_end = .

.data           0x20000400       0x78 load address 0x0000c954
                0x20000400                . = ALIGN (0x4)
                0x20000400                __DATA_RAM = .
                0x20000400                __data_start__ = .
 *(.data)
 *(.data*)
 .data.SystemCoreClock
                0x20000400        0x4 ./obj/system_MKL36Z4.o
                0x20000400                SystemCoreClock
 .data.TPM_ARR  0x20000404        0xc ./obj/timer.o
                0x20000404                TPM_ARR
 .data.table_irq_uart
                0x20000410        0x3 ./obj/uart.o
                0x20000410                table_irq_uart
 .data.__fdlib_version
                0x20000413        0x1 d:/ahl-gec-ide(4.11)/gcc/bin/../lib/gcc/arm-none-eabi/7.2.1/../../../../arm-none-eabi/lib/thumb/v6-m\libm.a(lib_a-s_lib_ver.o)
                0x20000413                __fdlib_version
 .data._impure_ptr
                0x20000414        0x4 d:/ahl-gec-ide(4.11)/gcc/bin/../lib/gcc/arm-none-eabi/7.2.1/../../../../arm-none-eabi/lib/thumb/v6-m\libg_nano.a(lib_a-impure.o)
                0x20000414                _impure_ptr
 .data.impure_data
                0x20000418       0x60 d:/ahl-gec-ide(4.11)/gcc/bin/../lib/gcc/arm-none-eabi/7.2.1/../../../../arm-none-eabi/lib/thumb/v6-m\libg_nano.a(lib_a-impure.o)
 *(.jcr*)
                0x20000478                . = ALIGN (0x4)
                0x20000478                __data_end__ = .
                0x0000c9cc                __DATA_END = (__DATA_ROM + (__data_end__ - __data_start__))

.igot.plt       0x20000478        0x0 load address 0x0000c9cc
 .igot.plt      0x20000478        0x0 d:/ahl-gec-ide(4.11)/gcc/bin/../lib/gcc/arm-none-eabi/7.2.1/thumb/v6-m/crtbegin.o

.bss            0x20000478       0x24 load address 0x0000c9cc
                0x20000478                . = ALIGN (0x4)
                0x20000478                __START_BSS = .
                0x20000478                __bss_start__ = .
 *(.bss)
 .bss           0x20000478       0x1c d:/ahl-gec-ide(4.11)/gcc/bin/../lib/gcc/arm-none-eabi/7.2.1/thumb/v6-m/crtbegin.o
 *(.bss*)
 *(COMMON)
 COMMON         0x20000494        0x8 ./obj/tm1637.o
                0x20000494                DIO_PIN
                0x20000496                CLK_PIN
                0x20000498                component_fun
                0x2000049c                . = ALIGN (0x4)
                0x2000049c                __bss_end__ = .
                0x2000049c                __END_BSS = .

.heap           0x2000049c      0x204 load address 0x0000c9f0
                0x200004a0                . = ALIGN (0x8)
 *fill*         0x2000049c        0x4 
                0x200004a0                __end__ = .
                [!provide]                PROVIDE (end, .)
                0x200004a0                __HeapBase = .
                0x200006a0                . = (. + HEAP_SIZE)
 *fill*         0x200004a0      0x200 
                0x200006a0                __HeapLimit = .

.stack          0x200006a0      0x100 load address 0x0000cbf4
                0x200006a0                . = ALIGN (0x8)
                0x200007a0                . = (. + STACK_SIZE)
 *fill*         0x200006a0      0x100 
                0x20001800                __StackTop = (ORIGIN (m_data) + LENGTH (m_data))
                0x20001700                __StackLimit = (__StackTop - STACK_SIZE)
                0x20001800                PROVIDE (__stack, __StackTop)

.ARM.attributes
                0x00000000       0x28
 *(.ARM.attributes)
 .ARM.attributes
                0x00000000       0x1e d:/ahl-gec-ide(4.11)/gcc/bin/../lib/gcc/arm-none-eabi/7.2.1/thumb/v6-m/crti.o
 .ARM.attributes
                0x0000001e       0x2c d:/ahl-gec-ide(4.11)/gcc/bin/../lib/gcc/arm-none-eabi/7.2.1/thumb/v6-m/crtbegin.o
 .ARM.attributes
                0x0000004a       0x32 ./obj/adc.o
 .ARM.attributes
                0x0000007c       0x32 ./obj/system_MKL36Z4.o
 .ARM.attributes
                0x000000ae       0x32 ./obj/timer.o
 .ARM.attributes
                0x000000e0       0x32 ./obj/tm1637.o
 .ARM.attributes
                0x00000112       0x32 ./obj/main.o
 .ARM.attributes
                0x00000144       0x32 ./obj/flash.o
 .ARM.attributes
                0x00000176       0x32 ./obj/gpio.o
 .ARM.attributes
                0x000001a8       0x32 ./obj/wdog.o
 .ARM.attributes
                0x000001da       0x32 ./obj/spi.o
 .ARM.attributes
                0x0000020c       0x32 ./obj/NumToStr.o
 .ARM.attributes
                0x0000023e       0x32 ./obj/gec.o
 .ARM.attributes
                0x00000270       0x32 ./obj/uart.o
 .ARM.attributes
                0x000002a2       0x32 ./obj/lcd.o
 .ARM.attributes
                0x000002d4       0x32 ./obj/isr.o
 .ARM.attributes
                0x00000306       0x32 ./obj/printf.o
 .ARM.attributes
                0x00000338       0x1b ./obj/startup_MKL36Z4.o
 .ARM.attributes
                0x00000353       0x2c d:/ahl-gec-ide(4.11)/gcc/bin/../lib/gcc/arm-none-eabi/7.2.1/../../../../arm-none-eabi/lib/thumb/v6-m\libm.a(lib_a-w_log.o)
 .ARM.attributes
                0x0000037f       0x2c d:/ahl-gec-ide(4.11)/gcc/bin/../lib/gcc/arm-none-eabi/7.2.1/../../../../arm-none-eabi/lib/thumb/v6-m\libm.a(lib_a-e_log.o)
 .ARM.attributes
                0x000003ab       0x2c d:/ahl-gec-ide(4.11)/gcc/bin/../lib/gcc/arm-none-eabi/7.2.1/../../../../arm-none-eabi/lib/thumb/v6-m\libm.a(lib_a-s_lib_ver.o)
 .ARM.attributes
                0x000003d7       0x2c d:/ahl-gec-ide(4.11)/gcc/bin/../lib/gcc/arm-none-eabi/7.2.1/../../../../arm-none-eabi/lib/thumb/v6-m\libm.a(lib_a-s_matherr.o)
 .ARM.attributes
                0x00000403       0x2c d:/ahl-gec-ide(4.11)/gcc/bin/../lib/gcc/arm-none-eabi/7.2.1/../../../../arm-none-eabi/lib/thumb/v6-m\libm.a(lib_a-s_nan.o)
 .ARM.attributes
                0x0000042f       0x1e d:/ahl-gec-ide(4.11)/gcc/bin/../lib/gcc/arm-none-eabi/7.2.1/thumb/v6-m\libgcc.a(_udivsi3.o)
 .ARM.attributes
                0x0000044d       0x1e d:/ahl-gec-ide(4.11)/gcc/bin/../lib/gcc/arm-none-eabi/7.2.1/thumb/v6-m\libgcc.a(_divsi3.o)
 .ARM.attributes
                0x0000046b       0x1e d:/ahl-gec-ide(4.11)/gcc/bin/../lib/gcc/arm-none-eabi/7.2.1/thumb/v6-m\libgcc.a(_dvmd_tls.o)
 .ARM.attributes
                0x00000489       0x1e d:/ahl-gec-ide(4.11)/gcc/bin/../lib/gcc/arm-none-eabi/7.2.1/thumb/v6-m\libgcc.a(_arm_cmpdf2.o)
 .ARM.attributes
                0x000004a7       0x1e d:/ahl-gec-ide(4.11)/gcc/bin/../lib/gcc/arm-none-eabi/7.2.1/thumb/v6-m\libgcc.a(_arm_cmpsf2.o)
 .ARM.attributes
                0x000004c5       0x1e d:/ahl-gec-ide(4.11)/gcc/bin/../lib/gcc/arm-none-eabi/7.2.1/thumb/v6-m\libgcc.a(_aeabi_uldivmod.o)
 .ARM.attributes
                0x000004e3       0x2c d:/ahl-gec-ide(4.11)/gcc/bin/../lib/gcc/arm-none-eabi/7.2.1/thumb/v6-m\libgcc.a(_fixunsdfsi.o)
 .ARM.attributes
                0x0000050f       0x2c d:/ahl-gec-ide(4.11)/gcc/bin/../lib/gcc/arm-none-eabi/7.2.1/thumb/v6-m\libgcc.a(_fixunsdfdi.o)
 .ARM.attributes
                0x0000053b       0x2c d:/ahl-gec-ide(4.11)/gcc/bin/../lib/gcc/arm-none-eabi/7.2.1/thumb/v6-m\libgcc.a(_udivmoddi4.o)
 .ARM.attributes
                0x00000567       0x2c d:/ahl-gec-ide(4.11)/gcc/bin/../lib/gcc/arm-none-eabi/7.2.1/thumb/v6-m\libgcc.a(divsf3.o)
 .ARM.attributes
                0x00000593       0x2c d:/ahl-gec-ide(4.11)/gcc/bin/../lib/gcc/arm-none-eabi/7.2.1/thumb/v6-m\libgcc.a(eqsf2.o)
 .ARM.attributes
                0x000005bf       0x2c d:/ahl-gec-ide(4.11)/gcc/bin/../lib/gcc/arm-none-eabi/7.2.1/thumb/v6-m\libgcc.a(gesf2.o)
 .ARM.attributes
                0x000005eb       0x2c d:/ahl-gec-ide(4.11)/gcc/bin/../lib/gcc/arm-none-eabi/7.2.1/thumb/v6-m\libgcc.a(lesf2.o)
 .ARM.attributes
                0x00000617       0x2c d:/ahl-gec-ide(4.11)/gcc/bin/../lib/gcc/arm-none-eabi/7.2.1/thumb/v6-m\libgcc.a(mulsf3.o)
 .ARM.attributes
                0x00000643       0x2c d:/ahl-gec-ide(4.11)/gcc/bin/../lib/gcc/arm-none-eabi/7.2.1/thumb/v6-m\libgcc.a(subsf3.o)
 .ARM.attributes
                0x0000066f       0x2c d:/ahl-gec-ide(4.11)/gcc/bin/../lib/gcc/arm-none-eabi/7.2.1/thumb/v6-m\libgcc.a(fixsfsi.o)
 .ARM.attributes
                0x0000069b       0x2c d:/ahl-gec-ide(4.11)/gcc/bin/../lib/gcc/arm-none-eabi/7.2.1/thumb/v6-m\libgcc.a(floatsisf.o)
 .ARM.attributes
                0x000006c7       0x2c d:/ahl-gec-ide(4.11)/gcc/bin/../lib/gcc/arm-none-eabi/7.2.1/thumb/v6-m\libgcc.a(floatunsisf.o)
 .ARM.attributes
                0x000006f3       0x2c d:/ahl-gec-ide(4.11)/gcc/bin/../lib/gcc/arm-none-eabi/7.2.1/thumb/v6-m\libgcc.a(adddf3.o)
 .ARM.attributes
                0x0000071f       0x2c d:/ahl-gec-ide(4.11)/gcc/bin/../lib/gcc/arm-none-eabi/7.2.1/thumb/v6-m\libgcc.a(divdf3.o)
 .ARM.attributes
                0x0000074b       0x2c d:/ahl-gec-ide(4.11)/gcc/bin/../lib/gcc/arm-none-eabi/7.2.1/thumb/v6-m\libgcc.a(eqdf2.o)
 .ARM.attributes
                0x00000777       0x2c d:/ahl-gec-ide(4.11)/gcc/bin/../lib/gcc/arm-none-eabi/7.2.1/thumb/v6-m\libgcc.a(gedf2.o)
 .ARM.attributes
                0x000007a3       0x2c d:/ahl-gec-ide(4.11)/gcc/bin/../lib/gcc/arm-none-eabi/7.2.1/thumb/v6-m\libgcc.a(ledf2.o)
 .ARM.attributes
                0x000007cf       0x2c d:/ahl-gec-ide(4.11)/gcc/bin/../lib/gcc/arm-none-eabi/7.2.1/thumb/v6-m\libgcc.a(muldf3.o)
 .ARM.attributes
                0x000007fb       0x2c d:/ahl-gec-ide(4.11)/gcc/bin/../lib/gcc/arm-none-eabi/7.2.1/thumb/v6-m\libgcc.a(subdf3.o)
 .ARM.attributes
                0x00000827       0x2c d:/ahl-gec-ide(4.11)/gcc/bin/../lib/gcc/arm-none-eabi/7.2.1/thumb/v6-m\libgcc.a(unorddf2.o)
 .ARM.attributes
                0x00000853       0x2c d:/ahl-gec-ide(4.11)/gcc/bin/../lib/gcc/arm-none-eabi/7.2.1/thumb/v6-m\libgcc.a(fixdfsi.o)
 .ARM.attributes
                0x0000087f       0x2c d:/ahl-gec-ide(4.11)/gcc/bin/../lib/gcc/arm-none-eabi/7.2.1/thumb/v6-m\libgcc.a(floatsidf.o)
 .ARM.attributes
                0x000008ab       0x2c d:/ahl-gec-ide(4.11)/gcc/bin/../lib/gcc/arm-none-eabi/7.2.1/thumb/v6-m\libgcc.a(floatunsidf.o)
 .ARM.attributes
                0x000008d7       0x2c d:/ahl-gec-ide(4.11)/gcc/bin/../lib/gcc/arm-none-eabi/7.2.1/thumb/v6-m\libgcc.a(extendsfdf2.o)
 .ARM.attributes
                0x00000903       0x2c d:/ahl-gec-ide(4.11)/gcc/bin/../lib/gcc/arm-none-eabi/7.2.1/thumb/v6-m\libgcc.a(truncdfsf2.o)
 .ARM.attributes
                0x0000092f       0x1e d:/ahl-gec-ide(4.11)/gcc/bin/../lib/gcc/arm-none-eabi/7.2.1/thumb/v6-m\libgcc.a(_clzsi2.o)
 .ARM.attributes
                0x0000094d       0x1e d:/ahl-gec-ide(4.11)/gcc/bin/../lib/gcc/arm-none-eabi/7.2.1/thumb/v6-m\libgcc.a(_clzdi2.o)
 .ARM.attributes
                0x0000096b       0x2c d:/ahl-gec-ide(4.11)/gcc/bin/../lib/gcc/arm-none-eabi/7.2.1/../../../../arm-none-eabi/lib/thumb/v6-m\libg_nano.a(lib_a-errno.o)
 .ARM.attributes
                0x00000997       0x2c d:/ahl-gec-ide(4.11)/gcc/bin/../lib/gcc/arm-none-eabi/7.2.1/../../../../arm-none-eabi/lib/thumb/v6-m\libg_nano.a(lib_a-impure.o)
 .ARM.attributes
                0x000009c3       0x2c d:/ahl-gec-ide(4.11)/gcc/bin/../lib/gcc/arm-none-eabi/7.2.1/../../../../arm-none-eabi/lib/thumb/v6-m\libg_nano.a(lib_a-memcpy-stub.o)
 .ARM.attributes
                0x000009ef       0x2c d:/ahl-gec-ide(4.11)/gcc/bin/../lib/gcc/arm-none-eabi/7.2.1/../../../../arm-none-eabi/lib/thumb/v6-m\libg_nano.a(lib_a-memset.o)
 .ARM.attributes
                0x00000a1b       0x1c d:/ahl-gec-ide(4.11)/gcc/bin/../lib/gcc/arm-none-eabi/7.2.1/../../../../arm-none-eabi/lib/thumb/v6-m\libg_nano.a(lib_a-strlen.o)
 .ARM.attributes
                0x00000a37       0x1e d:/ahl-gec-ide(4.11)/gcc/bin/../lib/gcc/arm-none-eabi/7.2.1/thumb/v6-m/crtn.o
                0x00000001                ASSERT ((__StackLimit >= __HeapLimit), region m_data overflowed with stack and heap)
OUTPUT(ÕÍ…∆.elf elf32-littlearm)

.debug_info     0x00000000     0xf2f5
 .debug_info    0x00000000      0xdb8 ./obj/adc.o
 .debug_info    0x00000db8      0x402 ./obj/system_MKL36Z4.o
 .debug_info    0x000011ba      0xa03 ./obj/timer.o
 .debug_info    0x00001bbd     0x1440 ./obj/tm1637.o
 .debug_info    0x00002ffd     0x1c8a ./obj/main.o
 .debug_info    0x00004c87      0xf4b ./obj/flash.o
 .debug_info    0x00005bd2     0x11e6 ./obj/gpio.o
 .debug_info    0x00006db8      0xaf5 ./obj/wdog.o
 .debug_info    0x000078ad     0x10d7 ./obj/spi.o
 .debug_info    0x00008984      0x201 ./obj/NumToStr.o
 .debug_info    0x00008b85     0x11bb ./obj/gec.o
 .debug_info    0x00009d40     0x13ea ./obj/uart.o
 .debug_info    0x0000b12a     0x1c77 ./obj/lcd.o
 .debug_info    0x0000cda1     0x108e ./obj/isr.o
 .debug_info    0x0000de2f     0x14a0 ./obj/printf.o
 .debug_info    0x0000f2cf       0x26 ./obj/startup_MKL36Z4.o

.debug_abbrev   0x00000000     0x2687
 .debug_abbrev  0x00000000      0x257 ./obj/adc.o
 .debug_abbrev  0x00000257       0xed ./obj/system_MKL36Z4.o
 .debug_abbrev  0x00000344      0x291 ./obj/timer.o
 .debug_abbrev  0x000005d5      0x289 ./obj/tm1637.o
 .debug_abbrev  0x0000085e      0x318 ./obj/main.o
 .debug_abbrev  0x00000b76      0x363 ./obj/flash.o
 .debug_abbrev  0x00000ed9      0x35a ./obj/gpio.o
 .debug_abbrev  0x00001233      0x204 ./obj/wdog.o
 .debug_abbrev  0x00001437      0x2fd ./obj/spi.o
 .debug_abbrev  0x00001734       0x9d ./obj/NumToStr.o
 .debug_abbrev  0x000017d1      0x24b ./obj/gec.o
 .debug_abbrev  0x00001a1c      0x399 ./obj/uart.o
 .debug_abbrev  0x00001db5      0x353 ./obj/lcd.o
 .debug_abbrev  0x00002108      0x24f ./obj/isr.o
 .debug_abbrev  0x00002357      0x31c ./obj/printf.o
 .debug_abbrev  0x00002673       0x14 ./obj/startup_MKL36Z4.o

.debug_loc      0x00000000     0x3fcc
 .debug_loc     0x00000000      0x278 ./obj/adc.o
 .debug_loc     0x00000278      0x3d4 ./obj/timer.o
 .debug_loc     0x0000064c      0x1d7 ./obj/tm1637.o
 .debug_loc     0x00000823      0x16c ./obj/main.o
 .debug_loc     0x0000098f      0x63b ./obj/flash.o
 .debug_loc     0x00000fca      0x336 ./obj/gpio.o
 .debug_loc     0x00001300       0x53 ./obj/wdog.o
 .debug_loc     0x00001353      0x3e2 ./obj/spi.o
 .debug_loc     0x00001735      0x39e ./obj/NumToStr.o
 .debug_loc     0x00001ad3       0x14 ./obj/gec.o
 .debug_loc     0x00001ae7      0x58a ./obj/uart.o
 .debug_loc     0x00002071      0xd13 ./obj/lcd.o
 .debug_loc     0x00002d84       0x1e ./obj/isr.o
 .debug_loc     0x00002da2     0x122a ./obj/printf.o

.debug_aranges  0x00000000      0x4f0
 .debug_aranges
                0x00000000       0x40 ./obj/adc.o
 .debug_aranges
                0x00000040       0x20 ./obj/system_MKL36Z4.o
 .debug_aranges
                0x00000060       0x88 ./obj/timer.o
 .debug_aranges
                0x000000e8       0x50 ./obj/tm1637.o
 .debug_aranges
                0x00000138       0x38 ./obj/main.o
 .debug_aranges
                0x00000170       0x70 ./obj/flash.o
 .debug_aranges
                0x000001e0       0x78 ./obj/gpio.o
 .debug_aranges
                0x00000258       0x30 ./obj/wdog.o
 .debug_aranges
                0x00000288       0x50 ./obj/spi.o
 .debug_aranges
                0x000002d8       0x28 ./obj/NumToStr.o
 .debug_aranges
                0x00000300       0x20 ./obj/gec.o
 .debug_aranges
                0x00000320       0x70 ./obj/uart.o
 .debug_aranges
                0x00000390       0xc0 ./obj/lcd.o
 .debug_aranges
                0x00000450       0x28 ./obj/isr.o
 .debug_aranges
                0x00000478       0x58 ./obj/printf.o
 .debug_aranges
                0x000004d0       0x20 ./obj/startup_MKL36Z4.o

.debug_ranges   0x00000000      0x3e0
 .debug_ranges  0x00000000       0x30 ./obj/adc.o
 .debug_ranges  0x00000030       0x10 ./obj/system_MKL36Z4.o
 .debug_ranges  0x00000040       0x78 ./obj/timer.o
 .debug_ranges  0x000000b8       0x40 ./obj/tm1637.o
 .debug_ranges  0x000000f8       0x28 ./obj/main.o
 .debug_ranges  0x00000120       0x60 ./obj/flash.o
 .debug_ranges  0x00000180       0x68 ./obj/gpio.o
 .debug_ranges  0x000001e8       0x20 ./obj/wdog.o
 .debug_ranges  0x00000208       0x40 ./obj/spi.o
 .debug_ranges  0x00000248       0x18 ./obj/NumToStr.o
 .debug_ranges  0x00000260       0x10 ./obj/gec.o
 .debug_ranges  0x00000270       0x60 ./obj/uart.o
 .debug_ranges  0x000002d0       0xb0 ./obj/lcd.o
 .debug_ranges  0x00000380       0x18 ./obj/isr.o
 .debug_ranges  0x00000398       0x48 ./obj/printf.o

.debug_macro    0x00000000     0xfec7
 .debug_macro   0x00000000      0x193 ./obj/adc.o
 .debug_macro   0x00000193      0xafc ./obj/adc.o
 .debug_macro   0x00000c8f       0x16 ./obj/adc.o
 .debug_macro   0x00000ca5       0x22 ./obj/adc.o
 .debug_macro   0x00000cc7       0x4f ./obj/adc.o
 .debug_macro   0x00000d16       0x51 ./obj/adc.o
 .debug_macro   0x00000d67       0xef ./obj/adc.o
 .debug_macro   0x00000e56       0x6a ./obj/adc.o
 .debug_macro   0x00000ec0      0x1df ./obj/adc.o
 .debug_macro   0x0000109f       0x39 ./obj/adc.o
 .debug_macro   0x000010d8       0x3a ./obj/adc.o
 .debug_macro   0x00001112       0x26 ./obj/adc.o
 .debug_macro   0x00001138      0x306 ./obj/adc.o
 .debug_macro   0x0000143e     0xc3a9 ./obj/adc.o
 .debug_macro   0x0000d7e7       0x34 ./obj/adc.o
 .debug_macro   0x0000d81b       0x46 ./obj/adc.o
 .debug_macro   0x0000d861       0x58 ./obj/adc.o
 .debug_macro   0x0000d8b9       0x17 ./obj/adc.o
 .debug_macro   0x0000d8d0       0x35 ./obj/adc.o
 .debug_macro   0x0000d905       0x9c ./obj/adc.o
 .debug_macro   0x0000d9a1      0x16d ./obj/adc.o
 .debug_macro   0x0000db0e       0x58 ./obj/adc.o
 .debug_macro   0x0000db66       0x1f ./obj/adc.o
 .debug_macro   0x0000db85       0x43 ./obj/adc.o
 .debug_macro   0x0000dbc8       0x20 ./obj/adc.o
 .debug_macro   0x0000dbe8      0x18e ./obj/adc.o
 .debug_macro   0x0000dd76      0x353 ./obj/adc.o
 .debug_macro   0x0000e0c9       0x10 ./obj/adc.o
 .debug_macro   0x0000e0d9       0x35 ./obj/adc.o
 .debug_macro   0x0000e10e       0x94 ./obj/adc.o
 .debug_macro   0x0000e1a2       0xa0 ./obj/system_MKL36Z4.o
 .debug_macro   0x0000e242       0x4b ./obj/system_MKL36Z4.o
 .debug_macro   0x0000e28d       0xe6 ./obj/timer.o
 .debug_macro   0x0000e373       0x2e ./obj/timer.o
 .debug_macro   0x0000e3a1      0x24e ./obj/tm1637.o
 .debug_macro   0x0000e5ef       0x28 ./obj/tm1637.o
 .debug_macro   0x0000e617       0x9a ./obj/tm1637.o
 .debug_macro   0x0000e6b1       0x6a ./obj/tm1637.o
 .debug_macro   0x0000e71b       0x22 ./obj/tm1637.o
 .debug_macro   0x0000e73d       0x9a ./obj/tm1637.o
 .debug_macro   0x0000e7d7       0x34 ./obj/tm1637.o
 .debug_macro   0x0000e80b       0x58 ./obj/tm1637.o
 .debug_macro   0x0000e863       0x16 ./obj/tm1637.o
 .debug_macro   0x0000e879       0xce ./obj/tm1637.o
 .debug_macro   0x0000e947       0xbe ./obj/tm1637.o
 .debug_macro   0x0000ea05       0xde ./obj/tm1637.o
 .debug_macro   0x0000eae3       0x22 ./obj/tm1637.o
 .debug_macro   0x0000eb05      0x24a ./obj/main.o
 .debug_macro   0x0000ed4f      0x193 ./obj/flash.o
 .debug_macro   0x0000eee2       0x64 ./obj/flash.o
 .debug_macro   0x0000ef46      0x193 ./obj/gpio.o
 .debug_macro   0x0000f0d9       0x52 ./obj/gpio.o
 .debug_macro   0x0000f12b      0x193 ./obj/wdog.o
 .debug_macro   0x0000f2be       0x1c ./obj/wdog.o
 .debug_macro   0x0000f2da      0x1a2 ./obj/spi.o
 .debug_macro   0x0000f47c       0xca ./obj/NumToStr.o
 .debug_macro   0x0000f546      0x244 ./obj/gec.o
 .debug_macro   0x0000f78a      0x193 ./obj/uart.o
 .debug_macro   0x0000f91d      0x1c4 ./obj/lcd.o
 .debug_macro   0x0000fae1      0x244 ./obj/isr.o
 .debug_macro   0x0000fd25      0x1a2 ./obj/printf.o

.debug_line     0x00000000     0x4cdd
 .debug_line    0x00000000      0x43f ./obj/adc.o
 .debug_line    0x0000043f      0x298 ./obj/system_MKL36Z4.o
 .debug_line    0x000006d7      0x471 ./obj/timer.o
 .debug_line    0x00000b48      0x640 ./obj/tm1637.o
 .debug_line    0x00001188      0x630 ./obj/main.o
 .debug_line    0x000017b8      0x540 ./obj/flash.o
 .debug_line    0x00001cf8      0x4e6 ./obj/gpio.o
 .debug_line    0x000021de      0x3e1 ./obj/wdog.o
 .debug_line    0x000025bf      0x505 ./obj/spi.o
 .debug_line    0x00002ac4      0x359 ./obj/NumToStr.o
 .debug_line    0x00002e1d      0x57e ./obj/gec.o
 .debug_line    0x0000339b      0x55f ./obj/uart.o
 .debug_line    0x000038fa      0x777 ./obj/lcd.o
 .debug_line    0x00004071      0x588 ./obj/isr.o
 .debug_line    0x000045f9      0x676 ./obj/printf.o
 .debug_line    0x00004c6f       0x6e ./obj/startup_MKL36Z4.o

.debug_str      0x00000000    0x4fcde
 .debug_str     0x00000000    0x4ded2 ./obj/adc.o
                              0x4e3ce (size before relaxing)
 .debug_str     0x0004ded2       0x5c ./obj/system_MKL36Z4.o
                              0x4adf2 (size before relaxing)
 .debug_str     0x0004df2e      0x453 ./obj/timer.o
                              0x4b4bb (size before relaxing)
 .debug_str     0x0004e381      0xfd8 ./obj/tm1637.o
                              0x4f2a7 (size before relaxing)
 .debug_str     0x0004f359      0x151 ./obj/main.o
                              0x4f37e (size before relaxing)
 .debug_str     0x0004f4aa      0x1e6 ./obj/flash.o
                              0x4e2e0 (size before relaxing)
 .debug_str     0x0004f690      0x10a ./obj/gpio.o
                              0x4e468 (size before relaxing)
 .debug_str     0x0004f79a       0x1e ./obj/wdog.o
                              0x4e11a (size before relaxing)
 .debug_str     0x0004f7b8       0xce ./obj/spi.o
                              0x4e487 (size before relaxing)
 .debug_str     0x0004f886       0x27 ./obj/NumToStr.o
                              0x4ae84 (size before relaxing)
 .debug_str     0x0004f8ad       0x51 ./obj/gec.o
                              0x4f285 (size before relaxing)
 .debug_str     0x0004f8fe       0xf9 ./obj/uart.o
                              0x4e48e (size before relaxing)
 .debug_str     0x0004f9f7      0x171 ./obj/lcd.o
                              0x4e584 (size before relaxing)
 .debug_str     0x0004fb68        0xb ./obj/isr.o
                              0x4f23d (size before relaxing)
 .debug_str     0x0004fb73      0x145 ./obj/printf.o
                              0x4e45b (size before relaxing)
 .debug_str     0x0004fcb8       0x26 ./obj/startup_MKL36Z4.o
                                 0x6e (size before relaxing)

.comment        0x00000000       0x7e
 .comment       0x00000000       0x7e ./obj/adc.o
                                 0x7f (size before relaxing)
 .comment       0x0000007e       0x7f ./obj/system_MKL36Z4.o
 .comment       0x0000007e       0x7f ./obj/timer.o
 .comment       0x0000007e       0x7f ./obj/tm1637.o
 .comment       0x0000007e       0x7f ./obj/main.o
 .comment       0x0000007e       0x7f ./obj/flash.o
 .comment       0x0000007e       0x7f ./obj/gpio.o
 .comment       0x0000007e       0x7f ./obj/wdog.o
 .comment       0x0000007e       0x7f ./obj/spi.o
 .comment       0x0000007e       0x7f ./obj/NumToStr.o
 .comment       0x0000007e       0x7f ./obj/gec.o
 .comment       0x0000007e       0x7f ./obj/uart.o
 .comment       0x0000007e       0x7f ./obj/lcd.o
 .comment       0x0000007e       0x7f ./obj/isr.o
 .comment       0x0000007e       0x7f ./obj/printf.o

.debug_frame    0x00000000     0x1204
 .debug_frame   0x00000000       0x80 ./obj/adc.o
 .debug_frame   0x00000080       0x20 ./obj/system_MKL36Z4.o
 .debug_frame   0x000000a0      0x130 ./obj/timer.o
 .debug_frame   0x000001d0       0xc0 ./obj/tm1637.o
 .debug_frame   0x00000290       0x70 ./obj/main.o
 .debug_frame   0x00000300       0xf8 ./obj/flash.o
 .debug_frame   0x000003f8      0x154 ./obj/gpio.o
 .debug_frame   0x0000054c       0x40 ./obj/wdog.o
 .debug_frame   0x0000058c       0xa0 ./obj/spi.o
 .debug_frame   0x0000062c       0x58 ./obj/NumToStr.o
 .debug_frame   0x00000684       0x2c ./obj/gec.o
 .debug_frame   0x000006b0      0x134 ./obj/uart.o
 .debug_frame   0x000007e4      0x294 ./obj/lcd.o
 .debug_frame   0x00000a78       0x44 ./obj/isr.o
 .debug_frame   0x00000abc      0x110 ./obj/printf.o
 .debug_frame   0x00000bcc       0x38 d:/ahl-gec-ide(4.11)/gcc/bin/../lib/gcc/arm-none-eabi/7.2.1/../../../../arm-none-eabi/lib/thumb/v6-m\libm.a(lib_a-w_log.o)
 .debug_frame   0x00000c04       0x3c d:/ahl-gec-ide(4.11)/gcc/bin/../lib/gcc/arm-none-eabi/7.2.1/../../../../arm-none-eabi/lib/thumb/v6-m\libm.a(lib_a-e_log.o)
 .debug_frame   0x00000c40       0x20 d:/ahl-gec-ide(4.11)/gcc/bin/../lib/gcc/arm-none-eabi/7.2.1/../../../../arm-none-eabi/lib/thumb/v6-m\libm.a(lib_a-s_matherr.o)
 .debug_frame   0x00000c60       0x20 d:/ahl-gec-ide(4.11)/gcc/bin/../lib/gcc/arm-none-eabi/7.2.1/../../../../arm-none-eabi/lib/thumb/v6-m\libm.a(lib_a-s_nan.o)
 .debug_frame   0x00000c80       0x20 d:/ahl-gec-ide(4.11)/gcc/bin/../lib/gcc/arm-none-eabi/7.2.1/thumb/v6-m\libgcc.a(_udivsi3.o)
 .debug_frame   0x00000ca0       0x20 d:/ahl-gec-ide(4.11)/gcc/bin/../lib/gcc/arm-none-eabi/7.2.1/thumb/v6-m\libgcc.a(_divsi3.o)
 .debug_frame   0x00000cc0       0x2c d:/ahl-gec-ide(4.11)/gcc/bin/../lib/gcc/arm-none-eabi/7.2.1/thumb/v6-m\libgcc.a(_fixunsdfsi.o)
 .debug_frame   0x00000cec       0x2c d:/ahl-gec-ide(4.11)/gcc/bin/../lib/gcc/arm-none-eabi/7.2.1/thumb/v6-m\libgcc.a(_fixunsdfdi.o)
 .debug_frame   0x00000d18       0x3c d:/ahl-gec-ide(4.11)/gcc/bin/../lib/gcc/arm-none-eabi/7.2.1/thumb/v6-m\libgcc.a(_udivmoddi4.o)
 .debug_frame   0x00000d54       0x3c d:/ahl-gec-ide(4.11)/gcc/bin/../lib/gcc/arm-none-eabi/7.2.1/thumb/v6-m\libgcc.a(divsf3.o)
 .debug_frame   0x00000d90       0x2c d:/ahl-gec-ide(4.11)/gcc/bin/../lib/gcc/arm-none-eabi/7.2.1/thumb/v6-m\libgcc.a(eqsf2.o)
 .debug_frame   0x00000dbc       0x2c d:/ahl-gec-ide(4.11)/gcc/bin/../lib/gcc/arm-none-eabi/7.2.1/thumb/v6-m\libgcc.a(gesf2.o)
 .debug_frame   0x00000de8       0x2c d:/ahl-gec-ide(4.11)/gcc/bin/../lib/gcc/arm-none-eabi/7.2.1/thumb/v6-m\libgcc.a(lesf2.o)
 .debug_frame   0x00000e14       0x3c d:/ahl-gec-ide(4.11)/gcc/bin/../lib/gcc/arm-none-eabi/7.2.1/thumb/v6-m\libgcc.a(mulsf3.o)
 .debug_frame   0x00000e50       0x38 d:/ahl-gec-ide(4.11)/gcc/bin/../lib/gcc/arm-none-eabi/7.2.1/thumb/v6-m\libgcc.a(subsf3.o)
 .debug_frame   0x00000e88       0x20 d:/ahl-gec-ide(4.11)/gcc/bin/../lib/gcc/arm-none-eabi/7.2.1/thumb/v6-m\libgcc.a(fixsfsi.o)
 .debug_frame   0x00000ea8       0x2c d:/ahl-gec-ide(4.11)/gcc/bin/../lib/gcc/arm-none-eabi/7.2.1/thumb/v6-m\libgcc.a(floatsisf.o)
 .debug_frame   0x00000ed4       0x2c d:/ahl-gec-ide(4.11)/gcc/bin/../lib/gcc/arm-none-eabi/7.2.1/thumb/v6-m\libgcc.a(floatunsisf.o)
 .debug_frame   0x00000f00       0x38 d:/ahl-gec-ide(4.11)/gcc/bin/../lib/gcc/arm-none-eabi/7.2.1/thumb/v6-m\libgcc.a(adddf3.o)
 .debug_frame   0x00000f38       0x3c d:/ahl-gec-ide(4.11)/gcc/bin/../lib/gcc/arm-none-eabi/7.2.1/thumb/v6-m\libgcc.a(divdf3.o)
 .debug_frame   0x00000f74       0x38 d:/ahl-gec-ide(4.11)/gcc/bin/../lib/gcc/arm-none-eabi/7.2.1/thumb/v6-m\libgcc.a(eqdf2.o)
 .debug_frame   0x00000fac       0x38 d:/ahl-gec-ide(4.11)/gcc/bin/../lib/gcc/arm-none-eabi/7.2.1/thumb/v6-m\libgcc.a(gedf2.o)
 .debug_frame   0x00000fe4       0x38 d:/ahl-gec-ide(4.11)/gcc/bin/../lib/gcc/arm-none-eabi/7.2.1/thumb/v6-m\libgcc.a(ledf2.o)
 .debug_frame   0x0000101c       0x3c d:/ahl-gec-ide(4.11)/gcc/bin/../lib/gcc/arm-none-eabi/7.2.1/thumb/v6-m\libgcc.a(muldf3.o)
 .debug_frame   0x00001058       0x3c d:/ahl-gec-ide(4.11)/gcc/bin/../lib/gcc/arm-none-eabi/7.2.1/thumb/v6-m\libgcc.a(subdf3.o)
 .debug_frame   0x00001094       0x2c d:/ahl-gec-ide(4.11)/gcc/bin/../lib/gcc/arm-none-eabi/7.2.1/thumb/v6-m\libgcc.a(unorddf2.o)
 .debug_frame   0x000010c0       0x2c d:/ahl-gec-ide(4.11)/gcc/bin/../lib/gcc/arm-none-eabi/7.2.1/thumb/v6-m\libgcc.a(fixdfsi.o)
 .debug_frame   0x000010ec       0x2c d:/ahl-gec-ide(4.11)/gcc/bin/../lib/gcc/arm-none-eabi/7.2.1/thumb/v6-m\libgcc.a(floatsidf.o)
 .debug_frame   0x00001118       0x28 d:/ahl-gec-ide(4.11)/gcc/bin/../lib/gcc/arm-none-eabi/7.2.1/thumb/v6-m\libgcc.a(floatunsidf.o)
 .debug_frame   0x00001140       0x2c d:/ahl-gec-ide(4.11)/gcc/bin/../lib/gcc/arm-none-eabi/7.2.1/thumb/v6-m\libgcc.a(extendsfdf2.o)
 .debug_frame   0x0000116c       0x30 d:/ahl-gec-ide(4.11)/gcc/bin/../lib/gcc/arm-none-eabi/7.2.1/thumb/v6-m\libgcc.a(truncdfsf2.o)
 .debug_frame   0x0000119c       0x20 d:/ahl-gec-ide(4.11)/gcc/bin/../lib/gcc/arm-none-eabi/7.2.1/../../../../arm-none-eabi/lib/thumb/v6-m\libg_nano.a(lib_a-errno.o)
 .debug_frame   0x000011bc       0x28 d:/ahl-gec-ide(4.11)/gcc/bin/../lib/gcc/arm-none-eabi/7.2.1/../../../../arm-none-eabi/lib/thumb/v6-m\libg_nano.a(lib_a-memcpy-stub.o)
 .debug_frame   0x000011e4       0x20 d:/ahl-gec-ide(4.11)/gcc/bin/../lib/gcc/arm-none-eabi/7.2.1/../../../../arm-none-eabi/lib/thumb/v6-m\libg_nano.a(lib_a-memset.o)
