Archive member included to satisfy reference by file (symbol)

d:/ahl-gec-ide(4.11)/gcc/bin/../lib/gcc/arm-none-eabi/7.2.1/../../../../arm-none-eabi/lib/thumb/v6-m\libm.a(lib_a-w_log.o)
                              ./obj/main.o (log)
d:/ahl-gec-ide(4.11)/gcc/bin/../lib/gcc/arm-none-eabi/7.2.1/../../../../arm-none-eabi/lib/thumb/v6-m\libm.a(lib_a-e_log.o)
                              d:/ahl-gec-ide(4.11)/gcc/bin/../lib/gcc/arm-none-eabi/7.2.1/../../../../arm-none-eabi/lib/thumb/v6-m\libm.a(lib_a-w_log.o) (__ieee754_log)
d:/ahl-gec-ide(4.11)/gcc/bin/../lib/gcc/arm-none-eabi/7.2.1/../../../../arm-none-eabi/lib/thumb/v6-m\libm.a(lib_a-s_lib_ver.o)
                              d:/ahl-gec-ide(4.11)/gcc/bin/../lib/gcc/arm-none-eabi/7.2.1/../../../../arm-none-eabi/lib/thumb/v6-m\libm.a(lib_a-w_log.o) (__fdlib_version)
d:/ahl-gec-ide(4.11)/gcc/bin/../lib/gcc/arm-none-eabi/7.2.1/../../../../arm-none-eabi/lib/thumb/v6-m\libm.a(lib_a-s_matherr.o)
                              d:/ahl-gec-ide(4.11)/gcc/bin/../lib/gcc/arm-none-eabi/7.2.1/../../../../arm-none-eabi/lib/thumb/v6-m\libm.a(lib_a-w_log.o) (matherr)
d:/ahl-gec-ide(4.11)/gcc/bin/../lib/gcc/arm-none-eabi/7.2.1/../../../../arm-none-eabi/lib/thumb/v6-m\libm.a(lib_a-s_nan.o)
                              d:/ahl-gec-ide(4.11)/gcc/bin/../lib/gcc/arm-none-eabi/7.2.1/../../../../arm-none-eabi/lib/thumb/v6-m\libm.a(lib_a-w_log.o) (nan)
d:/ahl-gec-ide(4.11)/gcc/bin/../lib/gcc/arm-none-eabi/7.2.1/thumb/v6-m\libgcc.a(_udivsi3.o)
                              ./obj/timer.o (__aeabi_uidiv)
d:/ahl-gec-ide(4.11)/gcc/bin/../lib/gcc/arm-none-eabi/7.2.1/thumb/v6-m\libgcc.a(_divsi3.o)
                              ./obj/spi.o (__aeabi_idiv)
d:/ahl-gec-ide(4.11)/gcc/bin/../lib/gcc/arm-none-eabi/7.2.1/thumb/v6-m\libgcc.a(_dvmd_tls.o)
                              d:/ahl-gec-ide(4.11)/gcc/bin/../lib/gcc/arm-none-eabi/7.2.1/thumb/v6-m\libgcc.a(_udivsi3.o) (__aeabi_idiv0)
d:/ahl-gec-ide(4.11)/gcc/bin/../lib/gcc/arm-none-eabi/7.2.1/thumb/v6-m\libgcc.a(_arm_cmpdf2.o)
                              d:/ahl-gec-ide(4.11)/gcc/bin/../lib/gcc/arm-none-eabi/7.2.1/../../../../arm-none-eabi/lib/thumb/v6-m\libm.a(lib_a-w_log.o) (__aeabi_dcmpeq)
d:/ahl-gec-ide(4.11)/gcc/bin/../lib/gcc/arm-none-eabi/7.2.1/thumb/v6-m\libgcc.a(_arm_cmpsf2.o)
                              ./obj/NumToStr.o (__aeabi_fcmplt)
d:/ahl-gec-ide(4.11)/gcc/bin/../lib/gcc/arm-none-eabi/7.2.1/thumb/v6-m\libgcc.a(_aeabi_uldivmod.o)
                              ./obj/printf.o (__aeabi_uldivmod)
d:/ahl-gec-ide(4.11)/gcc/bin/../lib/gcc/arm-none-eabi/7.2.1/thumb/v6-m\libgcc.a(_fixunsdfsi.o)
                              ./obj/printf.o (__aeabi_d2uiz)
d:/ahl-gec-ide(4.11)/gcc/bin/../lib/gcc/arm-none-eabi/7.2.1/thumb/v6-m\libgcc.a(_fixunsdfdi.o)
                              ./obj/printf.o (__aeabi_d2ulz)
d:/ahl-gec-ide(4.11)/gcc/bin/../lib/gcc/arm-none-eabi/7.2.1/thumb/v6-m\libgcc.a(_udivmoddi4.o)
                              d:/ahl-gec-ide(4.11)/gcc/bin/../lib/gcc/arm-none-eabi/7.2.1/thumb/v6-m\libgcc.a(_aeabi_uldivmod.o) (__udivmoddi4)
d:/ahl-gec-ide(4.11)/gcc/bin/../lib/gcc/arm-none-eabi/7.2.1/thumb/v6-m\libgcc.a(divsf3.o)
                              ./obj/main.o (__aeabi_fdiv)
d:/ahl-gec-ide(4.11)/gcc/bin/../lib/gcc/arm-none-eabi/7.2.1/thumb/v6-m\libgcc.a(eqsf2.o)
                              d:/ahl-gec-ide(4.11)/gcc/bin/../lib/gcc/arm-none-eabi/7.2.1/thumb/v6-m\libgcc.a(_arm_cmpsf2.o) (__eqsf2)
d:/ahl-gec-ide(4.11)/gcc/bin/../lib/gcc/arm-none-eabi/7.2.1/thumb/v6-m\libgcc.a(gesf2.o)
                              d:/ahl-gec-ide(4.11)/gcc/bin/../lib/gcc/arm-none-eabi/7.2.1/thumb/v6-m\libgcc.a(_arm_cmpsf2.o) (__gesf2)
d:/ahl-gec-ide(4.11)/gcc/bin/../lib/gcc/arm-none-eabi/7.2.1/thumb/v6-m\libgcc.a(lesf2.o)
                              d:/ahl-gec-ide(4.11)/gcc/bin/../lib/gcc/arm-none-eabi/7.2.1/thumb/v6-m\libgcc.a(_arm_cmpsf2.o) (__lesf2)
d:/ahl-gec-ide(4.11)/gcc/bin/../lib/gcc/arm-none-eabi/7.2.1/thumb/v6-m\libgcc.a(mulsf3.o)
                              ./obj/main.o (__aeabi_fmul)
d:/ahl-gec-ide(4.11)/gcc/bin/../lib/gcc/arm-none-eabi/7.2.1/thumb/v6-m\libgcc.a(subsf3.o)
                              ./obj/main.o (__aeabi_fsub)
d:/ahl-gec-ide(4.11)/gcc/bin/../lib/gcc/arm-none-eabi/7.2.1/thumb/v6-m\libgcc.a(fixsfsi.o)
                              ./obj/NumToStr.o (__aeabi_f2iz)
d:/ahl-gec-ide(4.11)/gcc/bin/../lib/gcc/arm-none-eabi/7.2.1/thumb/v6-m\libgcc.a(floatsisf.o)
                              ./obj/NumToStr.o (__aeabi_i2f)
d:/ahl-gec-ide(4.11)/gcc/bin/../lib/gcc/arm-none-eabi/7.2.1/thumb/v6-m\libgcc.a(floatunsisf.o)
                              ./obj/main.o (__aeabi_ui2f)
d:/ahl-gec-ide(4.11)/gcc/bin/../lib/gcc/arm-none-eabi/7.2.1/thumb/v6-m\libgcc.a(adddf3.o)
                              ./obj/main.o (__aeabi_dadd)
d:/ahl-gec-ide(4.11)/gcc/bin/../lib/gcc/arm-none-eabi/7.2.1/thumb/v6-m\libgcc.a(divdf3.o)
                              ./obj/main.o (__aeabi_ddiv)
[...]
Memory Configuration

Name             Origin             Length             Attributes
m_interrupts     0x00006800         0x00000400         xr
m_flash_config   0x00006c00         0x00000010         xr
m_text           0x00006c10         0x00008ff0         xr
m_data           0x20000400         0x00001400         rw
*default*        0x00000000         0xffffffff

Linker script and memory map

LOAD d:/ahl-gec-ide(4.11)/gcc/bin/../lib/gcc/arm-none-eabi/7.2.1/thumb/v6-m/crti.o
LOAD d:/ahl-gec-ide(4.11)/gcc/bin/../lib/gcc/arm-none-eabi/7.2.1/thumb/v6-m/crtbegin.o
LOAD d:/ahl-gec-ide(4.11)/gcc/bin/../lib/gcc/arm-none-eabi/7.2.1/../../../../arm-none-eabi/lib/thumb/v6-m/crt0.o
LOAD ./obj/adc.o
LOAD ./obj/i2c.o
LOAD ./obj/system_MKL36Z4.o
LOAD ./obj/timer.o
LOAD ./obj/tm1637.o
LOAD ./obj/main.o
LOAD ./obj/flash.o
LOAD ./obj/gpio.o
LOAD ./obj/wdog.o
LOAD ./obj/spi.o
LOAD ./obj/ws2812.o
LOAD ./obj/adlx345.o
LOAD ./obj/NumToStr.o
LOAD ./obj/gec.o
LOAD ./obj/uart.o
LOAD ./obj/lcd.o
LOAD ./obj/isr.o
LOAD ./obj/printf.o
LOAD ./obj/startup_MKL36Z4.o
LOAD d:/ahl-gec-ide(4.11)/gcc/bin/../lib/gcc/arm-none-eabi/7.2.1/../../../../arm-none-eabi/lib/thumb/v6-m\libstdc++_nano.a
LOAD d:/ahl-gec-ide(4.11)/gcc/bin/../lib/gcc/arm-none-eabi/7.2.1/../../../../arm-none-eabi/lib/thumb/v6-m\libm.a
START GROUP
LOAD d:/ahl-gec-ide(4.11)/gcc/bin/../lib/gcc/arm-none-eabi/7.2.1/thumb/v6-m\libgcc.a
LOAD d:/ahl-gec-ide(4.11)/gcc/bin/../lib/gcc/arm-none-eabi/7.2.1/../../../../arm-none-eabi/lib/thumb/v6-m\libg_nano.a
LOAD d:/ahl-gec-ide(4.11)/gcc/bin/../lib/gcc/arm-none-eabi/7.2.1/../../../../arm-none-eabi/lib/thumb/v6-m\libc_nano.a
END GROUP
START GROUP
LOAD d:/ahl-gec-ide(4.11)/gcc/bin/../lib/gcc/arm-none-eabi/7.2.1/thumb/v6-m\libgcc.a
LOAD d:/ahl-gec-ide(4.11)/gcc/bin/../lib/gcc/arm-none-eabi/7.2.1/../../../../arm-none-eabi/lib/thumb/v6-m\libc_nano.a
LOAD d:/ahl-gec-ide(4.11)/gcc/bin/../lib/gcc/arm-none-eabi/7.2.1/../../../../arm-none-eabi/lib/thumb/v6-m\libnosys.a
END GROUP
START GROUP
LOAD d:/ahl-gec-ide(4.11)/gcc/bin/../lib/gcc/arm-none-eabi/7.2.1/thumb/v6-m\libgcc.a
LOAD d:/ahl-gec-ide(4.11)/gcc/bin/../lib/gcc/arm-none-eabi/7.2.1/../../../../arm-none-eabi/lib/thumb/v6-m\libc_nano.a
LOAD d:/ahl-gec-ide(4.11)/gcc/bin/../lib/gcc/arm-none-eabi/7.2.1/../../../../arm-none-eabi/lib/thumb/v6-m\libnosys.a
END GROUP
LOAD d:/ahl-gec-ide(4.11)/gcc/bin/../lib/gcc/arm-none-eabi/7.2.1/thumb/v6-m/crtend.o
LOAD d:/ahl-gec-ide(4.11)/gcc/bin/../lib/gcc/arm-none-eabi/7.2.1/thumb/v6-m/crtn.o
                0x00000200                HEAP_SIZE = DEFINED (__heap_size__)?__heap_size__:0x200
                0x00000100                STACK_SIZE = DEFINED (__stack_size__)?__stack_size__:0x100
                0x00000400                MCU_SECTORSIZE = 0x400
                0x00000000                MCU_FLASH_ADDR_START = 0x0
                0x0000001a                GEC_USER_SECTOR_START = 0x1a
                0x0000003e                GEC_USER_SECTOR_END = 0x3e
                0x20000400                GEC_USER_RAM_START = 0x20000400
                0x200017ff                GEC_USER_RAM_END = 0x200017ff

.interrupts     0x00006800       0xc0
                0x00006800                __VECTOR_TABLE = .
                0x00006800                . = ALIGN (0x4)
 *(.isr_vector)
 .isr_vector    0x00006800       0xc0 ./obj/startup_MKL36Z4.o
                0x00006800                __isr_vector
                0x000068c0                . = ALIGN (0x4)

.flash_config   0x00006c00       0x10
                0x00006c00                . = ALIGN (0x4)
 *(.FlashConfig)
 .FlashConfig   0x00006c00       0x10 ./obj/startup_MKL36Z4.o
                0x00006c10                . = ALIGN (0x4)

.text           0x00006c10     0x4670
                0x00006c10                . = ALIGN (0x4)
 *(.text)
 .text          0x00006c10       0x48 d:/ahl-gec-ide(4.11)/gcc/bin/../lib/gcc/arm-none-eabi/7.2.1/thumb/v6-m/crtbegin.o
 .text          0x00006c58       0x50 ./obj/startup_MKL36Z4.o
                0x00006c58                Reset_Handler
                0x00006ca0                HardFault_Handler
                0x00006ca0                SysTick_Handler
                0x00006ca0                PendSV_Handler
                0x00006ca0                NMI_Handler
                0x00006ca0                PORTC_PORTD_IRQHandler
                0x00006ca0                I2C1_IRQHandler
                0x00006ca0                UART1_IRQHandler
                0x00006ca0                DMA2_IRQHandler
                0x00006ca0                TPM0_IRQHandler
                0x00006ca0                I2S0_IRQHandler
                0x00006ca0                LLWU_IRQHandler
                0x00006ca0                TSI0_IRQHandler
                0x00006ca0                ADC0_IRQHandler
                0x00006ca0                SPI1_IRQHandler
                0x00006ca0                DefaultISR
                0x00006ca0                TPM2_IRQHandler
                0x00006ca0                RTC_IRQHandler
                0x00006ca0                I2C0_IRQHandler
                0x00006ca0                LCD_IRQHandler
                0x00006ca0                RTC_Seconds_IRQHandler
                0x00006ca0                MCG_IRQHandler
                0x00006ca0                UART2_IRQHandler
                0x00006ca0                Reserved20_IRQHandler
                0x00006ca0                PIT_IRQHandler
                0x00006ca0                SVC_Handler
                0x00006ca0                DMA3_IRQHandler
                0x00006ca0                DMA0_IRQHandler
                0x00006ca0                DAC0_IRQHandler
                0x00006ca0                LVD_LVW_IRQHandler
                0x00006ca0                SPI0_IRQHandler
                0x00006ca0                PORTA_IRQHandler
                0x00006ca0                FTFA_IRQHandler
                0x00006ca0                Reserved40_IRQHandler
                0x00006ca0                LPTMR0_IRQHandler
                0x00006ca0                CMP0_IRQHandler
                0x00006ca0                DMA1_IRQHandler
 .text          0x00006ca8      0x114 d:/ahl-gec-ide(4.11)/gcc/bin/../lib/gcc/arm-none-eabi/7.2.1/thumb/v6-m\libgcc.a(_udivsi3.o)
                0x00006ca8                __aeabi_uidiv
                0x00006ca8                __udivsi3
                0x00006db4                __aeabi_uidivmod
 .text          0x00006dbc      0x1d4 d:/ahl-gec-ide(4.11)/gcc/bin/../lib/gcc/arm-none-eabi/7.2.1/thumb/v6-m\libgcc.a(_divsi3.o)
                0x00006dbc                __divsi3
                0x00006dbc                __aeabi_idiv
                0x00006f88                __aeabi_idivmod
 .text          0x00006f90        0x4 d:/ahl-gec-ide(4.11)/gcc/bin/../lib/gcc/arm-none-eabi/7.2.1/thumb/v6-m\libgcc.a(_dvmd_tls.o)
                0x00006f90                __aeabi_idiv0
                0x00006f90                __aeabi_ldiv0
 .text          0x00006f94       0x7c d:/ahl-gec-ide(4.11)/gcc/bin/../lib/gcc/arm-none-eabi/7.2.1/thumb/v6-m\libgcc.a(_arm_cmpdf2.o)
                0x00006f94                __aeabi_cdrcmple
                0x00006fa4                __aeabi_cdcmple
                0x00006fa4                __aeabi_cdcmpeq
                0x00006fb4                __aeabi_dcmpeq
                0x00006fc0                __aeabi_dcmplt
                0x00006fd4                __aeabi_dcmple
                0x00006fe8                __aeabi_dcmpgt
                0x00006ffc                __aeabi_dcmpge
 .text          0x00007010       0x40 d:/ahl-gec-ide(4.11)/gcc/bin/../lib/gcc/arm-none-eabi/7.2.1/thumb/v6-m\libgcc.a(_aeabi_uldivmod.o)
                0x00007010                __aeabi_uldivmod
 .text          0x00007050       0x3c d:/ahl-gec-ide(4.11)/gcc/bin/../lib/gcc/arm-none-eabi/7.2.1/thumb/v6-m\libgcc.a(_fixunsdfsi.o)
                0x00007050                __aeabi_d2uiz
                0x00007050                __fixunsdfsi
 .text          0x0000708c       0x3c d:/ahl-gec-ide(4.11)/gcc/bin/../lib/gcc/arm-none-eabi/7.2.1/thumb/v6-m\libgcc.a(_fixunsdfdi.o)
                0x0000708c                __fixunsdfdi
                0x0000708c                __aeabi_d2ulz
 .text          0x000070c8      0x184 d:/ahl-gec-ide(4.11)/gcc/bin/../lib/gcc/arm-none-eabi/7.2.1/thumb/v6-m\libgcc.a(_udivmoddi4.o)
                0x000070c8                __udivmoddi4
 .text          0x0000724c       0x78 d:/ahl-gec-ide(4.11)/gcc/bin/../lib/gcc/arm-none-eabi/7.2.1/thumb/v6-m\libgcc.a(eqdf2.o)
                0x0000724c                __nedf2
                0x0000724c                __eqdf2
 .text          0x000072c4       0xc8 d:/ahl-gec-ide(4.11)/gcc/bin/../lib/gcc/arm-none-eabi/7.2.1/thumb/v6-m\libgcc.a(gedf2.o)
                0x000072c4                __gedf2
                0x000072c4                __gtdf2
 .text          0x0000738c       0xd0 d:/ahl-gec-ide(4.11)/gcc/bin/../lib/gcc/arm-none-eabi/7.2.1/thumb/v6-m\libgcc.a(ledf2.o)
                0x0000738c                __ledf2
                0x0000738c                __ltdf2
 .text          0x0000745c      0x4e4 d:/ahl-gec-ide(4.11)/gcc/bin/../lib/gcc/arm-none-eabi/7.2.1/thumb/v6-m\libgcc.a(muldf3.o)
                0x0000745c                __aeabi_dmul
 .text          0x00007940      0x690 d:/ahl-gec-ide(4.11)/gcc/bin/../lib/gcc/arm-none-eabi/7.2.1/thumb/v6-m\libgcc.a(subdf3.o)
                0x00007940                __aeabi_dsub
 .text          0x00007fd0       0x6c d:/ahl-gec-ide(4.11)/gcc/bin/../lib/gcc/arm-none-eabi/7.2.1/thumb/v6-m\libgcc.a(fixdfsi.o)
                0x00007fd0                __aeabi_d2iz
 .text          0x0000803c       0x64 d:/ahl-gec-ide(4.11)/gcc/bin/../lib/gcc/arm-none-eabi/7.2.1/thumb/v6-m\libgcc.a(floatunsidf.o)
                0x0000803c                __aeabi_ui2d
 .text          0x000080a0       0x3c d:/ahl-gec-ide(4.11)/gcc/bin/../lib/gcc/arm-none-eabi/7.2.1/thumb/v6-m\libgcc.a(_clzsi2.o)
                0x000080a0                __clzsi2
 .text          0x000080dc       0x18 d:/ahl-gec-ide(4.11)/gcc/bin/../lib/gcc/arm-none-eabi/7.2.1/thumb/v6-m\libgcc.a(_clzdi2.o)
                0x000080dc                __clzdi2
 .text          0x000080f4        0xe d:/ahl-gec-ide(4.11)/gcc/bin/../lib/gcc/arm-none-eabi/7.2.1/../../../../arm-none-eabi/lib/thumb/v6-m\libg_nano.a(lib_a-strlen.o)
                0x000080f4                strlen
 *(.text*)
 *fill*         0x00008102        0x2 
 .text.adc_cal  0x00008104       0x90 ./obj/adc.o
                0x00008104                adc_cal
 .text.adc_init_inner
                0x00008194       0xa4 ./obj/adc.o
                0x00008194                adc_init_inner
 .text.adc_init
                0x00008238        0xe ./obj/adc.o
                0x00008238                adc_init
 *fill*         0x00008246        0x2 
 .text.i2c_init
                0x00008248       0xd4 ./obj/i2c.o
                0x00008248                i2c_init
 .text.i2c_wait
                0x0000831c       0x30 ./obj/i2c.o
                0x0000831c                i2c_wait
 .text.i2c_read
                0x0000834c       0x10 ./obj/i2c.o
                0x0000834c                i2c_read
 .text.i2c_write
                0x0000835c       0x10 ./obj/i2c.o
                0x0000835c                i2c_write
 .text.i2c_stop
                0x0000836c       0x1c ./obj/i2c.o
                0x0000836c                i2c_stop
 .text.i2c_start
                0x00008388       0x1c ./obj/i2c.o
                0x00008388                i2c_start
 .text.i2c_restart
                0x000083a4       0x1c ./obj/i2c.o
                0x000083a4                i2c_restart
 .text.i2c_sendACK
                0x000083c0       0x14 ./obj/i2c.o
                0x000083c0                i2c_sendACK
 .text.i2c_sendNACK
                0x000083d4       0x14 ./obj/i2c.o
                0x000083d4                i2c_sendNACK
 .text.i2c_changeDir
                0x000083e8       0x20 ./obj/i2c.o
                0x000083e8                i2c_changeDir
 .text.i2c_get_ack
                0x00008408       0x14 ./obj/i2c.o
                0x00008408                i2c_get_ack
 .text.i2c_read1
                0x0000841c       0xa0 ./obj/i2c.o
                0x0000841c                i2c_read1
 .text.i2c_Dly_ms
                0x000084bc       0x18 ./obj/i2c.o
                0x000084bc                i2c_Dly_ms
 .text.i2c_readN
                0x000084d4       0xf8 ./obj/i2c.o
                0x000084d4                i2c_readN
 .text.SystemInit
                0x000085cc       0xc4 ./obj/system_MKL36Z4.o
                0x000085cc                SystemInit
 .text.tpm_clear_int
                0x00008690       0x14 ./obj/timer.o
                0x00008690                tpm_clear_int
 .text.timer_clear_int
                0x000086a4       0x24 ./obj/timer.o
                0x000086a4                timer_clear_int
 .text.main_Dly_ms
                0x000086c8       0x18 ./obj/main.o
                0x000086c8                main_Dly_ms
 .text.main     0x000086e0      0x2b8 ./obj/main.o
                0x000086e0                main
 .text.flash_read_physical
                0x00008998        0x8 ./obj/flash.o
                0x00008998                flash_read_physical
 .text.flash_isempty
                0x000089a0       0x1e ./obj/flash.o
                0x000089a0                flash_isempty
 *fill*         0x000089be        0x2 
 .text.flash_cmd_launch
                0x000089c0       0x44 ./obj/flash.o
                0x000089c0                flash_cmd_launch
 .text.flash_erase
                0x00008a04       0x68 ./obj/flash.o
                0x00008a04                flash_erase
 .text.flash_write_physical
                0x00008a6c       0x54 ./obj/flash.o
                0x00008a6c                flash_write_physical
 .text.gpio_get_port_pin
                0x00008ac0        0x8 ./obj/gpio.o
                0x00008ac0                gpio_get_port_pin
 .text.gpio_set
                0x00008ac8       0x44 ./obj/gpio.o
                0x00008ac8                gpio_set
 .text.gpio_init
                0x00008b0c       0x78 ./obj/gpio.o
                0x00008b0c                gpio_init
 .text.wdog_start
                0x00008b84       0x3c ./obj/wdog.o
                0x00008b84                wdog_start
 .text.wdog_feed
                0x00008bc0       0x18 ./obj/wdog.o
                0x00008bc0                wdog_feed
 .text.spi_init
                0x00008bd8      0x214 ./obj/spi.o
                0x00008bd8                spi_init
 .text.spi_send1
                0x00008dec       0x34 ./obj/spi.o
                0x00008dec                spi_send1
 .text.adlx345_read1
                0x00008e20       0x18 ./obj/adlx345.o
                0x00008e20                adlx345_read1
 .text.adlx345_readN
                0x00008e38       0x20 ./obj/adlx345.o
                0x00008e38                adlx345_readN
 .text.adxl345_start
                0x00008e58       0x1c ./obj/adlx345.o
                0x00008e58                adxl345_start
 .text.adxl345_write
                0x00008e74       0x10 ./obj/adlx345.o
                0x00008e74                adxl345_write
 .text.adxl345_wait
                0x00008e84       0x30 ./obj/adlx345.o
                0x00008e84                adxl345_wait
 .text.adxl345_get_ack
                0x00008eb4       0x14 ./obj/adlx345.o
                0x00008eb4                adxl345_get_ack
 .text.adxl345_stop
                0x00008ec8       0x1c ./obj/adlx345.o
                0x00008ec8                adxl345_stop
 .text.adlx345_write1
                0x00008ee4       0x70 ./obj/adlx345.o
                0x00008ee4                adlx345_write1
 .text.adlx345_Dly_ms
                0x00008f54       0x18 ./obj/adlx345.o
                0x00008f54                adlx345_Dly_ms
 .text.adlx345_init
                0x00008f6c       0xc0 ./obj/adlx345.o
                0x00008f6c                adlx345_init
 .text.Vectors_Init
                0x0000902c       0x8c ./obj/gec.o
                0x0000902c                Vectors_Init
 .text.uart_is_uartNo
                0x000090b8        0xc ./obj/uart.o
                0x000090b8                uart_is_uartNo
 .text.uart_init
                0x000090c4      0x148 ./obj/uart.o
                0x000090c4                uart_init
 .text.uart_send1
                0x0000920c       0x5c ./obj/uart.o
                0x0000920c                uart_send1
 .text.uart_send_string
                0x00009268       0x2a ./obj/uart.o
                0x00009268                uart_send_string
 *fill*         0x00009292        0x2 
 .text.uart_re1
                0x00009294       0x68 ./obj/uart.o
                0x00009294                uart_re1
 .text.uart_enable_re_int
                0x000092fc       0x50 ./obj/uart.o
                0x000092fc                uart_enable_re_int
 .text.LCD_WR_DATA8
                0x0000934c       0x34 ./obj/lcd.o
                0x0000934c                LCD_WR_DATA8
 .text.LCD_WR_DATA
                0x00009380       0x3c ./obj/lcd.o
                0x00009380                LCD_WR_DATA
 .text.LCD_WR_REG
                0x000093bc       0x34 ./obj/lcd.o
                0x000093bc                LCD_WR_REG
 .text.LCD_WR_REG_DATA
                0x000093f0       0x10 ./obj/lcd.o
                0x000093f0                LCD_WR_REG_DATA
 .text.Address_set
                0x00009400       0x4e ./obj/lcd.o
                0x00009400                Address_set
 .text.LCD_Clear
                0x0000944e       0x36 ./obj/lcd.o
                0x0000944e                LCD_Clear
 .text.LCD_DrawPoint
                0x00009484       0x14 ./obj/lcd.o
                0x00009484                LCD_DrawPoint
 .text.LCD_DrawLine
                0x00009498       0xae ./obj/lcd.o
                0x00009498                LCD_DrawLine
 .text.LCD_ShowCharactor
                0x00009546       0x50 ./obj/lcd.o
                0x00009546                LCD_ShowCharactor
 *fill*         0x00009596        0x2 
 .text.LCD_ShowString
                0x00009598      0x108 ./obj/lcd.o
                0x00009598                LCD_ShowString
 .text.LCD_DrawSurface
                0x000096a0       0x3e ./obj/lcd.o
                0x000096a0                LCD_DrawSurface
 *fill*         0x000096de        0x2 
 .text.LCD_aotu
                0x000096e0      0x108 ./obj/lcd.o
                0x000096e0                LCD_aotu
 .text.LCD_Dly_ms
                0x000097e8       0x18 ./obj/lcd.o
                0x000097e8                LCD_Dly_ms
 .text.LCD_Init
                0x00009800       0xb0 ./obj/lcd.o
                0x00009800                LCD_Init
 .text.UART0_IRQHandler
                0x000098b0       0x28 ./obj/isr.o
                0x000098b0                UART0_IRQHandler
 .text.TPM1_IRQHandler
                0x000098d8        0xe ./obj/isr.o
                0x000098d8                TPM1_IRQHandler
 .text.printk_putc
                0x000098e6       0x2a ./obj/printf.o
 .text.printk_mknumstr
                0x00009910       0x84 ./obj/printf.o
 .text.printk_pad_zero
                0x00009994       0x1e ./obj/printf.o
 .text.printk_pad_space
                0x000099b2       0x1e ./obj/printf.o
 .text.out_char
                0x000099d0        0xc ./obj/printf.o
                0x000099d0                out_char
 .text.printk_mkfloatstr
                0x000099dc      0x188 ./obj/printf.o
                0x000099dc                printk_mkfloatstr
 .text.printk   0x00009b64      0x560 ./obj/printf.o
                0x00009b64                printk
 .text.myprintf
                0x0000a0c4       0x24 ./obj/printf.o
                0x0000a0c4                myprintf
 .text.memcpy   0x0000a0e8       0x12 d:/ahl-gec-ide(4.11)/gcc/bin/../lib/gcc/arm-none-eabi/7.2.1/../../../../arm-none-eabi/lib/thumb/v6-m\libg_nano.a(lib_a-memcpy-stub.o)
                0x0000a0e8                memcpy
 .text.memset   0x0000a0fa       0x10 d:/ahl-gec-ide(4.11)/gcc/bin/../lib/gcc/arm-none-eabi/7.2.1/../../../../arm-none-eabi/lib/thumb/v6-m\libg_nano.a(lib_a-memset.o)
                0x0000a0fa                memset
 *fill*         0x0000a10a        0x2 
 .text.sprintf  0x0000a10c       0x40 d:/ahl-gec-ide(4.11)/gcc/bin/../lib/gcc/arm-none-eabi/7.2.1/../../../../arm-none-eabi/lib/thumb/v6-m\libg_nano.a(lib_a-sprintf.o)
                0x0000a10c                siprintf
                0x0000a10c                sprintf
 .text.__ssputs_r
                0x0000a14c       0xc4 d:/ahl-gec-ide(4.11)/gcc/bin/../lib/gcc/arm-none-eabi/7.2.1/../../../../arm-none-eabi/lib/thumb/v6-m\libg_nano.a(lib_a-nano-svfprintf.o)
                0x0000a14c                __ssputs_r
 .text._svfprintf_r
                0x0000a210      0x1fc d:/ahl-gec-ide(4.11)/gcc/bin/../lib/gcc/arm-none-eabi/7.2.1/../../../../arm-none-eabi/lib/thumb/v6-m\libg_nano.a(lib_a-nano-svfprintf.o)
                0x0000a210                _svfiprintf_r
                0x0000a210                _svfprintf_r
 .text._printf_common
                0x0000a40c       0xda d:/ahl-gec-ide(4.11)/gcc/bin/../lib/gcc/arm-none-eabi/7.2.1/../../../../arm-none-eabi/lib/thumb/v6-m\libg_nano.a(lib_a-nano-vfprintf_i.o)
                0x0000a40c                _printf_common
 *fill*         0x0000a4e6        0x2 
 .text._printf_i
                0x0000a4e8      0x210 d:/ahl-gec-ide(4.11)/gcc/bin/../lib/gcc/arm-none-eabi/7.2.1/../../../../arm-none-eabi/lib/thumb/v6-m\libg_nano.a(lib_a-nano-vfprintf_i.o)
                0x0000a4e8                _printf_i
 .text.memchr   0x0000a6f8       0x16 d:/ahl-gec-ide(4.11)/gcc/bin/../lib/gcc/arm-none-eabi/7.2.1/../../../../arm-none-eabi/lib/thumb/v6-m\libg_nano.a(lib_a-memchr-stub.o)
                0x0000a6f8                memchr
 .text.memmove  0x0000a70e       0x26 d:/ahl-gec-ide(4.11)/gcc/bin/../lib/gcc/arm-none-eabi/7.2.1/../../../../arm-none-eabi/lib/thumb/v6-m\libg_nano.a(lib_a-memmove.o)
                0x0000a70e                memmove
 .text._free_r  0x0000a734       0x94 d:/ahl-gec-ide(4.11)/gcc/bin/../lib/gcc/arm-none-eabi/7.2.1/../../../../arm-none-eabi/lib/thumb/v6-m\libg_nano.a(lib_a-nano-freer.o)
                0x0000a734                _free_r
 .text._malloc_r
                0x0000a7c8       0xbc d:/ahl-gec-ide(4.11)/gcc/bin/../lib/gcc/arm-none-eabi/7.2.1/../../../../arm-none-eabi/lib/thumb/v6-m\libg_nano.a(lib_a-nano-mallocr.o)
                0x0000a7c8                _malloc_r
 .text._realloc_r
                0x0000a884       0x4c d:/ahl-gec-ide(4.11)/gcc/bin/../lib/gcc/arm-none-eabi/7.2.1/../../../../arm-none-eabi/lib/thumb/v6-m\libg_nano.a(lib_a-nano-reallocr.o)
                0x0000a884                _realloc_r
 .text._sbrk_r  0x0000a8d0       0x24 d:/ahl-gec-ide(4.11)/gcc/bin/../lib/gcc/arm-none-eabi/7.2.1/../../../../arm-none-eabi/lib/thumb/v6-m\libg_nano.a(lib_a-sbrkr.o)
                0x0000a8d0                _sbrk_r
 .text.__malloc_lock
                0x0000a8f4        0x2 d:/ahl-gec-ide(4.11)/gcc/bin/../lib/gcc/arm-none-eabi/7.2.1/../../../../arm-none-eabi/lib/thumb/v6-m\libg_nano.a(lib_a-mlock.o)
                0x0000a8f4                __malloc_lock
 .text.__malloc_unlock
                0x0000a8f6        0x2 d:/ahl-gec-ide(4.11)/gcc/bin/../lib/gcc/arm-none-eabi/7.2.1/../../../../arm-none-eabi/lib/thumb/v6-m\libg_nano.a(lib_a-mlock.o)
                0x0000a8f6                __malloc_unlock
 .text._malloc_usable_size_r
                0x0000a8f8       0x10 d:/ahl-gec-ide(4.11)/gcc/bin/../lib/gcc/arm-none-eabi/7.2.1/../../../../arm-none-eabi/lib/thumb/v6-m\libg_nano.a(lib_a-nano-msizer.o)
                0x0000a8f8                _malloc_usable_size_r
 .text._sbrk    0x0000a908       0x1c d:/ahl-gec-ide(4.11)/gcc/bin/../lib/gcc/arm-none-eabi/7.2.1/../../../../arm-none-eabi/lib/thumb/v6-m\libnosys.a(sbrk.o)
                0x0000a908                _sbrk
 *(.rodata)
 .rodata        0x0000a924       0x40 d:/ahl-gec-ide(4.11)/gcc/bin/../lib/gcc/arm-none-eabi/7.2.1/thumb/v6-m\libgcc.a(muldf3.o)
 *(.rodata*)
 .rodata.adc_init_inner
                0x0000a964       0x18 ./obj/adc.o
 .rodata.I2C_BASE_TABLE
                0x0000a97c        0x8 ./obj/i2c.o
 .rodata.main.str1.4
                0x0000a984       0xff ./obj/main.o
 *fill*         0x0000aa83        0x1 
 .rodata.GPIO_ARR
                0x0000aa84       0x14 ./obj/gpio.o
                0x0000aa84                GPIO_ARR
 .rodata.PORT_ARR
                0x0000aa98       0x14 ./obj/gpio.o
                0x0000aa98                PORT_ARR
 .rodata.I2C_BASE_TABLE
                0x0000aaac        0x8 ./obj/adlx345.o
 .rodata.Vectors_Init.str1.4
                0x0000aab4       0x48 ./obj/gec.o
 .rodata.UART_ARR
                0x0000aafc        0x8 ./obj/uart.o
                0x0000aafc                UART_ARR
 .rodata.GB_16  0x0000ab04       0x66 ./obj/lcd.o
 *fill*         0x0000ab6a        0x2 
 .rodata.nAsciiDot
                0x0000ab6c      0x600 ./obj/lcd.o
 .rodata.printk
                0x0000b16c       0xc8 ./obj/printf.o
 .rodata._svfprintf_r.str1.1
                0x0000b234       0x11 d:/ahl-gec-ide(4.11)/gcc/bin/../lib/gcc/arm-none-eabi/7.2.1/../../../../arm-none-eabi/lib/thumb/v6-m\libg_nano.a(lib_a-nano-svfprintf.o)
 .rodata._printf_i.str1.1
                0x0000b245       0x22 d:/ahl-gec-ide(4.11)/gcc/bin/../lib/gcc/arm-none-eabi/7.2.1/../../../../arm-none-eabi/lib/thumb/v6-m\libg_nano.a(lib_a-nano-vfprintf_i.o)
 *(.glue_7)
 .glue_7        0x0000b267        0x0 linker stubs
 *(.glue_7t)
 .glue_7t       0x0000b267        0x0 linker stubs
 *(.eh_frame)
 *fill*         0x0000b267        0x1 
 .eh_frame      0x0000b268        0x0 d:/ahl-gec-ide(4.11)/gcc/bin/../lib/gcc/arm-none-eabi/7.2.1/thumb/v6-m/crtbegin.o
 *(.init)
 .init          0x0000b268        0x4 d:/ahl-gec-ide(4.11)/gcc/bin/../lib/gcc/arm-none-eabi/7.2.1/thumb/v6-m/crti.o
                0x0000b268                _init
 .init          0x0000b26c        0x8 d:/ahl-gec-ide(4.11)/gcc/bin/../lib/gcc/arm-none-eabi/7.2.1/thumb/v6-m/crtn.o
 *(.fini)
 .fini          0x0000b274        0x4 d:/ahl-gec-ide(4.11)/gcc/bin/../lib/gcc/arm-none-eabi/7.2.1/thumb/v6-m/crti.o
                0x0000b274                _fini
 .fini          0x0000b278        0x8 d:/ahl-gec-ide(4.11)/gcc/bin/../lib/gcc/arm-none-eabi/7.2.1/thumb/v6-m/crtn.o
                0x0000b280                . = ALIGN (0x4)

.vfp11_veneer   0x0000b280        0x0
 .vfp11_veneer  0x0000b280        0x0 linker stubs

.v4_bx          0x0000b280        0x0
 .v4_bx         0x0000b280        0x0 linker stubs

.iplt           0x0000b280        0x0
 .iplt          0x0000b280        0x0 d:/ahl-gec-ide(4.11)/gcc/bin/../lib/gcc/arm-none-eabi/7.2.1/thumb/v6-m/crtbegin.o

.ARM.extab
 *(.ARM.extab* .gnu.linkonce.armextab.*)

.ARM            0x0000b280        0x8
                0x0000b280                __exidx_start = .
 *(.ARM.exidx*)
 .ARM.exidx     0x0000b280        0x8 d:/ahl-gec-ide(4.11)/gcc/bin/../lib/gcc/arm-none-eabi/7.2.1/thumb/v6-m\libgcc.a(_udivmoddi4.o)
                0x0000b288                __exidx_end = .

.rel.dyn        0x0000b288        0x0
 .rel.iplt      0x0000b288        0x0 d:/ahl-gec-ide(4.11)/gcc/bin/../lib/gcc/arm-none-eabi/7.2.1/thumb/v6-m/crtbegin.o

.ctors          0x0000b288        0x0
                0x0000b288                __CTOR_LIST__ = .
 *crtbegin.o(.ctors)
 *crtbegin?.o(.ctors)
 *(EXCLUDE_FILE(*crtend.o *crtend?.o) .ctors)
 *(SORT_BY_NAME(.ctors.*))
 *(.ctors)
                0x0000b288                __CTOR_END__ = .

.dtors          0x0000b288        0x0
                0x0000b288                __DTOR_LIST__ = .
 *crtbegin.o(.dtors)
 *crtbegin?.o(.dtors)
 *(EXCLUDE_FILE(*crtend.o *crtend?.o) .dtors)
 *(SORT_BY_NAME(.dtors.*))
 *(.dtors)
                0x0000b288                __DTOR_END__ = .

.preinit_array  0x0000b288        0x0
                0x0000b288                PROVIDE (__preinit_array_start, .)
 *(.preinit_array*)
                0x0000b288                PROVIDE (__preinit_array_end, .)

.init_array     0x0000b288        0x4
                0x0000b288                PROVIDE (__init_array_start, .)
 *(SORT_BY_NAME(.init_array.*))
 *(.init_array*)
 .init_array    0x0000b288        0x4 d:/ahl-gec-ide(4.11)/gcc/bin/../lib/gcc/arm-none-eabi/7.2.1/thumb/v6-m/crtbegin.o
                0x0000b28c                PROVIDE (__init_array_end, .)

.fini_array     0x0000b28c        0x4
                [!provide]                PROVIDE (__fini_array_start, .)
 *(SORT_BY_NAME(.fini_array.*))
 *(.fini_array*)
 .fini_array    0x0000b28c        0x4 d:/ahl-gec-ide(4.11)/gcc/bin/../lib/gcc/arm-none-eabi/7.2.1/thumb/v6-m/crtbegin.o
                [!provide]                PROVIDE (__fini_array_end, .)
                0x0000b290                __etext = .
                0x0000b290                __DATA_ROM = .

.mtb            0x20000400        0x0
                0x20000400                . = ALIGN (0x8)
                0x20000400                _mtb_start = .
 *(.mtb_buf)
                0x20000400                . = ALIGN (0x8)
                0x20000400                _mtb_end = .

.data           0x20000400       0x78 load address 0x0000b290
                0x20000400                . = ALIGN (0x4)
                0x20000400                __DATA_RAM = .
                0x20000400                __data_start__ = .
 *(.data)
 *(.data*)
 .data.SystemCoreClock
                0x20000400        0x4 ./obj/system_MKL36Z4.o
                0x20000400                SystemCoreClock
 .data.TPM_ARR  0x20000404        0xc ./obj/timer.o
                0x20000404                TPM_ARR
 .data.table_irq_uart
                0x20000410        0x3 ./obj/uart.o
                0x20000410                table_irq_uart
 *fill*         0x20000413        0x1 
 .data._impure_ptr
                0x20000414        0x4 d:/ahl-gec-ide(4.11)/gcc/bin/../lib/gcc/arm-none-eabi/7.2.1/../../../../arm-none-eabi/lib/thumb/v6-m\libg_nano.a(lib_a-impure.o)
                0x20000414                _impure_ptr
 .data.impure_data
                0x20000418       0x60 d:/ahl-gec-ide(4.11)/gcc/bin/../lib/gcc/arm-none-eabi/7.2.1/../../../../arm-none-eabi/lib/thumb/v6-m\libg_nano.a(lib_a-impure.o)
 *(.jcr*)
                0x20000478                . = ALIGN (0x4)
                0x20000478                __data_end__ = .
                0x0000b308                __DATA_END = (__DATA_ROM + (__data_end__ - __data_start__))

.igot.plt       0x20000478        0x0 load address 0x0000b308
 .igot.plt      0x20000478        0x0 d:/ahl-gec-ide(4.11)/gcc/bin/../lib/gcc/arm-none-eabi/7.2.1/thumb/v6-m/crtbegin.o

.bss            0x20000478       0x3c load address 0x0000b308
                0x20000478                . = ALIGN (0x4)
                0x20000478                __START_BSS = .
                0x20000478                __bss_start__ = .
 *(.bss)
 .bss           0x20000478       0x1c d:/ahl-gec-ide(4.11)/gcc/bin/../lib/gcc/arm-none-eabi/7.2.1/thumb/v6-m/crtbegin.o
 *(.bss*)
 .bss.__malloc_free_list
                0x20000494        0x4 d:/ahl-gec-ide(4.11)/gcc/bin/../lib/gcc/arm-none-eabi/7.2.1/../../../../arm-none-eabi/lib/thumb/v6-m\libg_nano.a(lib_a-nano-mallocr.o)
                0x20000494                __malloc_free_list
 .bss.__malloc_sbrk_start
                0x20000498        0x4 d:/ahl-gec-ide(4.11)/gcc/bin/../lib/gcc/arm-none-eabi/7.2.1/../../../../arm-none-eabi/lib/thumb/v6-m\libg_nano.a(lib_a-nano-mallocr.o)
                0x20000498                __malloc_sbrk_start
 .bss.heap_end.4102
                0x2000049c        0x4 d:/ahl-gec-ide(4.11)/gcc/bin/../lib/gcc/arm-none-eabi/7.2.1/../../../../arm-none-eabi/lib/thumb/v6-m\libnosys.a(sbrk.o)
 *(COMMON)
 COMMON         0x200004a0        0x1 ./obj/i2c.o
                0x200004a0                ModeSelect
 *fill*         0x200004a1        0x3 
 COMMON         0x200004a4        0x8 ./obj/tm1637.o
                0x200004a4                DIO_PIN
                0x200004a6                CLK_PIN
                0x200004a8                component_fun
 COMMON         0x200004ac        0x1 ./obj/adlx345.o
                0x200004ac                I2CModule
 *fill*         0x200004ad        0x3 
 COMMON         0x200004b0        0x4 d:/ahl-gec-ide(4.11)/gcc/bin/../lib/gcc/arm-none-eabi/7.2.1/../../../../arm-none-eabi/lib/thumb/v6-m\libg_nano.a(lib_a-reent.o)
                0x200004b0                errno
                0x200004b4                . = ALIGN (0x4)
                0x200004b4                __bss_end__ = .
                0x200004b4                __END_BSS = .

.heap           0x200004b4      0x204 load address 0x0000b344
                0x200004b8                . = ALIGN (0x8)
 *fill*         0x200004b4        0x4 
                0x200004b8                __end__ = .
                0x200004b8                PROVIDE (end, .)
                0x200004b8                __HeapBase = .
                0x200006b8                . = (. + HEAP_SIZE)
 *fill*         0x200004b8      0x200 
                0x200006b8                __HeapLimit = .

.stack          0x200006b8      0x100 load address 0x0000b548
                0x200006b8                . = ALIGN (0x8)
                0x200007b8                . = (. + STACK_SIZE)
 *fill*         0x200006b8      0x100 
                0x20001800                __StackTop = (ORIGIN (m_data) + LENGTH (m_data))
                0x20001700                __StackLimit = (__StackTop - STACK_SIZE)
                0x20001800                PROVIDE (__stack, __StackTop)

.ARM.attributes
                0x00000000       0x28
 *(.ARM.attributes)
 .ARM.attributes
                0x00000000       0x1e d:/ahl-gec-ide(4.11)/gcc/bin/../lib/gcc/arm-none-eabi/7.2.1/thumb/v6-m/crti.o
 .ARM.attributes
                0x0000001e       0x2c d:/ahl-gec-ide(4.11)/gcc/bin/../lib/gcc/arm-none-eabi/7.2.1/thumb/v6-m/crtbegin.o
 .ARM.attributes
                0x0000004a       0x32 ./obj/adc.o
 .ARM.attributes
                0x0000007c       0x32 ./obj/i2c.o
 .ARM.attributes
                0x000000ae       0x32 ./obj/system_MKL36Z4.o
 .ARM.attributes
                0x000000e0       0x32 ./obj/timer.o
 .ARM.attributes
                0x00000112       0x32 ./obj/tm1637.o
 .ARM.attributes
                0x00000144       0x32 ./obj/main.o
 .ARM.attributes
                0x00000176       0x32 ./obj/flash.o
 .ARM.attributes
                0x000001a8       0x32 ./obj/gpio.o
 .ARM.attributes
                0x000001da       0x32 ./obj/wdog.o
 .ARM.attributes
                0x0000020c       0x32 ./obj/spi.o
 .ARM.attributes
                0x0000023e       0x32 ./obj/adlx345.o
 .ARM.attributes
                0x00000270       0x32 ./obj/gec.o
 .ARM.attributes
                0x000002a2       0x32 ./obj/uart.o
 .ARM.attributes
                0x000002d4       0x32 ./obj/lcd.o
 .ARM.attributes
                0x00000306       0x32 ./obj/isr.o
 .ARM.attributes
                0x00000338       0x32 ./obj/printf.o
 .ARM.attributes
                0x0000036a       0x1b ./obj/startup_MKL36Z4.o
 .ARM.attributes
                0x00000385       0x1e d:/ahl-gec-ide(4.11)/gcc/bin/../lib/gcc/arm-none-eabi/7.2.1/thumb/v6-m\libgcc.a(_udivsi3.o)
 .ARM.attributes
                0x000003a3       0x1e d:/ahl-gec-ide(4.11)/gcc/bin/../lib/gcc/arm-none-eabi/7.2.1/thumb/v6-m\libgcc.a(_divsi3.o)
 .ARM.attributes
                0x000003c1       0x1e d:/ahl-gec-ide(4.11)/gcc/bin/../lib/gcc/arm-none-eabi/7.2.1/thumb/v6-m\libgcc.a(_dvmd_tls.o)
 .ARM.attributes
                0x000003df       0x1e d:/ahl-gec-ide(4.11)/gcc/bin/../lib/gcc/arm-none-eabi/7.2.1/thumb/v6-m\libgcc.a(_arm_cmpdf2.o)
 .ARM.attributes
                0x000003fd       0x1e d:/ahl-gec-ide(4.11)/gcc/bin/../lib/gcc/arm-none-eabi/7.2.1/thumb/v6-m\libgcc.a(_aeabi_uldivmod.o)
 .ARM.attributes
                0x0000041b       0x2c d:/ahl-gec-ide(4.11)/gcc/bin/../lib/gcc/arm-none-eabi/7.2.1/thumb/v6-m\libgcc.a(_fixunsdfsi.o)
 .ARM.attributes
                0x00000447       0x2c d:/ahl-gec-ide(4.11)/gcc/bin/../lib/gcc/arm-none-eabi/7.2.1/thumb/v6-m\libgcc.a(_fixunsdfdi.o)
 .ARM.attributes
                0x00000473       0x2c d:/ahl-gec-ide(4.11)/gcc/bin/../lib/gcc/arm-none-eabi/7.2.1/thumb/v6-m\libgcc.a(_udivmoddi4.o)
 .ARM.attributes
                0x0000049f       0x2c d:/ahl-gec-ide(4.11)/gcc/bin/../lib/gcc/arm-none-eabi/7.2.1/thumb/v6-m\libgcc.a(eqdf2.o)
 .ARM.attributes
                0x000004cb       0x2c d:/ahl-gec-ide(4.11)/gcc/bin/../lib/gcc/arm-none-eabi/7.2.1/thumb/v6-m\libgcc.a(gedf2.o)
 .ARM.attributes
                0x000004f7       0x2c d:/ahl-gec-ide(4.11)/gcc/bin/../lib/gcc/arm-none-eabi/7.2.1/thumb/v6-m\libgcc.a(ledf2.o)
 .ARM.attributes
                0x00000523       0x2c d:/ahl-gec-ide(4.11)/gcc/bin/../lib/gcc/arm-none-eabi/7.2.1/thumb/v6-m\libgcc.a(muldf3.o)
 .ARM.attributes
                0x0000054f       0x2c d:/ahl-gec-ide(4.11)/gcc/bin/../lib/gcc/arm-none-eabi/7.2.1/thumb/v6-m\libgcc.a(subdf3.o)
 .ARM.attributes
                0x0000057b       0x2c d:/ahl-gec-ide(4.11)/gcc/bin/../lib/gcc/arm-none-eabi/7.2.1/thumb/v6-m\libgcc.a(fixdfsi.o)
 .ARM.attributes
                0x000005a7       0x2c d:/ahl-gec-ide(4.11)/gcc/bin/../lib/gcc/arm-none-eabi/7.2.1/thumb/v6-m\libgcc.a(floatunsidf.o)
 .ARM.attributes
                0x000005d3       0x1e d:/ahl-gec-ide(4.11)/gcc/bin/../lib/gcc/arm-none-eabi/7.2.1/thumb/v6-m\libgcc.a(_clzsi2.o)
 .ARM.attributes
                0x000005f1       0x1e d:/ahl-gec-ide(4.11)/gcc/bin/../lib/gcc/arm-none-eabi/7.2.1/thumb/v6-m\libgcc.a(_clzdi2.o)
 .ARM.attributes
                0x0000060f       0x2c d:/ahl-gec-ide(4.11)/gcc/bin/../lib/gcc/arm-none-eabi/7.2.1/../../../../arm-none-eabi/lib/thumb/v6-m\libg_nano.a(lib_a-impure.o)
 .ARM.attributes
                0x0000063b       0x2c d:/ahl-gec-ide(4.11)/gcc/bin/../lib/gcc/arm-none-eabi/7.2.1/../../../../arm-none-eabi/lib/thumb/v6-m\libg_nano.a(lib_a-memcpy-stub.o)
 .ARM.attributes
                0x00000667       0x2c d:/ahl-gec-ide(4.11)/gcc/bin/../lib/gcc/arm-none-eabi/7.2.1/../../../../arm-none-eabi/lib/thumb/v6-m\libg_nano.a(lib_a-memset.o)
 .ARM.attributes
                0x00000693       0x2c d:/ahl-gec-ide(4.11)/gcc/bin/../lib/gcc/arm-none-eabi/7.2.1/../../../../arm-none-eabi/lib/thumb/v6-m\libg_nano.a(lib_a-sprintf.o)
 .ARM.attributes
                0x000006bf       0x1c d:/ahl-gec-ide(4.11)/gcc/bin/../lib/gcc/arm-none-eabi/7.2.1/../../../../arm-none-eabi/lib/thumb/v6-m\libg_nano.a(lib_a-strlen.o)
 .ARM.attributes
                0x000006db       0x2c d:/ahl-gec-ide(4.11)/gcc/bin/../lib/gcc/arm-none-eabi/7.2.1/../../../../arm-none-eabi/lib/thumb/v6-m\libg_nano.a(lib_a-nano-svfprintf.o)
 .ARM.attributes
                0x00000707       0x2c d:/ahl-gec-ide(4.11)/gcc/bin/../lib/gcc/arm-none-eabi/7.2.1/../../../../arm-none-eabi/lib/thumb/v6-m\libg_nano.a(lib_a-nano-vfprintf_i.o)
 .ARM.attributes
                0x00000733       0x2c d:/ahl-gec-ide(4.11)/gcc/bin/../lib/gcc/arm-none-eabi/7.2.1/../../../../arm-none-eabi/lib/thumb/v6-m\libg_nano.a(lib_a-memchr-stub.o)
 .ARM.attributes
                0x0000075f       0x2c d:/ahl-gec-ide(4.11)/gcc/bin/../lib/gcc/arm-none-eabi/7.2.1/../../../../arm-none-eabi/lib/thumb/v6-m\libg_nano.a(lib_a-memmove.o)
 .ARM.attributes
                0x0000078b       0x2c d:/ahl-gec-ide(4.11)/gcc/bin/../lib/gcc/arm-none-eabi/7.2.1/../../../../arm-none-eabi/lib/thumb/v6-m\libg_nano.a(lib_a-nano-freer.o)
 .ARM.attributes
                0x000007b7       0x2c d:/ahl-gec-ide(4.11)/gcc/bin/../lib/gcc/arm-none-eabi/7.2.1/../../../../arm-none-eabi/lib/thumb/v6-m\libg_nano.a(lib_a-nano-mallocr.o)
 .ARM.attributes
                0x000007e3       0x2c d:/ahl-gec-ide(4.11)/gcc/bin/../lib/gcc/arm-none-eabi/7.2.1/../../../../arm-none-eabi/lib/thumb/v6-m\libg_nano.a(lib_a-nano-reallocr.o)
 .ARM.attributes
                0x0000080f       0x2c d:/ahl-gec-ide(4.11)/gcc/bin/../lib/gcc/arm-none-eabi/7.2.1/../../../../arm-none-eabi/lib/thumb/v6-m\libg_nano.a(lib_a-sbrkr.o)
 .ARM.attributes
                0x0000083b       0x2c d:/ahl-gec-ide(4.11)/gcc/bin/../lib/gcc/arm-none-eabi/7.2.1/../../../../arm-none-eabi/lib/thumb/v6-m\libg_nano.a(lib_a-mlock.o)
 .ARM.attributes
                0x00000867       0x2c d:/ahl-gec-ide(4.11)/gcc/bin/../lib/gcc/arm-none-eabi/7.2.1/../../../../arm-none-eabi/lib/thumb/v6-m\libg_nano.a(lib_a-nano-msizer.o)
 .ARM.attributes
                0x00000893       0x2c d:/ahl-gec-ide(4.11)/gcc/bin/../lib/gcc/arm-none-eabi/7.2.1/../../../../arm-none-eabi/lib/thumb/v6-m\libg_nano.a(lib_a-reent.o)
 .ARM.attributes
                0x000008bf       0x2c d:/ahl-gec-ide(4.11)/gcc/bin/../lib/gcc/arm-none-eabi/7.2.1/../../../../arm-none-eabi/lib/thumb/v6-m\libnosys.a(sbrk.o)
 .ARM.attributes
                0x000008eb       0x1e d:/ahl-gec-ide(4.11)/gcc/bin/../lib/gcc/arm-none-eabi/7.2.1/thumb/v6-m/crtn.o
                0x00000001                ASSERT ((__StackLimit >= __HeapLimit), region m_data overflowed with stack and heap)
OUTPUT(LCD_KL36_20200912.elf elf32-littlearm)

.debug_info     0x00000000    0x11e91
 .debug_info    0x00000000      0xdb8 ./obj/adc.o
 .debug_info    0x00000db8     0x18dd ./obj/i2c.o
 .debug_info    0x00002695      0x402 ./obj/system_MKL36Z4.o
 .debug_info    0x00002a97      0xa03 ./obj/timer.o
 .debug_info    0x0000349a     0x1440 ./obj/tm1637.o
 .debug_info    0x000048da     0x198f ./obj/main.o
 .debug_info    0x00006269      0xf4b ./obj/flash.o
 .debug_info    0x000071b4     0x11e6 ./obj/gpio.o
 .debug_info    0x0000839a      0xaf5 ./obj/wdog.o
 .debug_info    0x00008e8f     0x10d7 ./obj/spi.o
 .debug_info    0x00009f66     0x17bb ./obj/adlx345.o
 .debug_info    0x0000b721     0x11bb ./obj/gec.o
 .debug_info    0x0000c8dc     0x13ea ./obj/uart.o
 .debug_info    0x0000dcc6     0x1c77 ./obj/lcd.o
 .debug_info    0x0000f93d     0x108e ./obj/isr.o
 .debug_info    0x000109cb     0x14a0 ./obj/printf.o
 .debug_info    0x00011e6b       0x26 ./obj/startup_MKL36Z4.o

.debug_abbrev   0x00000000     0x2cd0
 .debug_abbrev  0x00000000      0x257 ./obj/adc.o
 .debug_abbrev  0x00000257      0x3be ./obj/i2c.o
 .debug_abbrev  0x00000615       0xed ./obj/system_MKL36Z4.o
 .debug_abbrev  0x00000702      0x291 ./obj/timer.o
 .debug_abbrev  0x00000993      0x289 ./obj/tm1637.o
 .debug_abbrev  0x00000c1c      0x331 ./obj/main.o
 .debug_abbrev  0x00000f4d      0x363 ./obj/flash.o
 .debug_abbrev  0x000012b0      0x35a ./obj/gpio.o
 .debug_abbrev  0x0000160a      0x204 ./obj/wdog.o
 .debug_abbrev  0x0000180e      0x2fd ./obj/spi.o
 .debug_abbrev  0x00001b0b      0x30f ./obj/adlx345.o
 .debug_abbrev  0x00001e1a      0x24b ./obj/gec.o
 .debug_abbrev  0x00002065      0x399 ./obj/uart.o
 .debug_abbrev  0x000023fe      0x353 ./obj/lcd.o
 .debug_abbrev  0x00002751      0x24f ./obj/isr.o
 .debug_abbrev  0x000029a0      0x31c ./obj/printf.o
 .debug_abbrev  0x00002cbc       0x14 ./obj/startup_MKL36Z4.o

.debug_loc      0x00000000     0x46df
 .debug_loc     0x00000000      0x278 ./obj/adc.o
 .debug_loc     0x00000278      0x77f ./obj/i2c.o
 .debug_loc     0x000009f7      0x3d4 ./obj/timer.o
 .debug_loc     0x00000dcb      0x1d7 ./obj/tm1637.o
 .debug_loc     0x00000fa2       0xd8 ./obj/main.o
 .debug_loc     0x0000107a      0x63b ./obj/flash.o
 .debug_loc     0x000016b5      0x336 ./obj/gpio.o
 .debug_loc     0x000019eb       0x53 ./obj/wdog.o
 .debug_loc     0x00001a3e      0x3e2 ./obj/spi.o
 .debug_loc     0x00001e20      0x3c6 ./obj/adlx345.o
 .debug_loc     0x000021e6       0x14 ./obj/gec.o
 .debug_loc     0x000021fa      0x58a ./obj/uart.o
 .debug_loc     0x00002784      0xd13 ./obj/lcd.o
 .debug_loc     0x00003497       0x1e ./obj/isr.o
 .debug_loc     0x000034b5     0x122a ./obj/printf.o

.debug_aranges  0x00000000      0x5e8
 .debug_aranges
                0x00000000       0x40 ./obj/adc.o
 .debug_aranges
                0x00000040       0xc0 ./obj/i2c.o
 .debug_aranges
                0x00000100       0x20 ./obj/system_MKL36Z4.o
 .debug_aranges
                0x00000120       0x88 ./obj/timer.o
 .debug_aranges
                0x000001a8       0x50 ./obj/tm1637.o
 .debug_aranges
                0x000001f8       0x30 ./obj/main.o
 .debug_aranges
                0x00000228       0x70 ./obj/flash.o
 .debug_aranges
                0x00000298       0x78 ./obj/gpio.o
 .debug_aranges
                0x00000310       0x30 ./obj/wdog.o
 .debug_aranges
                0x00000340       0x50 ./obj/spi.o
 .debug_aranges
                0x00000390       0x68 ./obj/adlx345.o
 .debug_aranges
                0x000003f8       0x20 ./obj/gec.o
 .debug_aranges
                0x00000418       0x70 ./obj/uart.o
 .debug_aranges
                0x00000488       0xc0 ./obj/lcd.o
 .debug_aranges
                0x00000548       0x28 ./obj/isr.o
 .debug_aranges
                0x00000570       0x58 ./obj/printf.o
 .debug_aranges
                0x000005c8       0x20 ./obj/startup_MKL36Z4.o

.debug_ranges   0x00000000      0x4c8
 .debug_ranges  0x00000000       0x30 ./obj/adc.o
 .debug_ranges  0x00000030       0xb0 ./obj/i2c.o
 .debug_ranges  0x000000e0       0x10 ./obj/system_MKL36Z4.o
 .debug_ranges  0x000000f0       0x78 ./obj/timer.o
 .debug_ranges  0x00000168       0x40 ./obj/tm1637.o
 .debug_ranges  0x000001a8       0x20 ./obj/main.o
 .debug_ranges  0x000001c8       0x60 ./obj/flash.o
 .debug_ranges  0x00000228       0x68 ./obj/gpio.o
 .debug_ranges  0x00000290       0x20 ./obj/wdog.o
 .debug_ranges  0x000002b0       0x40 ./obj/spi.o
 .debug_ranges  0x000002f0       0x58 ./obj/adlx345.o
 .debug_ranges  0x00000348       0x10 ./obj/gec.o
 .debug_ranges  0x00000358       0x60 ./obj/uart.o
 .debug_ranges  0x000003b8       0xb0 ./obj/lcd.o
 .debug_ranges  0x00000468       0x18 ./obj/isr.o
 .debug_ranges  0x00000480       0x48 ./obj/printf.o

.debug_macro    0x00000000    0x102e1
 .debug_macro   0x00000000      0x193 ./obj/adc.o
 .debug_macro   0x00000193      0xafc ./obj/adc.o
 .debug_macro   0x00000c8f       0x16 ./obj/adc.o
 .debug_macro   0x00000ca5       0x22 ./obj/adc.o
 .debug_macro   0x00000cc7       0x4f ./obj/adc.o
 .debug_macro   0x00000d16       0x51 ./obj/adc.o
 .debug_macro   0x00000d67       0xef ./obj/adc.o
 .debug_macro   0x00000e56       0x6a ./obj/adc.o
 .debug_macro   0x00000ec0      0x1df ./obj/adc.o
 .debug_macro   0x0000109f       0x39 ./obj/adc.o
 .debug_macro   0x000010d8       0x3a ./obj/adc.o
 .debug_macro   0x00001112       0x26 ./obj/adc.o
 .debug_macro   0x00001138      0x306 ./obj/adc.o
 .debug_macro   0x0000143e     0xc3a9 ./obj/adc.o
 .debug_macro   0x0000d7e7       0x34 ./obj/adc.o
 .debug_macro   0x0000d81b       0x46 ./obj/adc.o
 .debug_macro   0x0000d861       0x58 ./obj/adc.o
 .debug_macro   0x0000d8b9       0x17 ./obj/adc.o
 .debug_macro   0x0000d8d0       0x35 ./obj/adc.o
 .debug_macro   0x0000d905       0x9c ./obj/adc.o
 .debug_macro   0x0000d9a1      0x16d ./obj/adc.o
 .debug_macro   0x0000db0e       0x58 ./obj/adc.o
 .debug_macro   0x0000db66       0x1f ./obj/adc.o
 .debug_macro   0x0000db85       0x43 ./obj/adc.o
 .debug_macro   0x0000dbc8       0x20 ./obj/adc.o
 .debug_macro   0x0000dbe8      0x18e ./obj/adc.o
 .debug_macro   0x0000dd76      0x353 ./obj/adc.o
 .debug_macro   0x0000e0c9       0x10 ./obj/adc.o
 .debug_macro   0x0000e0d9       0x35 ./obj/adc.o
 .debug_macro   0x0000e10e       0x94 ./obj/adc.o
 .debug_macro   0x0000e1a2      0x188 ./obj/i2c.o
 .debug_macro   0x0000e32a       0x52 ./obj/i2c.o
 .debug_macro   0x0000e37c       0x55 ./obj/i2c.o
 .debug_macro   0x0000e3d1       0x57 ./obj/i2c.o
 .debug_macro   0x0000e428       0xa0 ./obj/system_MKL36Z4.o
 .debug_macro   0x0000e4c8       0x4b ./obj/system_MKL36Z4.o
 .debug_macro   0x0000e513       0xe6 ./obj/timer.o
 .debug_macro   0x0000e5f9       0x2e ./obj/timer.o
 .debug_macro   0x0000e627      0x24e ./obj/tm1637.o
 .debug_macro   0x0000e875       0x28 ./obj/tm1637.o
 .debug_macro   0x0000e89d       0x9a ./obj/tm1637.o
 .debug_macro   0x0000e937       0x6a ./obj/tm1637.o
 .debug_macro   0x0000e9a1       0x22 ./obj/tm1637.o
 .debug_macro   0x0000e9c3       0x9a ./obj/tm1637.o
 .debug_macro   0x0000ea5d       0x34 ./obj/tm1637.o
 .debug_macro   0x0000ea91       0x58 ./obj/tm1637.o
 .debug_macro   0x0000eae9       0x16 ./obj/tm1637.o
 .debug_macro   0x0000eaff       0xce ./obj/tm1637.o
 .debug_macro   0x0000ebcd       0xbe ./obj/tm1637.o
 .debug_macro   0x0000ec8b       0xde ./obj/tm1637.o
 .debug_macro   0x0000ed69       0x22 ./obj/tm1637.o
 .debug_macro   0x0000ed8b      0x24a ./obj/main.o
 .debug_macro   0x0000efd5      0x193 ./obj/flash.o
 .debug_macro   0x0000f168       0x64 ./obj/flash.o
 .debug_macro   0x0000f1cc      0x193 ./obj/gpio.o
 .debug_macro   0x0000f35f       0x52 ./obj/gpio.o
 .debug_macro   0x0000f3b1      0x193 ./obj/wdog.o
 .debug_macro   0x0000f544       0x1c ./obj/wdog.o
 .debug_macro   0x0000f560      0x1a2 ./obj/spi.o
 .debug_macro   0x0000f702      0x25e ./obj/adlx345.o
 .debug_macro   0x0000f960      0x244 ./obj/gec.o
 .debug_macro   0x0000fba4      0x193 ./obj/uart.o
 .debug_macro   0x0000fd37      0x1c4 ./obj/lcd.o
 .debug_macro   0x0000fefb      0x244 ./obj/isr.o
 .debug_macro   0x0001013f      0x1a2 ./obj/printf.o

.debug_line     0x00000000     0x59dc
 .debug_line    0x00000000      0x473 ./obj/adc.o
 .debug_line    0x00000473      0x60d ./obj/i2c.o
 .debug_line    0x00000a80      0x2b2 ./obj/system_MKL36Z4.o
 .debug_line    0x00000d32      0x4a5 ./obj/timer.o
 .debug_line    0x000011d7      0x6a8 ./obj/tm1637.o
 .debug_line    0x0000187f      0x666 ./obj/main.o
 .debug_line    0x00001ee5      0x574 ./obj/flash.o
 .debug_line    0x00002459      0x51a ./obj/gpio.o
 .debug_line    0x00002973      0x415 ./obj/wdog.o
 .debug_line    0x00002d88      0x539 ./obj/spi.o
 .debug_line    0x000032c1      0x6c8 ./obj/adlx345.o
 .debug_line    0x00003989      0x5e6 ./obj/gec.o
 .debug_line    0x00003f6f      0x593 ./obj/uart.o
 .debug_line    0x00004502      0x7c5 ./obj/lcd.o
 .debug_line    0x00004cc7      0x5f0 ./obj/isr.o
 .debug_line    0x000052b7      0x6b7 ./obj/printf.o
 .debug_line    0x0000596e       0x6e ./obj/startup_MKL36Z4.o

.debug_str      0x00000000    0x4ff58
 .debug_str     0x00000000    0x4dedf ./obj/adc.o
                              0x4e3db (size before relaxing)
 .debug_str     0x0004dedf      0x3c4 ./obj/i2c.o
                              0x4e4dc (size before relaxing)
 .debug_str     0x0004e2a3       0x5c ./obj/system_MKL36Z4.o
                              0x4adff (size before relaxing)
 .debug_str     0x0004e2ff      0x225 ./obj/timer.o
                              0x4b4c8 (size before relaxing)
 .debug_str     0x0004e524      0xfd9 ./obj/tm1637.o
                              0x4f2b4 (size before relaxing)
 .debug_str     0x0004f4fd      0x171 ./obj/main.o
                              0x4f387 (size before relaxing)
 .debug_str     0x0004f66e      0x1e6 ./obj/flash.o
                              0x4e2ed (size before relaxing)
 .debug_str     0x0004f854      0x113 ./obj/gpio.o
                              0x4e475 (size before relaxing)
 .debug_str     0x0004f967       0x1e ./obj/wdog.o
                              0x4e127 (size before relaxing)
 .debug_str     0x0004f985       0xc5 ./obj/spi.o
                              0x4e494 (size before relaxing)
 .debug_str     0x0004fa4a       0xd0 ./obj/adlx345.o
                              0x4f560 (size before relaxing)
 .debug_str     0x0004fb1a       0x51 ./obj/gec.o
                              0x4f292 (size before relaxing)
 .debug_str     0x0004fb6b       0xdd ./obj/uart.o
                              0x4e49b (size before relaxing)
 .debug_str     0x0004fc48      0x19a ./obj/lcd.o
                              0x4e591 (size before relaxing)
 .debug_str     0x0004fde2        0xb ./obj/isr.o
                              0x4f24a (size before relaxing)
 .debug_str     0x0004fded      0x145 ./obj/printf.o
                              0x4e468 (size before relaxing)
 .debug_str     0x0004ff32       0x26 ./obj/startup_MKL36Z4.o
                                 0x7b (size before relaxing)

.comment        0x00000000       0x7e
 .comment       0x00000000       0x7e ./obj/adc.o
                                 0x7f (size before relaxing)
 .comment       0x0000007e       0x7f ./obj/i2c.o
 .comment       0x0000007e       0x7f ./obj/system_MKL36Z4.o
 .comment       0x0000007e       0x7f ./obj/timer.o
 .comment       0x0000007e       0x7f ./obj/tm1637.o
 .comment       0x0000007e       0x7f ./obj/main.o
 .comment       0x0000007e       0x7f ./obj/flash.o
 .comment       0x0000007e       0x7f ./obj/gpio.o
 .comment       0x0000007e       0x7f ./obj/wdog.o
 .comment       0x0000007e       0x7f ./obj/spi.o
 .comment       0x0000007e       0x7f ./obj/adlx345.o
 .comment       0x0000007e       0x7f ./obj/gec.o
 .comment       0x0000007e       0x7f ./obj/uart.o
 .comment       0x0000007e       0x7f ./obj/lcd.o
 .comment       0x0000007e       0x7f ./obj/isr.o
 .comment       0x0000007e       0x7f ./obj/printf.o

.debug_frame    0x00000000     0x134c
 .debug_frame   0x00000000       0x80 ./obj/adc.o
 .debug_frame   0x00000080      0x1b4 ./obj/i2c.o
 .debug_frame   0x00000234       0x20 ./obj/system_MKL36Z4.o
 .debug_frame   0x00000254      0x130 ./obj/timer.o
 .debug_frame   0x00000384       0xc0 ./obj/tm1637.o
 .debug_frame   0x00000444       0x58 ./obj/main.o
 .debug_frame   0x0000049c       0xf8 ./obj/flash.o
 .debug_frame   0x00000594      0x154 ./obj/gpio.o
 .debug_frame   0x000006e8       0x40 ./obj/wdog.o
 .debug_frame   0x00000728       0xa0 ./obj/spi.o
 .debug_frame   0x000007c8       0xe8 ./obj/adlx345.o
 .debug_frame   0x000008b0       0x2c ./obj/gec.o
 .debug_frame   0x000008dc      0x134 ./obj/uart.o
 .debug_frame   0x00000a10      0x294 ./obj/lcd.o
 .debug_frame   0x00000ca4       0x44 ./obj/isr.o
 .debug_frame   0x00000ce8      0x110 ./obj/printf.o
 .debug_frame   0x00000df8       0x20 d:/ahl-gec-ide(4.11)/gcc/bin/../lib/gcc/arm-none-eabi/7.2.1/thumb/v6-m\libgcc.a(_udivsi3.o)
 .debug_frame   0x00000e18       0x20 d:/ahl-gec-ide(4.11)/gcc/bin/../lib/gcc/arm-none-eabi/7.2.1/thumb/v6-m\libgcc.a(_divsi3.o)
 .debug_frame   0x00000e38       0x2c d:/ahl-gec-ide(4.11)/gcc/bin/../lib/gcc/arm-none-eabi/7.2.1/thumb/v6-m\libgcc.a(_fixunsdfsi.o)
 .debug_frame   0x00000e64       0x2c d:/ahl-gec-ide(4.11)/gcc/bin/../lib/gcc/arm-none-eabi/7.2.1/thumb/v6-m\libgcc.a(_fixunsdfdi.o)
 .debug_frame   0x00000e90       0x3c d:/ahl-gec-ide(4.11)/gcc/bin/../lib/gcc/arm-none-eabi/7.2.1/thumb/v6-m\libgcc.a(_udivmoddi4.o)
 .debug_frame   0x00000ecc       0x38 d:/ahl-gec-ide(4.11)/gcc/bin/../lib/gcc/arm-none-eabi/7.2.1/thumb/v6-m\libgcc.a(eqdf2.o)
 .debug_frame   0x00000f04       0x38 d:/ahl-gec-ide(4.11)/gcc/bin/../lib/gcc/arm-none-eabi/7.2.1/thumb/v6-m\libgcc.a(gedf2.o)
 .debug_frame   0x00000f3c       0x38 d:/ahl-gec-ide(4.11)/gcc/bin/../lib/gcc/arm-none-eabi/7.2.1/thumb/v6-m\libgcc.a(ledf2.o)
 .debug_frame   0x00000f74       0x3c d:/ahl-gec-ide(4.11)/gcc/bin/../lib/gcc/arm-none-eabi/7.2.1/thumb/v6-m\libgcc.a(muldf3.o)
 .debug_frame   0x00000fb0       0x3c d:/ahl-gec-ide(4.11)/gcc/bin/../lib/gcc/arm-none-eabi/7.2.1/thumb/v6-m\libgcc.a(subdf3.o)
 .debug_frame   0x00000fec       0x2c d:/ahl-gec-ide(4.11)/gcc/bin/../lib/gcc/arm-none-eabi/7.2.1/thumb/v6-m\libgcc.a(fixdfsi.o)
 .debug_frame   0x00001018       0x28 d:/ahl-gec-ide(4.11)/gcc/bin/../lib/gcc/arm-none-eabi/7.2.1/thumb/v6-m\libgcc.a(floatunsidf.o)
 .debug_frame   0x00001040       0x28 d:/ahl-gec-ide(4.11)/gcc/bin/../lib/gcc/arm-none-eabi/7.2.1/../../../../arm-none-eabi/lib/thumb/v6-m\libg_nano.a(lib_a-memcpy-stub.o)
 .debug_frame   0x00001068       0x20 d:/ahl-gec-ide(4.11)/gcc/bin/../lib/gcc/arm-none-eabi/7.2.1/../../../../arm-none-eabi/lib/thumb/v6-m\libg_nano.a(lib_a-memset.o)
 .debug_frame   0x00001088       0x48 d:/ahl-gec-ide(4.11)/gcc/bin/../lib/gcc/arm-none-eabi/7.2.1/../../../../arm-none-eabi/lib/thumb/v6-m\libg_nano.a(lib_a-sprintf.o)
 .debug_frame   0x000010d0       0x74 d:/ahl-gec-ide(4.11)/gcc/bin/../lib/gcc/arm-none-eabi/7.2.1/../../../../arm-none-eabi/lib/thumb/v6-m\libg_nano.a(lib_a-nano-svfprintf.o)
 .debug_frame   0x00001144       0x54 d:/ahl-gec-ide(4.11)/gcc/bin/../lib/gcc/arm-none-eabi/7.2.1/../../../../arm-none-eabi/lib/thumb/v6-m\libg_nano.a(lib_a-nano-vfprintf_i.o)
 .debug_frame   0x00001198       0x20 d:/ahl-gec-ide(4.11)/gcc/bin/../lib/gcc/arm-none-eabi/7.2.1/../../../../arm-none-eabi/lib/thumb/v6-m\libg_nano.a(lib_a-memchr-stub.o)
 .debug_frame   0x000011b8       0x28 d:/ahl-gec-ide(4.11)/gcc/bin/../lib/gcc/arm-none-eabi/7.2.1/../../../../arm-none-eabi/lib/thumb/v6-m\libg_nano.a(lib_a-memmove.o)
 .debug_frame   0x000011e0       0x2c d:/ahl-gec-ide(4.11)/gcc/bin/../lib/gcc/arm-none-eabi/7.2.1/../../../../arm-none-eabi/lib/thumb/v6-m\libg_nano.a(lib_a-nano-freer.o)
 .debug_frame   0x0000120c       0x2c d:/ahl-gec-ide(4.11)/gcc/bin/../lib/gcc/arm-none-eabi/7.2.1/../../../../arm-none-eabi/lib/thumb/v6-m\libg_nano.a(lib_a-nano-mallocr.o)
 .debug_frame   0x00001238       0x30 d:/ahl-gec-ide(4.11)/gcc/bin/../lib/gcc/arm-none-eabi/7.2.1/../../../../arm-none-eabi/lib/thumb/v6-m\libg_nano.a(lib_a-nano-reallocr.o)
 .debug_frame   0x00001268       0x2c d:/ahl-gec-ide(4.11)/gcc/bin/../lib/gcc/arm-none-eabi/7.2.1/../../../../arm-none-eabi/lib/thumb/v6-m\libg_nano.a(lib_a-sbrkr.o)
 .debug_frame   0x00001294       0x30 d:/ahl-gec-ide(4.11)/gcc/bin/../lib/gcc/arm-none-eabi/7.2.1/../../../../arm-none-eabi/lib/thumb/v6-m\libg_nano.a(lib_a-mlock.o)
 .debug_frame   0x000012c4       0x20 d:/ahl-gec-ide(4.11)/gcc/bin/../lib/gcc/arm-none-eabi/7.2.1/../../../../arm-none-eabi/lib/thumb/v6-m\libg_nano.a(lib_a-nano-msizer.o)
 .debug_frame   0x000012e4       0x48 d:/ahl-gec-ide(4.11)/gcc/bin/../lib/gcc/arm-none-eabi/7.2.1/../../../../arm-none-eabi/lib/thumb/v6-m\libg_nano.a(lib_a-reent.o)
 .debug_frame   0x0000132c       0x20 d:/ahl-gec-ide(4.11)/gcc/bin/../lib/gcc/arm-none-eabi/7.2.1/../../../../arm-none-eabi/lib/thumb/v6-m\libnosys.a(sbrk.o)
